../Core/Src/main.c:78:1:__io_putchar	16	static
../Core/Src/main.c:89:5:main	56	static
../Core/Src/main.c:167:6:SystemClock_Config	72	static
../Core/Src/main.c:207:13:MX_USART1_UART_Init	8	static
../Core/Src/main.c:240:13:MX_GPIO_Init	40	static
../Core/Src/main.c:268:6:LED_Task	16	static
../Core/Src/main.c:277:6:Print_Task	16	static
../Core/Src/main.c:294:6:StartDefaultTask	16	static
../Core/Src/main.c:313:6:HAL_TIM_PeriodElapsedCallback	16	static
../Core/Src/main.c:331:6:Error_Handler	4	static,ignoring_inline_asm
