2025-03-28 21:21:03,399 [INFO] Activator:176 - 


2025-03-28 21:21:03,408 [INFO] Activator:177 - !SESSION log4j initialized
2025-03-28 21:21:11,786 [INFO] LogOutputStream:77 - [STDOUT_REDIRECT] 
2025-03-28 21:21:14,709 [INFO] ApplicationProperties:184 - Using Application install path: C:\ST\STM32CubeIDE_1.16.1\STM32CubeIDE\plugins\com.st.stm32cube.common.mx_6.12.1.202409122256
2025-03-28 21:21:14,734 [INFO] DbMcusXml:78 - Set database path to: C:\ST\STM32CubeIDE_1.16.1\STM32CubeIDE\plugins\com.st.stm32cube.common.mx_6.12.1.202409122256\\db\/mcu/
2025-03-28 21:21:14,735 [INFO] ApiDb:274 - Set plugin database path to: C:\ST\STM32CubeIDE_1.16.1\STM32CubeIDE\plugins\com.st.stm32cube.common.mx_6.12.1.202409122256\\db\/plugins/boardmanager/
2025-03-28 21:21:14,735 [WARN] ApiDb:259 - Overriding images path with different value:  => C:\ST\STM32CubeIDE_1.16.1\STM32CubeIDE\plugins\com.st.stm32cube.common.mx_6.12.1.202409122256\\db\/plugins/mcufinder/images/
2025-03-28 21:21:14,760 [INFO] ApiDb:250 - Set database path to: C:\Users\PCHP\.stmcufinder\plugins\mcufinder//mcu/
2025-03-28 21:21:14,762 [INFO] DbMcusAds:125 - Set database path to: C:\Users\PCHP\.stmcufinder\plugins\mcufinder//mcu/
2025-03-28 21:21:14,766 [INFO] CrossReferenceDbSqlite:203 - Set database path to: C:\Users\PCHP\.stmcufinder\plugins\mcufinder//mcu/cs/
2025-03-28 21:21:14,921 [INFO] RulesReader:64 - Compatibility file has been processed (297 Rules)
2025-03-28 21:21:15,071 [INFO] DbMcusXml:78 - Set database path to: C:\ST\STM32CubeIDE_1.16.1\STM32CubeIDE\plugins\com.st.stm32cube.common.mx_6.12.1.202409122256\\db\/mcu/
2025-03-28 21:21:15,071 [INFO] ApiDb:274 - Set plugin database path to: C:\ST\STM32CubeIDE_1.16.1\STM32CubeIDE\plugins\com.st.stm32cube.common.mx_6.12.1.202409122256\\db\/plugins/boardmanager/
2025-03-28 21:21:15,071 [INFO] ApiDb:261 - Set plugin images path to: C:\ST\STM32CubeIDE_1.16.1\STM32CubeIDE\plugins\com.st.stm32cube.common.mx_6.12.1.202409122256\\db\/plugins/mcufinder/images/
2025-03-28 21:21:15,072 [WARN] DbFile:41 - Overriding database path with different value: C:\Users\PCHP\.stmcufinder\plugins\mcufinder/ => C:\Users\PCHP\.stmcufinder\plugins\mcufinder
2025-03-28 21:21:15,072 [INFO] ApiDb:250 - Set database path to: C:\Users\PCHP\.stmcufinder\plugins\mcufinder//mcu/
2025-03-28 21:21:15,072 [WARN] DbFile:41 - Overriding database path with different value: C:\Users\PCHP\.stmcufinder\plugins\mcufinder/ => C:\Users\PCHP\.stmcufinder\plugins\mcufinder
2025-03-28 21:21:15,072 [INFO] DbMcusAds:125 - Set database path to: C:\Users\PCHP\.stmcufinder\plugins\mcufinder//mcu/
2025-03-28 21:21:15,072 [WARN] DbFile:41 - Overriding database path with different value: C:\Users\PCHP\.stmcufinder\plugins\mcufinder/ => C:\Users\PCHP\.stmcufinder\plugins\mcufinder
2025-03-28 21:21:15,072 [WARN] DbFile:41 - Overriding database path with different value: C:\Users\PCHP\.stmcufinder\plugins\mcufinder/ => C:\Users\PCHP\.stmcufinder\plugins\mcufinder
2025-03-28 21:21:15,072 [INFO] CrossReferenceDbSqlite:203 - Set database path to: C:\Users\PCHP\.stmcufinder\plugins\mcufinder//mcu/cs/
2025-03-28 21:21:15,211 [INFO] MainPanel:268 - HeapMemory: 268435456
2025-03-28 21:21:15,403 [INFO] DbMcusXml:78 - Set database path to: C:\ST\STM32CubeIDE_1.16.1\STM32CubeIDE\plugins\com.st.stm32cube.common.mx_6.12.1.202409122256\\db\/mcu/
2025-03-28 21:21:15,403 [INFO] ApiDb:274 - Set plugin database path to: C:\ST\STM32CubeIDE_1.16.1\STM32CubeIDE\plugins\com.st.stm32cube.common.mx_6.12.1.202409122256\\db\/plugins/boardmanager/
2025-03-28 21:21:15,404 [INFO] ApiDb:261 - Set plugin images path to: C:\ST\STM32CubeIDE_1.16.1\STM32CubeIDE\plugins\com.st.stm32cube.common.mx_6.12.1.202409122256\\db\/plugins/mcufinder/images/
2025-03-28 21:21:15,404 [WARN] DbFile:41 - Overriding database path with different value: C:\Users\PCHP\.stmcufinder\plugins\mcufinder/ => C:\Users\PCHP\.stmcufinder\plugins\mcufinder
2025-03-28 21:21:15,404 [INFO] ApiDb:250 - Set database path to: C:\Users\PCHP\.stmcufinder\plugins\mcufinder//mcu/
2025-03-28 21:21:15,404 [WARN] DbFile:41 - Overriding database path with different value: C:\Users\PCHP\.stmcufinder\plugins\mcufinder/ => C:\Users\PCHP\.stmcufinder\plugins\mcufinder
2025-03-28 21:21:15,405 [INFO] DbMcusAds:125 - Set database path to: C:\Users\PCHP\.stmcufinder\plugins\mcufinder//mcu/
2025-03-28 21:21:15,405 [WARN] DbFile:41 - Overriding database path with different value: C:\Users\PCHP\.stmcufinder\plugins\mcufinder/ => C:\Users\PCHP\.stmcufinder\plugins\mcufinder
2025-03-28 21:21:15,405 [WARN] DbFile:41 - Overriding database path with different value: C:\Users\PCHP\.stmcufinder\plugins\mcufinder/ => C:\Users\PCHP\.stmcufinder\plugins\mcufinder
2025-03-28 21:21:15,405 [INFO] CrossReferenceDbSqlite:203 - Set database path to: C:\Users\PCHP\.stmcufinder\plugins\mcufinder//mcu/cs/
2025-03-28 21:21:15,433 [INFO] ApplicationProperties:184 - Using Application install path: C:\ST\STM32CubeIDE_1.16.1\STM32CubeIDE\plugins\com.st.stm32cube.common.mx_6.12.1.202409122256
2025-03-28 21:21:15,436 [INFO] PluginManage:196 - Search for loadable plugins [exclusion list=, ]
2025-03-28 21:21:15,438 [INFO] PluginManage:310 - Check plugin analytics
2025-03-28 21:21:15,672 [INFO] AnalyticsPlugin:253 - Accepted Software Licenses: STM32CubeMX.6.12.1
2025-03-28 21:21:15,672 [INFO] AnalyticsPlugin:255 - Accepted CMSIS Pack Licenses: 
2025-03-28 21:21:15,674 [INFO] AnalyticsPlugin:257 - Accepted Firmware Licenses: FW.F4.1.28.0
2025-03-28 21:21:15,677 [INFO] PluginManage:359 - Loaded plugin analytics (category:tool,tabindex:-1)
2025-03-28 21:21:15,678 [INFO] PluginManage:310 - Check plugin cadmodel
2025-03-28 21:21:15,701 [INFO] CADModel:105 - Init CAD model plugin
2025-03-28 21:21:15,701 [INFO] PluginManage:359 - Loaded plugin cadmodel (category:power,tabindex:5)
2025-03-28 21:21:15,702 [INFO] PluginManage:310 - Check plugin clock
2025-03-28 21:21:15,748 [INFO] PluginManage:359 - Loaded plugin clock (category:base,tabindex:2)
2025-03-28 21:21:15,748 [INFO] PluginManage:310 - Check plugin ddr
2025-03-28 21:21:15,752 [INFO] PluginManage:359 - Loaded plugin ddr (category:tool,tabindex:6)
2025-03-28 21:21:15,752 [INFO] PluginManage:310 - Check plugin filemanager
2025-03-28 21:21:15,952 [INFO] PluginManage:359 - Loaded plugin filemanager (category:base,tabindex:10)
2025-03-28 21:21:15,954 [INFO] PluginManage:310 - Check plugin ipmanager
2025-03-28 21:21:15,963 [INFO] PluginManage:359 - Loaded plugin ipmanager (category:base,tabindex:5)
2025-03-28 21:21:15,964 [INFO] PluginManage:310 - Check plugin lpbam
2025-03-28 21:21:15,993 [INFO] PluginManage:359 - Loaded plugin lpbam (category:base,tabindex:0)
2025-03-28 21:21:15,993 [INFO] PluginManage:310 - Check plugin memorymap
2025-03-28 21:21:16,049 [INFO] PluginManage:359 - Loaded plugin memorymap (category:base,tabindex:4)
2025-03-28 21:21:16,049 [INFO] PluginManage:310 - Check plugin pinoutandconfiguration
2025-03-28 21:21:16,080 [INFO] PluginManage:359 - Loaded plugin pinoutandconfiguration (category:base,tabindex:1)
2025-03-28 21:21:16,080 [INFO] PluginManage:310 - Check plugin pinoutconfig
2025-03-28 21:21:16,216 [WARN] SupportedApi:132 - Cannot load RTOS API schema: s4s-elt-must-match.1: The content of 'definitions' must match (annotation?, (simpleType | complexType)?, (unique | key | keyref)*)). A problem was found starting at: attribute.
2025-03-28 21:21:16,400 [INFO] PluginManage:359 - Loaded plugin pinoutconfig (category:base,tabindex:0)
2025-03-28 21:21:16,400 [INFO] PluginManage:310 - Check plugin power
2025-03-28 21:21:16,436 [INFO] PluginManage:359 - Loaded plugin power (category:power,tabindex:4)
2025-03-28 21:21:16,436 [INFO] PluginManage:310 - Check plugin projectmanager
2025-03-28 21:21:16,458 [INFO] PluginManage:359 - Loaded plugin projectmanager (category:projectmanager,tabindex:4)
2025-03-28 21:21:16,458 [INFO] PluginManage:310 - Check plugin rif
2025-03-28 21:21:16,487 [INFO] PluginManage:359 - Loaded plugin rif (category:base,tabindex:3)
2025-03-28 21:21:16,487 [INFO] PluginManage:310 - Check plugin thirdparty
2025-03-28 21:21:16,907 [INFO] PluginManage:359 - Loaded plugin thirdparty (category:base,tabindex:-1)
2025-03-28 21:21:16,907 [INFO] PluginManage:310 - Check plugin tools
2025-03-28 21:21:16,907 [WARN] IntegrityCheckThread:84 - waiting for thirdparty lock release [integrity check]
2025-03-28 21:21:16,908 [INFO] IntegrityCheckThread:86 - entering critical section [integrity check]
2025-03-28 21:21:16,909 [INFO] ThirdPartyUpdaterWithRetryManager:70 - Updater plugin not ready yet. [1/15]
2025-03-28 21:21:16,994 [INFO] PluginManage:359 - Loaded plugin tools (category:base,tabindex:7)
2025-03-28 21:21:16,994 [INFO] PluginManage:310 - Check plugin tutovideos
2025-03-28 21:21:17,286 [INFO] PluginManage:359 - Loaded plugin tutovideos (category:base,tabindex:-1)
2025-03-28 21:21:17,286 [INFO] PluginManage:310 - Check plugin updater
2025-03-28 21:21:17,310 [INFO] PluginManage:359 - Loaded plugin updater (category:base,tabindex:12)
2025-03-28 21:21:17,310 [INFO] PluginManage:310 - Check plugin userauth
2025-03-28 21:21:17,318 [INFO] UserAuth:113 - Init User Auth plugin
2025-03-28 21:21:17,319 [INFO] PluginManage:359 - Loaded plugin userauth (category:base,tabindex:14)
2025-03-28 21:21:17,319 [INFO] PluginManage:283 - PluginManage : Loaded plugins [18]
2025-03-28 21:21:18,153 [INFO] PinOutPanel:1561 - setPackage(No Configuration,No Configuration)
2025-03-28 21:21:18,374 [INFO] CADModel:165 - CPN selected for project level
2025-03-28 21:21:18,374 [INFO] CADModel:114 - Register for checkConnection events
2025-03-28 21:21:18,441 [INFO] IPUIPlugin:80 - create IPUIPlugin
2025-03-28 21:21:18,441 [INFO] PluginManager:220 - loadIPPluginJar : add adc
2025-03-28 21:21:18,588 [INFO] IPUIPlugin:80 - create IPUIPlugin
2025-03-28 21:21:18,588 [INFO] PluginManager:220 - loadIPPluginJar : add aes
2025-03-28 21:21:18,765 [INFO] IPUIPlugin:80 - create IPUIPlugin
2025-03-28 21:21:18,765 [INFO] PluginManager:220 - loadIPPluginJar : add can
2025-03-28 21:21:18,886 [INFO] IPUIPlugin:80 - create IPUIPlugin
2025-03-28 21:21:18,886 [INFO] PluginManager:220 - loadIPPluginJar : add comp
2025-03-28 21:21:19,037 [INFO] IPUIPlugin:80 - create IPUIPlugin
2025-03-28 21:21:19,038 [INFO] PluginManager:220 - loadIPPluginJar : add cryp
2025-03-28 21:21:19,091 [INFO] IPUIPlugin:80 - create IPUIPlugin
2025-03-28 21:21:19,091 [INFO] PluginManager:220 - loadIPPluginJar : add ddr_ctrl_phy
2025-03-28 21:21:19,232 [INFO] IPUIPlugin:80 - create IPUIPlugin
2025-03-28 21:21:19,232 [INFO] PluginManager:220 - loadIPPluginJar : add dfsdm
2025-03-28 21:21:19,281 [INFO] IPUIPlugin:80 - create IPUIPlugin
2025-03-28 21:21:19,283 [INFO] PluginManager:220 - loadIPPluginJar : add dma
2025-03-28 21:21:19,490 [INFO] IPUIPlugin:80 - create IPUIPlugin
2025-03-28 21:21:19,491 [INFO] PluginManager:220 - loadIPPluginJar : add dma3
2025-03-28 21:21:19,681 [INFO] IPUIPlugin:80 - create IPUIPlugin
2025-03-28 21:21:19,681 [INFO] PluginManager:220 - loadIPPluginJar : add extmemmanager
2025-03-28 21:21:19,758 [INFO] IPUIPlugin:80 - create IPUIPlugin
2025-03-28 21:21:19,758 [INFO] PluginManager:220 - loadIPPluginJar : add fatfs
2025-03-28 21:21:19,911 [INFO] ThirdPartyUpdaterWithRetryManager:70 - Updater plugin not ready yet. [2/15]
2025-03-28 21:21:19,947 [INFO] IPUIPlugin:80 - create IPUIPlugin
2025-03-28 21:21:19,948 [INFO] PluginManager:220 - loadIPPluginJar : add fmc
2025-03-28 21:21:20,017 [INFO] IPUIPlugin:80 - create IPUIPlugin
2025-03-28 21:21:20,018 [INFO] PluginManager:220 - loadIPPluginJar : add freertos
2025-03-28 21:21:20,104 [INFO] IPUIPlugin:80 - create IPUIPlugin
2025-03-28 21:21:20,104 [INFO] PluginManager:220 - loadIPPluginJar : add genericplugin
2025-03-28 21:21:20,484 [INFO] IPUIPlugin:80 - create IPUIPlugin
2025-03-28 21:21:20,484 [INFO] PluginManager:220 - loadIPPluginJar : add gfxmmu
2025-03-28 21:21:21,032 [INFO] IPUIPlugin:80 - create IPUIPlugin
2025-03-28 21:21:21,032 [INFO] PluginManager:220 - loadIPPluginJar : add gic
2025-03-28 21:21:21,054 [INFO] IPUIPlugin:80 - create IPUIPlugin
2025-03-28 21:21:21,054 [INFO] PluginManager:220 - loadIPPluginJar : add gpio
2025-03-28 21:21:21,268 [INFO] IPUIPlugin:80 - create IPUIPlugin
2025-03-28 21:21:21,268 [INFO] PluginManager:220 - loadIPPluginJar : add gtzc
2025-03-28 21:21:21,349 [INFO] IPUIPlugin:80 - create IPUIPlugin
2025-03-28 21:21:21,349 [INFO] PluginManager:220 - loadIPPluginJar : add hash
2025-03-28 21:21:21,438 [INFO] IPUIPlugin:80 - create IPUIPlugin
2025-03-28 21:21:21,438 [INFO] PluginManager:220 - loadIPPluginJar : add i2c
2025-03-28 21:21:21,522 [INFO] IPUIPlugin:80 - create IPUIPlugin
2025-03-28 21:21:21,522 [INFO] PluginManager:220 - loadIPPluginJar : add i2s
2025-03-28 21:21:21,618 [INFO] IPUIPlugin:80 - create IPUIPlugin
2025-03-28 21:21:21,618 [INFO] PluginManager:220 - loadIPPluginJar : add i3c
2025-03-28 21:21:21,802 [INFO] IPUIPlugin:80 - create IPUIPlugin
2025-03-28 21:21:21,802 [INFO] PluginManager:220 - loadIPPluginJar : add ipddr
2025-03-28 21:21:21,968 [INFO] IPUIPlugin:80 - create IPUIPlugin
2025-03-28 21:21:21,969 [INFO] PluginManager:220 - loadIPPluginJar : add linkedlist
2025-03-28 21:21:22,030 [INFO] IPUIPlugin:80 - create IPUIPlugin
2025-03-28 21:21:22,030 [INFO] PluginManager:220 - loadIPPluginJar : add lorawan
2025-03-28 21:21:22,105 [INFO] IPUIPlugin:80 - create IPUIPlugin
2025-03-28 21:21:22,105 [INFO] PluginManager:220 - loadIPPluginJar : add ltdc
2025-03-28 21:21:22,133 [INFO] IPUIPlugin:80 - create IPUIPlugin
2025-03-28 21:21:22,133 [INFO] PluginManager:220 - loadIPPluginJar : add mdma
2025-03-28 21:21:22,154 [INFO] IPUIPlugin:80 - create IPUIPlugin
2025-03-28 21:21:22,154 [INFO] PluginManager:220 - loadIPPluginJar : add nvic
2025-03-28 21:21:22,220 [INFO] IPUIPlugin:80 - create IPUIPlugin
2025-03-28 21:21:22,220 [INFO] PluginManager:220 - loadIPPluginJar : add opamp
2025-03-28 21:21:22,339 [INFO] IPUIPlugin:80 - create IPUIPlugin
2025-03-28 21:21:22,339 [INFO] PluginManager:220 - loadIPPluginJar : add openamp
2025-03-28 21:21:22,424 [INFO] IPUIPlugin:80 - create IPUIPlugin
2025-03-28 21:21:22,424 [INFO] PluginManager:220 - loadIPPluginJar : add pdm2pcm
2025-03-28 21:21:22,457 [INFO] IPUIPlugin:80 - create IPUIPlugin
2025-03-28 21:21:22,459 [INFO] PluginManager:220 - loadIPPluginJar : add plateformsettings
2025-03-28 21:21:22,495 [INFO] IPUIPlugin:80 - create IPUIPlugin
2025-03-28 21:21:22,496 [INFO] PluginManager:220 - loadIPPluginJar : add quadspi
2025-03-28 21:21:22,560 [INFO] IPUIPlugin:80 - create IPUIPlugin
2025-03-28 21:21:22,561 [INFO] PluginManager:220 - loadIPPluginJar : add radio
2025-03-28 21:21:22,590 [INFO] IPUIPlugin:80 - create IPUIPlugin
2025-03-28 21:21:22,591 [INFO] PluginManager:220 - loadIPPluginJar : add resmgrutility
2025-03-28 21:21:22,674 [INFO] IPUIPlugin:80 - create IPUIPlugin
2025-03-28 21:21:22,674 [INFO] PluginManager:220 - loadIPPluginJar : add sai
2025-03-28 21:21:22,740 [INFO] IPUIPlugin:80 - create IPUIPlugin
2025-03-28 21:21:22,740 [INFO] PluginManager:220 - loadIPPluginJar : add spi
2025-03-28 21:21:22,854 [INFO] IPUIPlugin:80 - create IPUIPlugin
2025-03-28 21:21:22,854 [INFO] PluginManager:220 - loadIPPluginJar : add stm32_wpan
2025-03-28 21:21:22,898 [INFO] IPUIPlugin:80 - create IPUIPlugin
2025-03-28 21:21:22,898 [INFO] PluginManager:220 - loadIPPluginJar : add tim
2025-03-28 21:21:22,912 [INFO] ThirdPartyUpdaterWithRetryManager:70 - Updater plugin not ready yet. [3/15]
2025-03-28 21:21:22,994 [INFO] IPUIPlugin:80 - create IPUIPlugin
2025-03-28 21:21:22,995 [INFO] PluginManager:220 - loadIPPluginJar : add touchsensing
2025-03-28 21:21:23,036 [INFO] IPUIPlugin:80 - create IPUIPlugin
2025-03-28 21:21:23,037 [INFO] PluginManager:220 - loadIPPluginJar : add tracer_emb
2025-03-28 21:21:23,077 [INFO] IPUIPlugin:80 - create IPUIPlugin
2025-03-28 21:21:23,078 [INFO] PluginManager:220 - loadIPPluginJar : add ts
2025-03-28 21:21:23,117 [INFO] IPUIPlugin:80 - create IPUIPlugin
2025-03-28 21:21:23,118 [INFO] PluginManager:220 - loadIPPluginJar : add tsc
2025-03-28 21:21:23,156 [INFO] IPUIPlugin:80 - create IPUIPlugin
2025-03-28 21:21:23,157 [INFO] PluginManager:220 - loadIPPluginJar : add ucpd
2025-03-28 21:21:23,233 [INFO] IPUIPlugin:80 - create IPUIPlugin
2025-03-28 21:21:23,233 [INFO] PluginManager:220 - loadIPPluginJar : add usart
2025-03-28 21:21:23,308 [INFO] IPUIPlugin:80 - create IPUIPlugin
2025-03-28 21:21:23,309 [INFO] PluginManager:220 - loadIPPluginJar : add usbx
2025-03-28 21:21:23,456 [INFO] CADModel:165 - CPN selected for project level
2025-03-28 21:21:23,457 [INFO] CADModel:114 - Register for checkConnection events
2025-03-28 21:21:23,457 [FATAL] Updater:334 - Updater called before beeing initialized
2025-03-28 21:21:23,457 [ERROR] CADModel:125 - Updater not yet initialized, retry later 
2025-03-28 21:21:23,624 [INFO] CADModel:165 - CPN selected for project level
2025-03-28 21:21:23,624 [INFO] CADModel:114 - Register for checkConnection events
2025-03-28 21:21:23,624 [FATAL] Updater:334 - Updater called before beeing initialized
2025-03-28 21:21:23,624 [ERROR] CADModel:125 - Updater not yet initialized, retry later 
2025-03-28 21:21:23,628 [FATAL] Updater:334 - Updater called before beeing initialized
2025-03-28 21:21:23,769 [FATAL] Updater:334 - Updater called before beeing initialized
2025-03-28 21:21:23,791 [INFO] DbMcusAds:53 - JSON generation date=Thu Mar 06 21:54:21 ICT 2025 (1741272861825)
2025-03-28 21:21:23,791 [FATAL] Updater:334 - Updater called before beeing initialized
2025-03-28 21:21:23,854 [WARN] DetailPanel:346 - Failed to get advertising image, set to default
2025-03-28 21:21:23,962 [FATAL] Updater:334 - Updater called before beeing initialized
2025-03-28 21:21:23,964 [FATAL] Updater:334 - Updater called before beeing initialized
2025-03-28 21:21:23,964 [FATAL] Updater:334 - Updater called before beeing initialized
2025-03-28 21:21:23,964 [WARN] DetailPanel:346 - Failed to get advertising image, set to default
2025-03-28 21:21:23,965 [FATAL] Updater:334 - Updater called before beeing initialized
2025-03-28 21:21:24,048 [ERROR] Updater:1164 - MainUpdater not yet initialized. External WinMGr cannot be set.
2025-03-28 21:21:24,064 [INFO] Updater:1100 - Updater Version found : 6.12.1
2025-03-28 21:21:24,090 [INFO] ApplicationProperties:184 - Using Application install path: C:\ST\STM32CubeIDE_1.16.1\STM32CubeIDE\plugins\com.st.stm32cube.common.mx_6.12.1.202409122256
2025-03-28 21:21:25,086 [INFO] MainUpdater:2873 - connection check result : 10
2025-03-28 21:21:25,088 [INFO] MainUpdater:290 - Updater Check For Update Now.
2025-03-28 21:21:25,089 [INFO] MicroXplorer:498 - Change Database Version : DB.6.0.121
2025-03-28 21:21:25,129 [INFO] McuFinderGlobals:63 - Set McuFinder mode to 2 (CubeIDE integrated)
2025-03-28 21:21:25,142 [INFO] UserAuth:417 - Internet connection configuration mode: 1
2025-03-28 21:21:25,192 [INFO] JxBrowserEngine:152 - Initiate JxBrowser Engine with user profile folder
2025-03-28 21:21:25,365 [INFO] CheckServerUpdateThread:120 - End of CheckServer Thread
2025-03-28 21:21:26,266 [WARN] PackLoader:240 - Cannot read IP mode file for STMicroelectronics.FP-SNS-MOTENVWB1.1.4.0
2025-03-28 21:21:26,301 [WARN] PackLoader:240 - Cannot read IP mode file for STMicroelectronics.FP-ATR-ASTRA1.2.0.2
2025-03-28 21:21:26,323 [WARN] PackLoader:240 - Cannot read IP mode file for STMicroelectronics.FP-ATR-ASTRA1.2.0.1
2025-03-28 21:21:26,353 [WARN] PackLoader:240 - Cannot read IP mode file for STMicroelectronics.X-CUBE-SMBUS.2.1.0
2025-03-28 21:21:26,394 [WARN] PackLoader:240 - Cannot read IP mode file for STMicroelectronics.X-CUBE-WB05N.1.1.0
2025-03-28 21:21:26,459 [WARN] PackLoader:240 - Cannot read IP mode file for STMicroelectronics.X-CUBE-AZRTOS-F7.1.1.0
2025-03-28 21:21:26,586 [WARN] PackLoader:240 - Cannot read IP mode file for STMicroelectronics.X-CUBE-MEMS1.11.0.0
2025-03-28 21:21:26,768 [WARN] PackLoader:240 - Cannot read IP mode file for STMicroelectronics.FP-SNS-FLIGHT1.5.0.2
2025-03-28 21:21:26,791 [WARN] PackLoader:240 - Cannot read IP mode file for STMicroelectronics.X-CUBE-DISPLAY.3.0.0
2025-03-28 21:21:26,815 [WARN] PackLoader:240 - Cannot read IP mode file for STMicroelectronics.X-CUBE-BLE1.7.0.0
2025-03-28 21:21:26,833 [WARN] PackLoader:240 - Cannot read IP mode file for STMicroelectronics.X-CUBE-NFC10.1.0.0
2025-03-28 21:21:26,860 [WARN] PackLoader:240 - Cannot read IP mode file for STMicroelectronics.X-CUBE-BLEMGR.4.0.0
2025-03-28 21:21:26,884 [WARN] PackLoader:240 - Cannot read IP mode file for emotas.I-CUBE-CANOPEN.1.3.0
2025-03-28 21:21:26,909 [WARN] PackLoader:240 - Cannot read IP mode file for STMicroelectronics.X-CUBE-BLEMGR.3.1.0
2025-03-28 21:21:26,931 [WARN] PackLoader:240 - Cannot read IP mode file for STMicroelectronics.X-CUBE-AI.10.0.0
2025-03-28 21:21:26,950 [WARN] PackLoader:240 - Cannot read IP mode file for STMicroelectronics.FP-SNS-SMARTAG2.1.2.0
2025-03-28 21:21:26,967 [ERROR] Engine:466 - C:\Users\PCHP\.stm32cubemx\thirdparties\pdsc\STMicroelectronics.FP-SNS-FLIGHT1.5.1.0.pdsc: PDSC version is not supported
2025-03-28 21:21:27,047 [WARN] PackLoader:240 - Cannot read IP mode file for STMicroelectronics.X-CUBE-MEMS1.11.1.0
2025-03-28 21:21:27,212 [INFO] LogOutputStream:77 - [STDOUT_REDIRECT] 1 : Invalid condition id : UX_CORESTACK_Condition cause : null
2025-03-28 21:21:27,213 [INFO] LogOutputStream:77 - [STDOUT_REDIRECT] 1 : Invalid condition id : UX_CORESTACK_Condition cause : null
2025-03-28 21:21:27,215 [INFO] LogOutputStream:77 - [STDOUT_REDIRECT] 1 : Invalid condition id : UX_CORESTACK_Condition cause : null
2025-03-28 21:21:27,216 [INFO] LogOutputStream:77 - [STDOUT_REDIRECT] 1 : Invalid condition id : UX_CORESTACK_Condition cause : null
2025-03-28 21:21:27,217 [INFO] LogOutputStream:77 - [STDOUT_REDIRECT] 1 : Invalid condition id : UX_CORESTACK_Condition cause : null
2025-03-28 21:21:27,220 [WARN] PackLoader:240 - Cannot read IP mode file for STMicroelectronics.X-CUBE-AZRTOS-WL.2.0.0
2025-03-28 21:21:27,237 [WARN] PackLoader:240 - Cannot read IP mode file for STMicroelectronics.FP-SNS-MOTENV1.5.0.0
2025-03-28 21:21:27,255 [WARN] PackLoader:240 - Cannot read IP mode file for wolfSSL.I-CUBE-wolfMQTT.1.19.0
2025-03-28 21:21:27,276 [WARN] PackLoader:240 - Cannot read IP mode file for WES.I-CUBE-Cesium.1.3.0
2025-03-28 21:21:27,295 [WARN] PackLoader:240 - Cannot read IP mode file for STMicroelectronics.X-CUBE-BLE2.3.3.0
2025-03-28 21:21:27,312 [WARN] PackLoader:240 - Cannot read IP mode file for STMicroelectronics.X-CUBE-NFC9.1.0.0
2025-03-28 21:21:27,329 [WARN] PackLoader:240 - Cannot read IP mode file for STMicroelectronics.X-CUBE-BLE1.7.1.0
2025-03-28 21:21:27,349 [WARN] PackLoader:240 - Cannot read IP mode file for STMicroelectronics.X-CUBE-TCPP.4.1.0
2025-03-28 21:21:27,390 [WARN] PackLoader:240 - Cannot read IP mode file for STMicroelectronics.X-CUBE-AZRTOS-G0.1.1.0
2025-03-28 21:21:27,413 [WARN] PackLoader:240 - Cannot read IP mode file for STMicroelectronics.X-CUBE-SAFEA1.1.2.2
2025-03-28 21:21:27,434 [WARN] PackLoader:240 - Cannot read IP mode file for STMicroelectronics.X-CUBE-NFC4.3.0.0
2025-03-28 21:21:27,463 [WARN] PackLoader:240 - Cannot read IP mode file for EmbeddedOffice.I-CUBE-FS-RTOS.1.0.1
2025-03-28 21:21:27,463 [ERROR] ConditionMgr:805 - Attr not supported : Dmpu
2025-03-28 21:21:27,464 [ERROR] ConditionMgr:805 - Attr not supported : Dmpu
2025-03-28 21:21:27,464 [ERROR] ConditionMgr:805 - Attr not supported : Dmpu
2025-03-28 21:21:27,464 [ERROR] ConditionMgr:805 - Attr not supported : Dmpu
2025-03-28 21:21:27,464 [ERROR] ConditionMgr:805 - Attr not supported : Dmpu
2025-03-28 21:21:27,464 [ERROR] ConditionMgr:805 - Attr not supported : Dmpu
2025-03-28 21:21:27,464 [ERROR] ConditionMgr:805 - Attr not supported : Dmpu
2025-03-28 21:21:27,464 [ERROR] ConditionMgr:805 - Attr not supported : Dmpu
2025-03-28 21:21:27,464 [ERROR] ConditionMgr:805 - Attr not supported : Dmpu
2025-03-28 21:21:27,464 [ERROR] ConditionMgr:805 - Attr not supported : Dmpu
2025-03-28 21:21:27,464 [ERROR] ConditionMgr:805 - Attr not supported : Dmpu
2025-03-28 21:21:27,464 [ERROR] ConditionMgr:805 - Attr not supported : Dmpu
2025-03-28 21:21:27,464 [ERROR] ConditionMgr:805 - Attr not supported : Dmpu
2025-03-28 21:21:27,464 [ERROR] ConditionMgr:805 - Attr not supported : Dmpu
2025-03-28 21:21:27,464 [ERROR] ConditionMgr:805 - Attr not supported : Dmpu
2025-03-28 21:21:27,465 [ERROR] ConditionMgr:805 - Attr not supported : Dmpu
2025-03-28 21:21:27,465 [ERROR] ConditionMgr:805 - Attr not supported : Dmpu
2025-03-28 21:21:27,465 [ERROR] ConditionMgr:805 - Attr not supported : Dmpu
2025-03-28 21:21:27,465 [ERROR] ConditionMgr:805 - Attr not supported : Dmpu
2025-03-28 21:21:27,465 [ERROR] ConditionMgr:805 - Attr not supported : Dmpu
2025-03-28 21:21:27,465 [ERROR] ConditionMgr:805 - Attr not supported : Dmpu
2025-03-28 21:21:27,465 [ERROR] ConditionMgr:805 - Attr not supported : Dmpu
2025-03-28 21:21:27,465 [ERROR] ConditionMgr:805 - Attr not supported : Dmpu
2025-03-28 21:21:27,465 [ERROR] ConditionMgr:805 - Attr not supported : Dmpu
2025-03-28 21:21:27,465 [ERROR] ConditionMgr:805 - Attr not supported : Dmpu
2025-03-28 21:21:27,465 [ERROR] ConditionMgr:805 - Attr not supported : Dmpu
2025-03-28 21:21:27,465 [ERROR] ConditionMgr:805 - Attr not supported : Dmpu
2025-03-28 21:21:27,465 [ERROR] ConditionMgr:805 - Attr not supported : Dmpu
2025-03-28 21:21:27,465 [ERROR] ConditionMgr:805 - Attr not supported : Dmpu
2025-03-28 21:21:27,465 [ERROR] ConditionMgr:805 - Attr not supported : Dmpu
2025-03-28 21:21:27,466 [ERROR] ConditionMgr:805 - Attr not supported : Dmpu
2025-03-28 21:21:27,466 [ERROR] ConditionMgr:805 - Attr not supported : Dmpu
2025-03-28 21:21:27,466 [ERROR] ConditionMgr:805 - Attr not supported : Dmpu
2025-03-28 21:21:27,466 [ERROR] ConditionMgr:805 - Attr not supported : Dmpu
2025-03-28 21:21:27,466 [ERROR] ConditionMgr:805 - Attr not supported : Dmpu
2025-03-28 21:21:27,466 [ERROR] ConditionMgr:805 - Attr not supported : Dmpu
2025-03-28 21:21:27,466 [ERROR] ConditionMgr:805 - Attr not supported : Dmpu
2025-03-28 21:21:27,466 [ERROR] ConditionMgr:805 - Attr not supported : Dmpu
2025-03-28 21:21:27,466 [ERROR] ConditionMgr:805 - Attr not supported : Dmpu
2025-03-28 21:21:27,466 [ERROR] ConditionMgr:805 - Attr not supported : Dmpu
2025-03-28 21:21:27,466 [ERROR] ConditionMgr:805 - Attr not supported : Dmpu
2025-03-28 21:21:27,466 [ERROR] ConditionMgr:805 - Attr not supported : Dmpu
2025-03-28 21:21:27,466 [ERROR] ConditionMgr:805 - Attr not supported : Dmpu
2025-03-28 21:21:27,467 [ERROR] ConditionMgr:805 - Attr not supported : Dmpu
2025-03-28 21:21:27,467 [ERROR] ConditionMgr:805 - Attr not supported : Dmpu
2025-03-28 21:21:27,467 [ERROR] ConditionMgr:805 - Attr not supported : Dmpu
2025-03-28 21:21:27,467 [ERROR] ConditionMgr:805 - Attr not supported : Dmpu
2025-03-28 21:21:27,467 [ERROR] ConditionMgr:805 - Attr not supported : Dmpu
2025-03-28 21:21:27,467 [ERROR] ConditionMgr:805 - Attr not supported : Dmpu
2025-03-28 21:21:27,467 [ERROR] ConditionMgr:805 - Attr not supported : Dmpu
2025-03-28 21:21:27,467 [ERROR] ConditionMgr:805 - Attr not supported : Dmpu
2025-03-28 21:21:27,467 [ERROR] ConditionMgr:805 - Attr not supported : Dmpu
2025-03-28 21:21:27,467 [ERROR] ConditionMgr:805 - Attr not supported : Dmpu
2025-03-28 21:21:27,467 [ERROR] ConditionMgr:805 - Attr not supported : Dmpu
2025-03-28 21:21:27,467 [ERROR] ConditionMgr:805 - Attr not supported : Dmpu
2025-03-28 21:21:27,468 [ERROR] ConditionMgr:805 - Attr not supported : Dmpu
2025-03-28 21:21:27,468 [ERROR] ConditionMgr:805 - Attr not supported : Dmpu
2025-03-28 21:21:27,468 [ERROR] ConditionMgr:805 - Attr not supported : Dmpu
2025-03-28 21:21:27,468 [ERROR] ConditionMgr:805 - Attr not supported : Dmpu
2025-03-28 21:21:27,468 [ERROR] ConditionMgr:805 - Attr not supported : Dmpu
2025-03-28 21:21:27,468 [ERROR] ConditionMgr:805 - Attr not supported : Dmpu
2025-03-28 21:21:27,468 [ERROR] ConditionMgr:805 - Attr not supported : Dmpu
2025-03-28 21:21:27,468 [ERROR] ConditionMgr:805 - Attr not supported : Dmpu
2025-03-28 21:21:27,468 [ERROR] ConditionMgr:805 - Attr not supported : Dmpu
2025-03-28 21:21:27,487 [ERROR] Engine:466 - C:\Users\PCHP\.stm32cubemx\thirdparties\pdsc\STMicroelectronics.X-CUBE-TCPP.4.2.0.pdsc: PDSC version is not supported
2025-03-28 21:21:27,511 [WARN] PackLoader:240 - Cannot read IP mode file for RealThread.X-CUBE-RT-Thread_Nano.4.1.1
2025-03-28 21:21:27,530 [WARN] PackLoader:240 - Cannot read IP mode file for STMicroelectronics.FP-ATR-SIGFOX1.3.2.0
2025-03-28 21:21:27,550 [WARN] PackLoader:240 - Cannot read IP mode file for wolfSSL.I-CUBE-wolfSSL.5.7.2
2025-03-28 21:21:27,569 [WARN] ConditionMgr:438 - getConditionDescription Invalid condition id : Cortex-A Device cause : null
2025-03-28 21:21:27,601 [WARN] ConditionMgr:1039 - genDependencies : Invalid condition id : Cortex-A Device cause : null
2025-03-28 21:21:27,601 [WARN] ConditionMgr:1039 - genDependencies : Invalid condition id : Cortex-A Device cause : null
2025-03-28 21:21:27,601 [WARN] ConditionMgr:1039 - genDependencies : Invalid condition id : Cortex-A Device cause : null
2025-03-28 21:21:27,623 [WARN] PackLoader:240 - Cannot read IP mode file for STMicroelectronics.X-CUBE-EEPRMA1.5.1.0
2025-03-28 21:21:27,647 [WARN] PackLoader:240 - Cannot read IP mode file for ITTIA_DB.I-CUBE-ITTIADB.8.9.0
2025-03-28 21:21:27,688 [WARN] PackLoader:240 - Cannot read IP mode file for SEGGER.I-CUBE-embOS.1.3.1
2025-03-28 21:21:27,747 [WARN] PackLoader:240 - Cannot read IP mode file for STMicroelectronics.X-CUBE-ALGOBUILD.1.4.0
2025-03-28 21:21:27,774 [WARN] PackLoader:240 - Cannot read IP mode file for STMicroelectronics.X-CUBE-AI.9.1.0
2025-03-28 21:21:27,814 [WARN] PackLoader:240 - Cannot read IP mode file for STMicroelectronics.X-CUBE-AZRTOS-F4.1.1.0
2025-03-28 21:21:27,836 [WARN] PackLoader:240 - Cannot read IP mode file for STMicroelectronics.X-CUBE-ISPU.2.1.0
2025-03-28 21:21:27,859 [WARN] PackLoader:240 - Cannot read IP mode file for STMicroelectronics.X-CUBE-FREERTOS.1.2.0
2025-03-28 21:21:27,892 [WARN] PackLoader:240 - Cannot read IP mode file for STMicroelectronics.X-CUBE-AZRTOS-L5.2.0.0
2025-03-28 21:21:27,915 [WARN] PackLoader:240 - Cannot read IP mode file for STMicroelectronics.X-CUBE-NFC6.3.1.0
2025-03-28 21:21:27,940 [WARN] PackLoader:240 - Cannot read IP mode file for STMicroelectronics.X-CUBE-DPower.1.2.0
2025-03-28 21:21:27,961 [WARN] PackLoader:240 - Cannot read IP mode file for STMicroelectronics.X-CUBE-FREERTOS.1.3.0
2025-03-28 21:21:27,989 [WARN] PackLoader:240 - Cannot read IP mode file for STMicroelectronics.X-CUBE-NFC7.1.0.1
2025-03-28 21:21:28,033 [WARN] ConditionMgr:438 - getConditionDescription Invalid condition id : LAN8742 Phy interface Condition cause : null
2025-03-28 21:21:28,033 [WARN] PackLoader:240 - Cannot read IP mode file for STMicroelectronics.X-CUBE-AZRTOS-L4.2.0.0
2025-03-28 21:21:28,035 [WARN] ConditionMgr:1039 - genDependencies : Invalid condition id : LAN8742 Phy interface Condition cause : null
2025-03-28 21:21:28,035 [WARN] ConditionMgr:1039 - genDependencies : Invalid condition id : LAN8742 Phy interface Condition cause : null
2025-03-28 21:21:28,036 [WARN] ConditionMgr:1039 - genDependencies : Invalid condition id : LAN8742 Phy interface Condition cause : null
2025-03-28 21:21:28,063 [WARN] PackLoader:240 - Cannot read IP mode file for STMicroelectronics.X-CUBE-SFXS2LP1.4.0.0
2025-03-28 21:21:28,115 [WARN] PackLoader:240 - Cannot read IP mode file for STMicroelectronics.X-CUBE-AZRTOS-H7.3.3.0
2025-03-28 21:21:28,147 [WARN] PackLoader:240 - Cannot read IP mode file for STMicroelectronics.X-CUBE-IPS.3.0.0
2025-03-28 21:21:28,186 [WARN] ConditionMgr:438 - getConditionDescription Invalid condition id : UX DEVICE CLASS RTOS Condition cause : null
2025-03-28 21:21:28,187 [WARN] ConditionMgr:438 - getConditionDescription Invalid condition id : UX DEVICE CLASS RTOS Condition cause : null
2025-03-28 21:21:28,195 [WARN] PackLoader:240 - Cannot read IP mode file for STMicroelectronics.X-CUBE-AZRTOS-WB.2.0.0
2025-03-28 21:21:28,196 [WARN] ConditionMgr:1039 - genDependencies : Invalid condition id : UX DEVICE CLASS RTOS Condition cause : null
2025-03-28 21:21:28,196 [WARN] ConditionMgr:1039 - genDependencies : Invalid condition id : UX DEVICE CLASS RTOS Condition cause : null
2025-03-28 21:21:28,197 [WARN] ConditionMgr:1039 - genDependencies : Invalid condition id : UX DEVICE CLASS RTOS Condition cause : null
2025-03-28 21:21:28,197 [WARN] ConditionMgr:1039 - genDependencies : Invalid condition id : UX DEVICE CLASS RTOS Condition cause : null
2025-03-28 21:21:28,197 [WARN] ConditionMgr:1039 - genDependencies : Invalid condition id : UX DEVICE CLASS RTOS Condition cause : null
2025-03-28 21:21:28,220 [WARN] PackLoader:240 - Cannot read IP mode file for STMicroelectronics.X-CUBE-GNSS1.7.0.0
2025-03-28 21:21:28,245 [WARN] PackLoader:240 - Cannot read IP mode file for STMicroelectronics.X-CUBE-GNSS1.7.0.1
2025-03-28 21:21:28,270 [WARN] PackLoader:240 - Cannot read IP mode file for STMicroelectronics.X-CUBE-TOUCHGFX.4.25.0
2025-03-28 21:21:28,295 [WARN] PackLoader:240 - Cannot read IP mode file for STMicroelectronics.FP-SNS-STBOX1.2.0.0
2025-03-28 21:21:28,324 [WARN] PackLoader:240 - Cannot read IP mode file for STMicroelectronics.X-CUBE-SUBG2.5.0.0
2025-03-28 21:21:28,364 [WARN] PackLoader:240 - Cannot read IP mode file for STMicroelectronics.X-CUBE-AZRTOS-H7RS.1.1.0
2025-03-28 21:21:28,384 [WARN] PackLoader:240 - Cannot read IP mode file for Cesanta.I-CUBE-Mongoose.7.13.0
2025-03-28 21:21:28,417 [WARN] PackLoader:240 - Cannot read IP mode file for STMicroelectronics.X-CUBE-AZRTOS-G4.2.0.0
2025-03-28 21:21:28,441 [ERROR] Engine:466 - C:\Users\PCHP\.stm32cubemx\thirdparties\pdsc\STMicroelectronics.X-CUBE-IPS.3.1.0.pdsc: PDSC version is not supported
2025-03-28 21:21:28,460 [WARN] PackLoader:240 - Cannot read IP mode file for STMicroelectronics.X-CUBE-ALS.1.0.2
2025-03-28 21:21:28,478 [WARN] PackLoader:240 - Cannot read IP mode file for STMicroelectronics.X-CUBE-TOUCHGFX.4.24.1
2025-03-28 21:21:28,492 [WARN] PackLoader:240 - Cannot read IP mode file for wolfSSL.I-CUBE-wolfTPM.3.4.0
2025-03-28 21:21:28,521 [WARN] PackLoader:240 - Cannot read IP mode file for portGmbH.I-Cube-SoM-uGOAL.1.1.0
2025-03-28 21:21:28,581 [WARN] PackLoader:240 - Cannot read IP mode file for STMicroelectronics.X-CUBE-AZRTOS-H7RS.1.0.0
2025-03-28 21:21:28,600 [WARN] PackLoader:240 - Cannot read IP mode file for STMicroelectronics.FP-ATR-ASTRA1.2.0.0
2025-03-28 21:21:28,630 [WARN] PackLoader:240 - Cannot read IP mode file for STMicroelectronics.X-CUBE-TOF1.3.4.2
2025-03-28 21:21:28,673 [WARN] PackLoader:240 - Cannot read IP mode file for Infineon.AIROC-Wi-Fi-Bluetooth-STM32.1.6.1
2025-03-28 21:21:28,697 [WARN] PackLoader:240 - Cannot read IP mode file for wolfSSL.I-CUBE-wolfSSH.1.4.17
2025-03-28 21:21:28,698 [INFO] ThirdParty:978 - Integrity check success = true
2025-03-28 21:21:28,698 [INFO] IntegrityCheckThread:100 - exiting critical section [integrity check]
2025-03-28 21:21:28,698 [INFO] IntegrityCheckThread:103 - End integrity checks thread
2025-03-28 21:21:30,762 [INFO] WebApp:167 - Instantiating new browser for Auth
2025-03-28 21:21:32,004 [INFO] WebApp:448 - Apply proxy settings
2025-03-28 21:21:32,004 [INFO] WebApp:533 - Chromium requires no authentication
2025-03-28 21:21:32,021 [INFO] WebApp:476 - Direct internet connection detected
2025-03-28 21:21:32,055 [INFO] WebApp:869 - Register for checkConnection events
2025-03-28 21:21:32,055 [INFO] WebApp:448 - Apply proxy settings
2025-03-28 21:21:32,055 [INFO] WebApp:533 - Chromium requires no authentication
2025-03-28 21:21:32,055 [INFO] WebApp:476 - Direct internet connection detected
2025-03-28 21:21:32,455 [INFO] WebApp:186 - Connection restablished
2025-03-28 21:21:32,495 [INFO] WebApp:220 - Starting web application
2025-03-28 21:21:32,495 [INFO] WebApp:578 - Web application path used C:\ST\STM32CubeIDE_1.16.1\STM32CubeIDE\plugins\com.st.stm32cube.common.mx_6.12.1.202409122256\db\plugins\mcufinder\reactClient1\index.html
2025-03-28 21:21:32,873 [INFO] UserAuth:417 - Internet connection configuration mode: 1
2025-03-28 21:21:33,681 [INFO] McuFinderGlobals:63 - Set McuFinder mode to 2 (CubeIDE integrated)
2025-03-28 21:21:33,733 [INFO] MainUpdater:2873 - connection check result : 10
2025-03-28 21:21:33,778 [INFO] McuFinderGlobals:76 - Set McuFinderConnectedMode to true
2025-03-28 21:21:35,384 [INFO] ServerAccessManage:473 - Download File mcusAds.json._tmp_
2025-03-28 21:21:35,523 [INFO] LoadUrlFilesThread:156 - End of LoadUrlFiles Thread
2025-03-28 21:21:35,975 [INFO] ServerAccessManage:473 - Download File cube-finder-db.zip
2025-03-28 21:22:53,479 [INFO] FileExtend:240 - Unzip File : cube-finder-db.zip
2025-03-28 21:22:53,481 [INFO] FileExtend:255 - Standard Zip Deflate
2025-03-28 21:22:56,156 [INFO] LoadUrlFilesThread:156 - End of LoadUrlFiles Thread
2025-03-28 21:22:57,584 [INFO] ServerAccessManage:473 - Download File crdb.zip
2025-03-28 21:22:59,944 [INFO] FileExtend:240 - Unzip File : crdb.zip
2025-03-28 21:22:59,945 [INFO] FileExtend:255 - Standard Zip Deflate
2025-03-28 21:23:00,181 [INFO] LoadUrlFilesThread:156 - End of LoadUrlFiles Thread
2025-03-28 21:23:00,703 [INFO] ServerAccessManage:473 - Download File tutoVideoDB.zip
2025-03-28 21:23:00,905 [INFO] FileExtend:240 - Unzip File : tutoVideoDB.zip
2025-03-28 21:23:00,908 [INFO] FileExtend:255 - Standard Zip Deflate
2025-03-28 21:23:01,060 [INFO] LoadUrlFilesThread:156 - End of LoadUrlFiles Thread
2025-03-28 21:23:01,064 [WARN] DbFile:41 - Overriding database path with different value: C:\Users\PCHP\.stmcufinder\plugins\mcufinder/ => C:\Users\PCHP\.stmcufinder\plugins\mcufinder
2025-03-28 21:23:01,205 [INFO] ServerAccessManage:473 - Download File api_config.json
2025-03-28 21:23:01,325 [INFO] LoadUrlFilesThread:156 - End of LoadUrlFiles Thread
2025-03-28 21:23:01,327 [INFO] DbMcusAds:53 - JSON generation date=Thu Mar 06 21:54:21 ICT 2025 (1741272861825)
2025-03-28 21:23:01,373 [INFO] LoadUrlFilesThread:185 - End of LoadServerUrlFiles without Thread
2025-03-28 21:23:01,374 [INFO] TargetSelectorAdapter:259 - Refresh data is successful
2025-03-28 21:23:01,822 [INFO] ApiDb:581 - Connected to CubeFinder SQLite database (C:\Users\PCHP\.stmcufinder\plugins\mcufinder\mcu\cube-finder-db.db)
2025-03-28 21:23:02,003 [INFO] ApiDb:668 - CubeFinder database Data Model version=2.1
2025-03-28 21:23:02,004 [INFO] ApiDb:669 - CubeFinder database Configuration version=3.0.39
2025-03-28 21:23:02,004 [INFO] ApiDb:670 - CubeFinder database generation date=2025-03-24 (1742811287)
2025-03-28 21:23:02,005 [INFO] ApiDb:671 - CubeFinder database FW Pack versions=[FP-ATR-ASTRA1_V2.0.0, FP-SNS-FLIGHT1_V5.0.2, FP-SNS-MOTENV1_V5.0.0, FP-SNS-MOTENVWB1_V1.4.0, FP-SNS-SMARTAG2_V1.2.0, FP-SNS-STBOX1_V2.0.0, STM32Cube_FW_C0_V1.4.0, STM32Cube_FW_F4_V1.28.1, STM32Cube_FW_F7_V1.17.2, STM32Cube_FW_G0_V1.6.2, STM32Cube_FW_G4_V1.6.1, STM32Cube_FW_H5_V1.5.0, STM32Cube_FW_H7RS_V1.2.0, STM32Cube_FW_H7_V1.12.1, STM32Cube_FW_L0_V1.12.2, STM32Cube_FW_L4_V1.18.1, STM32Cube_FW_L5_V1.5.1, STM32Cube_FW_N6_V1.1.0, STM32Cube_FW_U0_V1.2.0, STM32Cube_FW_U3_V1.1.0, STM32Cube_FW_U5_V1.7.0, STM32Cube_FW_WB0_V1.2.0, STM32Cube_FW_WBA_V1.6.0, STM32Cube_FW_WB_V1.22.0, STM32Cube_FW_WL3_V1.1.0, STM32Cube_FW_WL_V1.3.1, X-CUBE-ALGOBUILD_V1.4.0, X-CUBE-ALS_V1.0.2, X-CUBE-AZRTOS-F4_V1.1.0, X-CUBE-AZRTOS-F7_V1.1.0, X-CUBE-AZRTOS-G0_V1.1.0, X-CUBE-AZRTOS-G4_V2.0.0, X-CUBE-AZRTOS-H7RS_V1.0.0, X-CUBE-AZRTOS-H7_V3.3.0, X-CUBE-AZRTOS-L4_V2.0.0, X-CUBE-AZRTOS-L5_V2.0.0, X-CUBE-AZRTOS-WB_V2.0.0, X-CUBE-AZRTOS-WL_V2.0.0, X-CUBE-BLE1_V7.1.0, X-CUBE-BLE2_V3.3.0, X-CUBE-BLEMGR_V4.0.0, X-CUBE-EEPRMA1_V5.1.0, X-CUBE-FREERTOS_V1.3.0, X-CUBE-GNSS1_V6.0.0, X-CUBE-MEMS1_V11.1.0, X-CUBE-NFC4_V3.0.0, X-CUBE-NFC7_V1.0.1, X-CUBE-SFXS2LP1_V4.0.0, X-CUBE-SUBG2_V5.0.0, X-CUBE-TOF1_V3.4.2]
2025-03-28 21:23:06,990 [INFO] ApiDb:240 - Found 646 in-development CPN: [B-G473E-ZEST1S, B-WB1M-WPAN1, B-WL5M-SUBG1, NUCLEO-C031C6, NUCLEO-C071RB, NUCLEO-H503RB, NUCLEO-H533RE, NUCLEO-H563ZI, NUCLEO-H7S3L8, NUCLEO-U031R8, NUCLEO-U083RC, NUCLEO-U545RE-Q, NUCLEO-U5A5ZJ-Q, NUCLEO-WB05KZ, NUCLEO-WB07CC, NUCLEO-WB09KE, NUCLEO-WBA52CG, NUCLEO-WBA55CG, STEVAL-PROTEUS1, STEVAL-SMARTAG2, STEVAL-STWINBX1, STM320518-EVAL, STM32C0116-DK, STM32C011D6Y3TR, STM32C011D6Y6TR, STM32C011F4P3, STM32C011F4P6, STM32C011F4U3, STM32C011F4U6TR, STM32C011F6P3, STM32C011F6P6, STM32C011F6U3, STM32C011F6U6TR, STM32C011J4M3, STM32C011J4M6, STM32C011J6M3, STM32C011J6M6, STM32C0316-DK, STM32C031C4T3, STM32C031C4T6, STM32C031C4U3, STM32C031C4U6, STM32C031C6T3, STM32C031C6T6, STM32C031C6U3, STM32C031C6U6, STM32C031F4P3, STM32C031F4P6, STM32C031F6P3, STM32C031F6P6, STM32C031G4U3, STM32C031G4U6, STM32C031G6U3, STM32C031G6U6, STM32C031K4T3, STM32C031K4T6, STM32C031K4U3, STM32C031K4U6, STM32C031K6T3, STM32C031K6T6, STM32C031K6U3, STM32C031K6U6, STM32C071C8T6, STM32C071C8T6N, STM32C071C8U6, STM32C071C8U6N, STM32C071CBT6, STM32C071CBT6N, STM32C071CBU6, STM32C071CBU6N, STM32C071F8P6, STM32C071F8P6N, STM32C071FBP6, STM32C071FBP6N, STM32C071FBY6TR, STM32C071G8U6, STM32C071G8U6N, STM32C071GBU6, STM32C071GBU6N, STM32C071K8T6, STM32C071K8T6N, STM32C071K8U6, STM32C071K8U6N, STM32C071KBT6, STM32C071KBT6N, STM32C071KBU6, STM32C071KBU6N, STM32C071R8T6, STM32C071R8T6N, STM32C071RBI6N, STM32C071RBT6, STM32C071RBT6N, STM32G071K8TXN, STM32G071K8UXN, STM32G081GBU6N, STM32G081KBT6N, STM32G081KBUXN, STM32G0B1CCT6N, STM32G0B1KCT6, STM32G0B1NEY6TR, STM32G0B1RCT6N, STM32G0C1CCT6, STM32G0C1CCT6N, STM32G0C1CCU6N, STM32G0C1CET6N, STM32G0C1CEU6N, STM32G0C1KCT6, STM32G0C1NEY6TR, STM32G0C1RCI6N, STM32G0C1RCT6N, STM32G0C1REI6N, STM32G0C1RET6N, STM32G0C1VCI6, STM32G0C1VEI6, STM32G411C6T3, STM32G411C6T6, STM32G411C6U3, STM32G411C6U6, STM32G411C8T3, STM32G411C8T6, STM32G411C8U3, STM32G411C8U6, STM32G411CBT3, STM32G411CBT6, STM32G411CBU3, STM32G411CBU6, STM32G411K6T3, STM32G411K6T6, STM32G411K6U3, STM32G411K6U6, STM32G411K8T3, STM32G411K8T6, STM32G411K8U3, STM32G411K8U6, STM32G411KBT3, STM32G411KBT6, STM32G411KBU3, STM32G411KBU6, STM32G411M6T3, STM32G411M6T6, STM32G411M8T3, STM32G411M8T6, STM32G411MBT3, STM32G411MBT6, STM32G411R6T3, STM32G411R6T6, STM32G411R8T3, STM32G411R8T6, STM32G411RBT3, STM32G411RBT6, STM32G414CBT3, STM32G414CBT6, STM32G414CBU3, STM32G414CBU6, STM32G414CCT3, STM32G414CCT6, STM32G414CCU3, STM32G414CCU6, STM32G414MBT3, STM32G414MBT6, STM32G414MCT3, STM32G414MCT6, STM32G414RBT3, STM32G414RBT6, STM32G414RCT3, STM32G414RCT6, STM32G414VBT3, STM32G414VBT6, STM32G414VCT3, STM32G414VCT6, STM32G431CBT3Z, STM32G431RBT3Z, STM32G471CCT6, STM32G471CCU6, STM32G471CET3, STM32G471CET6, STM32G471CEU3, STM32G471CEU6, STM32G471MCT6, STM32G471MET3, STM32G471MET6, STM32G471MEY6TR, STM32G471QCT6, STM32G471QET3, STM32G471RCT6, STM32G471RET3, STM32G471RET6, STM32G471VCH6, STM32G471VCI6, STM32G471VCT6, STM32G471VEH3, STM32G471VEH6, STM32G471VEI3, STM32G471VEI6, STM32G471VET3, STM32G471VET6, STM32G473QET3Z, STM32G473RET3Z, STM32G474CCT6, STM32G491RET3Z, STM32H503CBT6, STM32H503CBU6, STM32H503EBY6TR, STM32H503KBU6, STM32H503RBT6, STM32H523CCT6, STM32H523CCU6, STM32H523CET6, STM32H523CEU6, STM32H523HEY6TR, STM32H523RCT6, STM32H523RET6, STM32H523VCI6, STM32H523VCT6, STM32H523VEI6, STM32H523VET6, STM32H523ZCJ6, STM32H523ZCT6, STM32H523ZEJ6, STM32H523ZET6, STM32H533CET6, STM32H533CEU6, STM32H533HEY6TR, STM32H533RET6, STM32H533VEI6, STM32H533VET6, STM32H533ZEJ6, STM32H533ZET6, STM32H562AGI6, STM32H562AII6, STM32H562IGK6, STM32H562IGT6, STM32H562IIK6, STM32H562IIT6, STM32H562RGT6, STM32H562RGV6, STM32H562RIT6, STM32H562RIV6, STM32H562VGT6, STM32H562VIT6, STM32H562ZGT6, STM32H562ZIT6, STM32H563AGI6, STM32H563AII3Q, STM32H563AII6, STM32H563IGK6, STM32H563IGT6, STM32H563IIK3Q, STM32H563IIK6, STM32H563IIT3Q, STM32H563IIT6, STM32H563MIY3QTR, STM32H563RGT6, STM32H563RGV6, STM32H563RIT6, STM32H563RIV6, STM32H563VGT6, STM32H563VIT3Q, STM32H563VIT6, STM32H563ZGT6, STM32H563ZIT3Q, STM32H563ZIT6, STM32H573AII3Q, STM32H573AII6, STM32H573I-DK, STM32H573IIK3Q, STM32H573IIK6, STM32H573IIT3Q, STM32H573IIT6, STM32H573MIY3QTR, STM32H573RIT6, STM32H573RIV6, STM32H573VIT3Q, STM32H573VIT6, STM32H573ZIT3Q, STM32H573ZIT6, STM32H7R3A8I6, STM32H7R3I8K6, STM32H7R3I8T6, STM32H7R3L8H6, STM32H7R3L8H6H, STM32H7R3R8V6, STM32H7R3V8H6, STM32H7R3V8T6, STM32H7R3V8Y6TR, STM32H7R3Z8J6, STM32H7R3Z8T6, STM32H7R7A8I6, STM32H7R7I8K6, STM32H7R7I8T6, STM32H7R7L8H6, STM32H7R7L8H6H, STM32H7R7Z8J6, STM32H7S3A8I6, STM32H7S3I8K6, STM32H7S3I8T6, STM32H7S3L8H6, STM32H7S3L8H6H, STM32H7S3R8V6, STM32H7S3V8H6, STM32H7S3V8T6, STM32H7S3V8Y6TR, STM32H7S3Z8J6, STM32H7S3Z8T6, STM32H7S78-DK, STM32H7S7A8I6, STM32H7S7I8K6, STM32H7S7I8T6, STM32H7S7L8H6, STM32H7S7L8H6H, STM32H7S7Z8J6, STM32L4R5QGI6STR, STM32MP131AAE3, STM32MP131AAF3, STM32MP131AAG3, STM32MP131CAE3, STM32MP131CAF3, STM32MP131CAG3, STM32MP131DAE7, STM32MP131DAF7, STM32MP131DAG7, STM32MP131FAE7, STM32MP131FAF7, STM32MP131FAG7, STM32MP133AAE3, STM32MP133AAF3, STM32MP133AAG3, STM32MP133CAE3, STM32MP133CAF3, STM32MP133CAG3, STM32MP133DAE7, STM32MP133DAF7, STM32MP133DAG7, STM32MP133FAE7, STM32MP133FAF7, STM32MP133FAG7, STM32MP135AAE3, STM32MP135AAF3, STM32MP135AAG3, STM32MP135CAE3, STM32MP135CAF3, STM32MP135CAG3, STM32MP135DAE7, STM32MP135DAF7, STM32MP135DAG7, STM32MP135F-DK, STM32MP135FAE7, STM32MP135FAF7, STM32MP135FAF7T, STM32MP135FAF7U, STM32MP135FAG7, STM32MP251AAI3, STM32MP251AAK3, STM32MP251AAL3, STM32MP251CAI3, STM32MP251CAK3, STM32MP251CAL3, STM32MP251DAI3, STM32MP251DAK3, STM32MP251DAL3, STM32MP251FAI3, STM32MP251FAK3, STM32MP251FAL3, STM32MP253AAI3, STM32MP253AAK3, STM32MP253AAL3, STM32MP253CAI3, STM32MP253CAK3, STM32MP253CAL3, STM32MP253DAI3, STM32MP253DAK3, STM32MP253DAL3, STM32MP253FAI3, STM32MP253FAK3, STM32MP253FAL3, STM32MP255AAI3, STM32MP255AAK3, STM32MP255AAL3, STM32MP255CAI3, STM32MP255CAK3, STM32MP255CAL3, STM32MP255DAI3, STM32MP255DAK3, STM32MP255DAL3, STM32MP255FAI3, STM32MP255FAK3, STM32MP255FAL3, STM32MP257AAI3, STM32MP257AAK3, STM32MP257AAL3, STM32MP257CAI3, STM32MP257CAK3, STM32MP257CAL3, STM32MP257DAI3, STM32MP257DAK3, STM32MP257DAL3, STM32MP257F-DK, STM32MP257F-EV1, STM32MP257FAI3, STM32MP257FAK3, STM32MP257FAL3, STM32U031C6T6, STM32U031C6U6, STM32U031C8T6, STM32U031C8U6, STM32U031F4P6, STM32U031F6P6, STM32U031F8P6, STM32U031G6Y6TR, STM32U031G8Y6TR, STM32U031K4U6, STM32U031K6U6, STM32U031K8U6, STM32U031R6I6, STM32U031R6T6, STM32U031R8I6, STM32U031R8T6, STM32U073C8T6, STM32U073C8U6, STM32U073CBT6, STM32U073CBU6, STM32U073CCT6, STM32U073CCU6, STM32U073H8Y6TR, STM32U073HBY6TR, STM32U073HCY6TR, STM32U073K8U6, STM32U073KBU6, STM32U073KCU6, STM32U073M8I6, STM32U073M8T6, STM32U073MBI6, STM32U073MBT6, STM32U073MCI6, STM32U073MCT6, STM32U073R8I6, STM32U073R8T6, STM32U073RBI6, STM32U073RBT6, STM32U073RCI6, STM32U073RCT6, STM32U083C-DK, STM32U083CCT6, STM32U083CCU6, STM32U083HCY6TR, STM32U083KCU6, STM32U083MCI6, STM32U083MCT6, STM32U083RCI6, STM32U083RCT6, STM32U535CBT6, STM32U535CBT6Q, STM32U535CBU6, STM32U535CBU6Q, STM32U535CCT6, STM32U535CCT6Q, STM32U535CCU6, STM32U535CCU6Q, STM32U535CET6, STM32U535CET6Q, STM32U535CEU6, STM32U535CEU6Q, STM32U535JEY6QTR, STM32U535NCY6QTR, STM32U535NEY6QTR, STM32U535RBI6, STM32U535RBI6Q, STM32U535RBT6, STM32U535RBT6Q, STM32U535RCI6, STM32U535RCI6Q, STM32U535RCT6, STM32U535RCT6Q, STM32U535REI6, STM32U535REI6Q, STM32U535RET6, STM32U535RET6Q, STM32U535VCI6, STM32U535VCI6Q, STM32U535VCT6, STM32U535VCT6Q, STM32U535VEI6, STM32U535VEI6Q, STM32U535VET6, STM32U535VET6Q, STM32U545CET6, STM32U545CET6Q, STM32U545CEU6, STM32U545CEU6Q, STM32U545JEY6QTR, STM32U545NEY6QTR, STM32U545REI6, STM32U545REI6Q, STM32U545RET6, STM32U545RET6Q, STM32U545VEI6, STM32U545VEI6Q, STM32U545VET6, STM32U545VET6Q, STM32U595AIH6, STM32U595AIH6Q, STM32U595AJH6, STM32U595AJH6Q, STM32U595QII6, STM32U595QII6Q, STM32U595QJI6, STM32U595QJI6Q, STM32U595RIT6, STM32U595RIT6Q, STM32U595RJT6, STM32U595RJT6Q, STM32U595VIT6, STM32U595VIT6Q, STM32U595VJT6, STM32U595VJT6Q, STM32U595ZIT6, STM32U595ZIT6Q, STM32U595ZIY6QTR, STM32U595ZJT6, STM32U595ZJT6Q, STM32U595ZJY6QTR, STM32U599BJY6QTR, STM32U599NIH6Q, STM32U599NJH6Q, STM32U599VIT6Q, STM32U599VJT6, STM32U599VJT6Q, STM32U599ZIT6Q, STM32U599ZIY6QTR, STM32U599ZJT6Q, STM32U599ZJY6QTR, STM32U5A5AJH6, STM32U5A5AJH6Q, STM32U5A5QII3Q , STM32U5A5QJI6, STM32U5A5QJI6Q, STM32U5A5RJT6, STM32U5A5RJT6Q, STM32U5A5VJT6, STM32U5A5VJT6Q, STM32U5A5ZJT6, STM32U5A5ZJT6Q, STM32U5A5ZJY6QTR, STM32U5A9BJY6QTR, STM32U5A9J-DK, STM32U5A9NJH6Q, STM32U5A9VJT6Q, STM32U5A9ZJT6Q, STM32U5A9ZJY6QTR, STM32U5F7VIT6, STM32U5F7VIT6Q, STM32U5F7VJT6, STM32U5F7VJT6Q, STM32U5F9BJY6QTR, STM32U5F9NJH6Q, STM32U5F9VIT6Q, STM32U5F9VJT6Q, STM32U5F9ZIJ6QTR, STM32U5F9ZIT6Q, STM32U5F9ZJJ6QTR, STM32U5F9ZJT6Q, STM32U5G7VJT6, STM32U5G7VJT6Q, STM32U5G9BJY6QTR, STM32U5G9J-DK1, STM32U5G9J-DK2, STM32U5G9NJH6Q, STM32U5G9VJT6Q, STM32U5G9ZJJ6QTR, STM32U5G9ZJT6Q, STM32WB05KZV6TR, STM32WB05KZV7TR, STM32WB05TZF6TR, STM32WB05TZF7TR, STM32WB06CCF6TR, STM32WB06CCF7TR, STM32WB06CCV6TR, STM32WB06CCV7TR, STM32WB06KCV6TR, STM32WB06KCV7TR, STM32WB07CCF6TR, STM32WB07CCF7TR, STM32WB07CCV6TR, STM32WB07CCV7TR, STM32WB07KCV6TR, STM32WB07KCV7TR, STM32WB09KEV6TR, STM32WB09KEV7TR, STM32WB09TEF6TR, STM32WB09TEF7TR, STM32WB1MMCH6, STM32WBA50KGU6, STM32WBA50KGU6TR, STM32WBA52CEU6, STM32WBA52CEU6TR, STM32WBA52CEU7, STM32WBA52CEU7TR, STM32WBA52CGU6, STM32WBA52CGU6TR, STM32WBA52CGU6U, STM32WBA52CGU7, STM32WBA52CGU7TR, STM32WBA52KEU6, STM32WBA52KEU6TR, STM32WBA52KGU6, STM32WBA52KGU6TR, STM32WBA54CEU6, STM32WBA54CEU6TR, STM32WBA54CEU7, STM32WBA54CEU7TR, STM32WBA54CGU6, STM32WBA54CGU6TR, STM32WBA54CGU7, STM32WBA54CGU7TR, STM32WBA54KEU6, STM32WBA54KEU6TR, STM32WBA54KEU7, STM32WBA54KEU7TR, STM32WBA54KGU6, STM32WBA54KGU6TR, STM32WBA54KGU7, STM32WBA54KGU7TR, STM32WBA55CEU6, STM32WBA55CEU6TR, STM32WBA55CEU7, STM32WBA55CEU7TR, STM32WBA55CGU6, STM32WBA55CGU6TR, STM32WBA55CGU6U, STM32WBA55CGU7, STM32WBA55CGU7TR, STM32WBA55G-DK1, STM32WBA55HEF6, STM32WBA55HEF7, STM32WBA55HGF6, STM32WBA55HGF7, STM32WBA55UEI6, STM32WBA55UEI6TR, STM32WBA55UEI7, STM32WBA55UEI7TR, STM32WBA55UGI6, STM32WBA55UGI6TR, STM32WBA55UGI7, STM32WBA55UGI7TR, STM32WL5MOCH6, STM32WL5MOCH6TR]
2025-03-28 21:23:07,001 [INFO] DbMcus:218 - Found 4657 MCUs, 4657 are supported
2025-03-28 21:23:07,004 [INFO] ApiDb:423 - Load user favorites file C:\Users\PCHP/.stm32cubeide/favorites.mcus.txt: 0 item(s)
2025-03-28 21:23:07,004 [INFO] ApiDb:427 - User favorites MCUs=[]
2025-03-28 21:23:07,005 [INFO] DbMcus:224 - Set 0 / 0 favorites MCUs
2025-03-28 21:23:07,666 [INFO] ApiDb:668 - CubeFinder database Data Model version=2.1
2025-03-28 21:23:07,666 [INFO] ApiDb:669 - CubeFinder database Configuration version=3.0.39
2025-03-28 21:23:07,666 [INFO] ApiDb:670 - CubeFinder database generation date=2025-03-24 (1742811287)
2025-03-28 21:23:07,666 [INFO] ApiDb:671 - CubeFinder database FW Pack versions=[FP-ATR-ASTRA1_V2.0.0, FP-SNS-FLIGHT1_V5.0.2, FP-SNS-MOTENV1_V5.0.0, FP-SNS-MOTENVWB1_V1.4.0, FP-SNS-SMARTAG2_V1.2.0, FP-SNS-STBOX1_V2.0.0, STM32Cube_FW_C0_V1.4.0, STM32Cube_FW_F4_V1.28.1, STM32Cube_FW_F7_V1.17.2, STM32Cube_FW_G0_V1.6.2, STM32Cube_FW_G4_V1.6.1, STM32Cube_FW_H5_V1.5.0, STM32Cube_FW_H7RS_V1.2.0, STM32Cube_FW_H7_V1.12.1, STM32Cube_FW_L0_V1.12.2, STM32Cube_FW_L4_V1.18.1, STM32Cube_FW_L5_V1.5.1, STM32Cube_FW_N6_V1.1.0, STM32Cube_FW_U0_V1.2.0, STM32Cube_FW_U3_V1.1.0, STM32Cube_FW_U5_V1.7.0, STM32Cube_FW_WB0_V1.2.0, STM32Cube_FW_WBA_V1.6.0, STM32Cube_FW_WB_V1.22.0, STM32Cube_FW_WL3_V1.1.0, STM32Cube_FW_WL_V1.3.1, X-CUBE-ALGOBUILD_V1.4.0, X-CUBE-ALS_V1.0.2, X-CUBE-AZRTOS-F4_V1.1.0, X-CUBE-AZRTOS-F7_V1.1.0, X-CUBE-AZRTOS-G0_V1.1.0, X-CUBE-AZRTOS-G4_V2.0.0, X-CUBE-AZRTOS-H7RS_V1.0.0, X-CUBE-AZRTOS-H7_V3.3.0, X-CUBE-AZRTOS-L4_V2.0.0, X-CUBE-AZRTOS-L5_V2.0.0, X-CUBE-AZRTOS-WB_V2.0.0, X-CUBE-AZRTOS-WL_V2.0.0, X-CUBE-BLE1_V7.1.0, X-CUBE-BLE2_V3.3.0, X-CUBE-BLEMGR_V4.0.0, X-CUBE-EEPRMA1_V5.1.0, X-CUBE-FREERTOS_V1.3.0, X-CUBE-GNSS1_V6.0.0, X-CUBE-MEMS1_V11.1.0, X-CUBE-NFC4_V3.0.0, X-CUBE-NFC7_V1.0.1, X-CUBE-SFXS2LP1_V4.0.0, X-CUBE-SUBG2_V5.0.0, X-CUBE-TOF1_V3.4.2]
2025-03-28 21:23:07,741 [INFO] DbBoardsSqlite:226 - include board P-NUCLEO-WB55-NUCLEO as a kit item of type 'Nucleo-64'
2025-03-28 21:23:07,742 [INFO] DbBoardsSqlite:226 - include board P-NUCLEO-WB55-USBDONGLE as a kit item of type 'Nucleo USB Dongle'
2025-03-28 21:23:07,742 [INFO] DbBoardsSqlite:226 - include board STEVAL-IDP005V1 as a kit item of type 'Evaluation Board'
2025-03-28 21:23:07,742 [INFO] DbBoardsSqlite:226 - include board STEVAL-IDP005V2 as a kit item of type 'Evaluation Board'
2025-03-28 21:23:07,837 [INFO] ApiDb:240 - Found 646 in-development CPN: [B-G473E-ZEST1S, B-WB1M-WPAN1, B-WL5M-SUBG1, NUCLEO-C031C6, NUCLEO-C071RB, NUCLEO-H503RB, NUCLEO-H533RE, NUCLEO-H563ZI, NUCLEO-H7S3L8, NUCLEO-U031R8, NUCLEO-U083RC, NUCLEO-U545RE-Q, NUCLEO-U5A5ZJ-Q, NUCLEO-WB05KZ, NUCLEO-WB07CC, NUCLEO-WB09KE, NUCLEO-WBA52CG, NUCLEO-WBA55CG, STEVAL-PROTEUS1, STEVAL-SMARTAG2, STEVAL-STWINBX1, STM320518-EVAL, STM32C0116-DK, STM32C011D6Y3TR, STM32C011D6Y6TR, STM32C011F4P3, STM32C011F4P6, STM32C011F4U3, STM32C011F4U6TR, STM32C011F6P3, STM32C011F6P6, STM32C011F6U3, STM32C011F6U6TR, STM32C011J4M3, STM32C011J4M6, STM32C011J6M3, STM32C011J6M6, STM32C0316-DK, STM32C031C4T3, STM32C031C4T6, STM32C031C4U3, STM32C031C4U6, STM32C031C6T3, STM32C031C6T6, STM32C031C6U3, STM32C031C6U6, STM32C031F4P3, STM32C031F4P6, STM32C031F6P3, STM32C031F6P6, STM32C031G4U3, STM32C031G4U6, STM32C031G6U3, STM32C031G6U6, STM32C031K4T3, STM32C031K4T6, STM32C031K4U3, STM32C031K4U6, STM32C031K6T3, STM32C031K6T6, STM32C031K6U3, STM32C031K6U6, STM32C071C8T6, STM32C071C8T6N, STM32C071C8U6, STM32C071C8U6N, STM32C071CBT6, STM32C071CBT6N, STM32C071CBU6, STM32C071CBU6N, STM32C071F8P6, STM32C071F8P6N, STM32C071FBP6, STM32C071FBP6N, STM32C071FBY6TR, STM32C071G8U6, STM32C071G8U6N, STM32C071GBU6, STM32C071GBU6N, STM32C071K8T6, STM32C071K8T6N, STM32C071K8U6, STM32C071K8U6N, STM32C071KBT6, STM32C071KBT6N, STM32C071KBU6, STM32C071KBU6N, STM32C071R8T6, STM32C071R8T6N, STM32C071RBI6N, STM32C071RBT6, STM32C071RBT6N, STM32G071K8TXN, STM32G071K8UXN, STM32G081GBU6N, STM32G081KBT6N, STM32G081KBUXN, STM32G0B1CCT6N, STM32G0B1KCT6, STM32G0B1NEY6TR, STM32G0B1RCT6N, STM32G0C1CCT6, STM32G0C1CCT6N, STM32G0C1CCU6N, STM32G0C1CET6N, STM32G0C1CEU6N, STM32G0C1KCT6, STM32G0C1NEY6TR, STM32G0C1RCI6N, STM32G0C1RCT6N, STM32G0C1REI6N, STM32G0C1RET6N, STM32G0C1VCI6, STM32G0C1VEI6, STM32G411C6T3, STM32G411C6T6, STM32G411C6U3, STM32G411C6U6, STM32G411C8T3, STM32G411C8T6, STM32G411C8U3, STM32G411C8U6, STM32G411CBT3, STM32G411CBT6, STM32G411CBU3, STM32G411CBU6, STM32G411K6T3, STM32G411K6T6, STM32G411K6U3, STM32G411K6U6, STM32G411K8T3, STM32G411K8T6, STM32G411K8U3, STM32G411K8U6, STM32G411KBT3, STM32G411KBT6, STM32G411KBU3, STM32G411KBU6, STM32G411M6T3, STM32G411M6T6, STM32G411M8T3, STM32G411M8T6, STM32G411MBT3, STM32G411MBT6, STM32G411R6T3, STM32G411R6T6, STM32G411R8T3, STM32G411R8T6, STM32G411RBT3, STM32G411RBT6, STM32G414CBT3, STM32G414CBT6, STM32G414CBU3, STM32G414CBU6, STM32G414CCT3, STM32G414CCT6, STM32G414CCU3, STM32G414CCU6, STM32G414MBT3, STM32G414MBT6, STM32G414MCT3, STM32G414MCT6, STM32G414RBT3, STM32G414RBT6, STM32G414RCT3, STM32G414RCT6, STM32G414VBT3, STM32G414VBT6, STM32G414VCT3, STM32G414VCT6, STM32G431CBT3Z, STM32G431RBT3Z, STM32G471CCT6, STM32G471CCU6, STM32G471CET3, STM32G471CET6, STM32G471CEU3, STM32G471CEU6, STM32G471MCT6, STM32G471MET3, STM32G471MET6, STM32G471MEY6TR, STM32G471QCT6, STM32G471QET3, STM32G471RCT6, STM32G471RET3, STM32G471RET6, STM32G471VCH6, STM32G471VCI6, STM32G471VCT6, STM32G471VEH3, STM32G471VEH6, STM32G471VEI3, STM32G471VEI6, STM32G471VET3, STM32G471VET6, STM32G473QET3Z, STM32G473RET3Z, STM32G474CCT6, STM32G491RET3Z, STM32H503CBT6, STM32H503CBU6, STM32H503EBY6TR, STM32H503KBU6, STM32H503RBT6, STM32H523CCT6, STM32H523CCU6, STM32H523CET6, STM32H523CEU6, STM32H523HEY6TR, STM32H523RCT6, STM32H523RET6, STM32H523VCI6, STM32H523VCT6, STM32H523VEI6, STM32H523VET6, STM32H523ZCJ6, STM32H523ZCT6, STM32H523ZEJ6, STM32H523ZET6, STM32H533CET6, STM32H533CEU6, STM32H533HEY6TR, STM32H533RET6, STM32H533VEI6, STM32H533VET6, STM32H533ZEJ6, STM32H533ZET6, STM32H562AGI6, STM32H562AII6, STM32H562IGK6, STM32H562IGT6, STM32H562IIK6, STM32H562IIT6, STM32H562RGT6, STM32H562RGV6, STM32H562RIT6, STM32H562RIV6, STM32H562VGT6, STM32H562VIT6, STM32H562ZGT6, STM32H562ZIT6, STM32H563AGI6, STM32H563AII3Q, STM32H563AII6, STM32H563IGK6, STM32H563IGT6, STM32H563IIK3Q, STM32H563IIK6, STM32H563IIT3Q, STM32H563IIT6, STM32H563MIY3QTR, STM32H563RGT6, STM32H563RGV6, STM32H563RIT6, STM32H563RIV6, STM32H563VGT6, STM32H563VIT3Q, STM32H563VIT6, STM32H563ZGT6, STM32H563ZIT3Q, STM32H563ZIT6, STM32H573AII3Q, STM32H573AII6, STM32H573I-DK, STM32H573IIK3Q, STM32H573IIK6, STM32H573IIT3Q, STM32H573IIT6, STM32H573MIY3QTR, STM32H573RIT6, STM32H573RIV6, STM32H573VIT3Q, STM32H573VIT6, STM32H573ZIT3Q, STM32H573ZIT6, STM32H7R3A8I6, STM32H7R3I8K6, STM32H7R3I8T6, STM32H7R3L8H6, STM32H7R3L8H6H, STM32H7R3R8V6, STM32H7R3V8H6, STM32H7R3V8T6, STM32H7R3V8Y6TR, STM32H7R3Z8J6, STM32H7R3Z8T6, STM32H7R7A8I6, STM32H7R7I8K6, STM32H7R7I8T6, STM32H7R7L8H6, STM32H7R7L8H6H, STM32H7R7Z8J6, STM32H7S3A8I6, STM32H7S3I8K6, STM32H7S3I8T6, STM32H7S3L8H6, STM32H7S3L8H6H, STM32H7S3R8V6, STM32H7S3V8H6, STM32H7S3V8T6, STM32H7S3V8Y6TR, STM32H7S3Z8J6, STM32H7S3Z8T6, STM32H7S78-DK, STM32H7S7A8I6, STM32H7S7I8K6, STM32H7S7I8T6, STM32H7S7L8H6, STM32H7S7L8H6H, STM32H7S7Z8J6, STM32L4R5QGI6STR, STM32MP131AAE3, STM32MP131AAF3, STM32MP131AAG3, STM32MP131CAE3, STM32MP131CAF3, STM32MP131CAG3, STM32MP131DAE7, STM32MP131DAF7, STM32MP131DAG7, STM32MP131FAE7, STM32MP131FAF7, STM32MP131FAG7, STM32MP133AAE3, STM32MP133AAF3, STM32MP133AAG3, STM32MP133CAE3, STM32MP133CAF3, STM32MP133CAG3, STM32MP133DAE7, STM32MP133DAF7, STM32MP133DAG7, STM32MP133FAE7, STM32MP133FAF7, STM32MP133FAG7, STM32MP135AAE3, STM32MP135AAF3, STM32MP135AAG3, STM32MP135CAE3, STM32MP135CAF3, STM32MP135CAG3, STM32MP135DAE7, STM32MP135DAF7, STM32MP135DAG7, STM32MP135F-DK, STM32MP135FAE7, STM32MP135FAF7, STM32MP135FAF7T, STM32MP135FAF7U, STM32MP135FAG7, STM32MP251AAI3, STM32MP251AAK3, STM32MP251AAL3, STM32MP251CAI3, STM32MP251CAK3, STM32MP251CAL3, STM32MP251DAI3, STM32MP251DAK3, STM32MP251DAL3, STM32MP251FAI3, STM32MP251FAK3, STM32MP251FAL3, STM32MP253AAI3, STM32MP253AAK3, STM32MP253AAL3, STM32MP253CAI3, STM32MP253CAK3, STM32MP253CAL3, STM32MP253DAI3, STM32MP253DAK3, STM32MP253DAL3, STM32MP253FAI3, STM32MP253FAK3, STM32MP253FAL3, STM32MP255AAI3, STM32MP255AAK3, STM32MP255AAL3, STM32MP255CAI3, STM32MP255CAK3, STM32MP255CAL3, STM32MP255DAI3, STM32MP255DAK3, STM32MP255DAL3, STM32MP255FAI3, STM32MP255FAK3, STM32MP255FAL3, STM32MP257AAI3, STM32MP257AAK3, STM32MP257AAL3, STM32MP257CAI3, STM32MP257CAK3, STM32MP257CAL3, STM32MP257DAI3, STM32MP257DAK3, STM32MP257DAL3, STM32MP257F-DK, STM32MP257F-EV1, STM32MP257FAI3, STM32MP257FAK3, STM32MP257FAL3, STM32U031C6T6, STM32U031C6U6, STM32U031C8T6, STM32U031C8U6, STM32U031F4P6, STM32U031F6P6, STM32U031F8P6, STM32U031G6Y6TR, STM32U031G8Y6TR, STM32U031K4U6, STM32U031K6U6, STM32U031K8U6, STM32U031R6I6, STM32U031R6T6, STM32U031R8I6, STM32U031R8T6, STM32U073C8T6, STM32U073C8U6, STM32U073CBT6, STM32U073CBU6, STM32U073CCT6, STM32U073CCU6, STM32U073H8Y6TR, STM32U073HBY6TR, STM32U073HCY6TR, STM32U073K8U6, STM32U073KBU6, STM32U073KCU6, STM32U073M8I6, STM32U073M8T6, STM32U073MBI6, STM32U073MBT6, STM32U073MCI6, STM32U073MCT6, STM32U073R8I6, STM32U073R8T6, STM32U073RBI6, STM32U073RBT6, STM32U073RCI6, STM32U073RCT6, STM32U083C-DK, STM32U083CCT6, STM32U083CCU6, STM32U083HCY6TR, STM32U083KCU6, STM32U083MCI6, STM32U083MCT6, STM32U083RCI6, STM32U083RCT6, STM32U535CBT6, STM32U535CBT6Q, STM32U535CBU6, STM32U535CBU6Q, STM32U535CCT6, STM32U535CCT6Q, STM32U535CCU6, STM32U535CCU6Q, STM32U535CET6, STM32U535CET6Q, STM32U535CEU6, STM32U535CEU6Q, STM32U535JEY6QTR, STM32U535NCY6QTR, STM32U535NEY6QTR, STM32U535RBI6, STM32U535RBI6Q, STM32U535RBT6, STM32U535RBT6Q, STM32U535RCI6, STM32U535RCI6Q, STM32U535RCT6, STM32U535RCT6Q, STM32U535REI6, STM32U535REI6Q, STM32U535RET6, STM32U535RET6Q, STM32U535VCI6, STM32U535VCI6Q, STM32U535VCT6, STM32U535VCT6Q, STM32U535VEI6, STM32U535VEI6Q, STM32U535VET6, STM32U535VET6Q, STM32U545CET6, STM32U545CET6Q, STM32U545CEU6, STM32U545CEU6Q, STM32U545JEY6QTR, STM32U545NEY6QTR, STM32U545REI6, STM32U545REI6Q, STM32U545RET6, STM32U545RET6Q, STM32U545VEI6, STM32U545VEI6Q, STM32U545VET6, STM32U545VET6Q, STM32U595AIH6, STM32U595AIH6Q, STM32U595AJH6, STM32U595AJH6Q, STM32U595QII6, STM32U595QII6Q, STM32U595QJI6, STM32U595QJI6Q, STM32U595RIT6, STM32U595RIT6Q, STM32U595RJT6, STM32U595RJT6Q, STM32U595VIT6, STM32U595VIT6Q, STM32U595VJT6, STM32U595VJT6Q, STM32U595ZIT6, STM32U595ZIT6Q, STM32U595ZIY6QTR, STM32U595ZJT6, STM32U595ZJT6Q, STM32U595ZJY6QTR, STM32U599BJY6QTR, STM32U599NIH6Q, STM32U599NJH6Q, STM32U599VIT6Q, STM32U599VJT6, STM32U599VJT6Q, STM32U599ZIT6Q, STM32U599ZIY6QTR, STM32U599ZJT6Q, STM32U599ZJY6QTR, STM32U5A5AJH6, STM32U5A5AJH6Q, STM32U5A5QII3Q , STM32U5A5QJI6, STM32U5A5QJI6Q, STM32U5A5RJT6, STM32U5A5RJT6Q, STM32U5A5VJT6, STM32U5A5VJT6Q, STM32U5A5ZJT6, STM32U5A5ZJT6Q, STM32U5A5ZJY6QTR, STM32U5A9BJY6QTR, STM32U5A9J-DK, STM32U5A9NJH6Q, STM32U5A9VJT6Q, STM32U5A9ZJT6Q, STM32U5A9ZJY6QTR, STM32U5F7VIT6, STM32U5F7VIT6Q, STM32U5F7VJT6, STM32U5F7VJT6Q, STM32U5F9BJY6QTR, STM32U5F9NJH6Q, STM32U5F9VIT6Q, STM32U5F9VJT6Q, STM32U5F9ZIJ6QTR, STM32U5F9ZIT6Q, STM32U5F9ZJJ6QTR, STM32U5F9ZJT6Q, STM32U5G7VJT6, STM32U5G7VJT6Q, STM32U5G9BJY6QTR, STM32U5G9J-DK1, STM32U5G9J-DK2, STM32U5G9NJH6Q, STM32U5G9VJT6Q, STM32U5G9ZJJ6QTR, STM32U5G9ZJT6Q, STM32WB05KZV6TR, STM32WB05KZV7TR, STM32WB05TZF6TR, STM32WB05TZF7TR, STM32WB06CCF6TR, STM32WB06CCF7TR, STM32WB06CCV6TR, STM32WB06CCV7TR, STM32WB06KCV6TR, STM32WB06KCV7TR, STM32WB07CCF6TR, STM32WB07CCF7TR, STM32WB07CCV6TR, STM32WB07CCV7TR, STM32WB07KCV6TR, STM32WB07KCV7TR, STM32WB09KEV6TR, STM32WB09KEV7TR, STM32WB09TEF6TR, STM32WB09TEF7TR, STM32WB1MMCH6, STM32WBA50KGU6, STM32WBA50KGU6TR, STM32WBA52CEU6, STM32WBA52CEU6TR, STM32WBA52CEU7, STM32WBA52CEU7TR, STM32WBA52CGU6, STM32WBA52CGU6TR, STM32WBA52CGU6U, STM32WBA52CGU7, STM32WBA52CGU7TR, STM32WBA52KEU6, STM32WBA52KEU6TR, STM32WBA52KGU6, STM32WBA52KGU6TR, STM32WBA54CEU6, STM32WBA54CEU6TR, STM32WBA54CEU7, STM32WBA54CEU7TR, STM32WBA54CGU6, STM32WBA54CGU6TR, STM32WBA54CGU7, STM32WBA54CGU7TR, STM32WBA54KEU6, STM32WBA54KEU6TR, STM32WBA54KEU7, STM32WBA54KEU7TR, STM32WBA54KGU6, STM32WBA54KGU6TR, STM32WBA54KGU7, STM32WBA54KGU7TR, STM32WBA55CEU6, STM32WBA55CEU6TR, STM32WBA55CEU7, STM32WBA55CEU7TR, STM32WBA55CGU6, STM32WBA55CGU6TR, STM32WBA55CGU6U, STM32WBA55CGU7, STM32WBA55CGU7TR, STM32WBA55G-DK1, STM32WBA55HEF6, STM32WBA55HEF7, STM32WBA55HGF6, STM32WBA55HGF7, STM32WBA55UEI6, STM32WBA55UEI6TR, STM32WBA55UEI7, STM32WBA55UEI7TR, STM32WBA55UGI6, STM32WBA55UGI6TR, STM32WBA55UGI7, STM32WBA55UGI7TR, STM32WL5MOCH6, STM32WL5MOCH6TR]
2025-03-28 21:23:07,928 [INFO] BoardInfo:889 - No configuration file found for board NUCLEO-C051C8
2025-03-28 21:23:07,931 [INFO] DbBoards:161 - Board is not supported: NUCLEO-C051C8
2025-03-28 21:23:07,942 [INFO] BoardInfo:889 - No configuration file found for board NUCLEO-C092RC
2025-03-28 21:23:07,943 [INFO] DbBoards:161 - Board is not supported: NUCLEO-C092RC
2025-03-28 21:23:08,148 [INFO] BoardInfo:889 - No configuration file found for board NUCLEO-N657X0-Q
2025-03-28 21:23:08,149 [INFO] DbBoards:161 - Board is not supported: NUCLEO-N657X0-Q
2025-03-28 21:23:08,158 [INFO] BoardInfo:889 - No configuration file found for board NUCLEO-U385RG-Q
2025-03-28 21:23:08,160 [INFO] DbBoards:161 - Board is not supported: NUCLEO-U385RG-Q
2025-03-28 21:23:08,182 [INFO] BoardInfo:889 - No configuration file found for board NUCLEO-WBA65RI
2025-03-28 21:23:08,183 [INFO] DbBoards:161 - Board is not supported: NUCLEO-WBA65RI
2025-03-28 21:23:08,184 [INFO] BoardInfo:889 - No configuration file found for board NUCLEO-WL33CC1
2025-03-28 21:23:08,185 [INFO] DbBoards:161 - Board is not supported: NUCLEO-WL33CC1
2025-03-28 21:23:08,186 [INFO] BoardInfo:889 - No configuration file found for board NUCLEO-WL33CC2
2025-03-28 21:23:08,186 [INFO] DbBoards:161 - Board is not supported: NUCLEO-WL33CC2
2025-03-28 21:23:08,198 [INFO] BoardInfo:889 - No configuration file found for board P-NUCLEO-WB55
2025-03-28 21:23:08,198 [INFO] DbBoards:161 - Kit is not supported: P-NUCLEO-WB55
2025-03-28 21:23:08,204 [INFO] BoardInfo:889 - No configuration file found for board STEVAL-BFA001V1B
2025-03-28 21:23:08,206 [INFO] DbBoards:161 - Kit is not supported: STEVAL-BFA001V1B
2025-03-28 21:23:08,207 [INFO] BoardInfo:889 - No configuration file found for board STEVAL-BFA001V2B
2025-03-28 21:23:08,208 [INFO] DbBoards:161 - Kit is not supported: STEVAL-BFA001V2B
2025-03-28 21:23:08,950 [INFO] BoardInfo:889 - No configuration file found for board STM32N6570-DK
2025-03-28 21:23:08,953 [INFO] DbBoards:161 - Board is not supported: STM32N6570-DK
2025-03-28 21:23:09,019 [INFO] BoardInfo:889 - No configuration file found for board STM32WBA65I-DK1
2025-03-28 21:23:09,023 [INFO] DbBoards:161 - Board is not supported: STM32WBA65I-DK1
2025-03-28 21:23:09,024 [INFO] DbBoards:168 - Found 210 boards, 198 are supported
2025-03-28 21:23:09,024 [INFO] DbBoards:169 - Found 210 boards, 25 of them is supported for  Bsp
2025-03-28 21:23:09,030 [INFO] ApiDb:423 - Load user favorites file C:\Users\PCHP/.stm32cubeide/favorites.boards.txt: 0 item(s)
2025-03-28 21:23:09,031 [INFO] ApiDb:427 - User favorites Boards=[]
2025-03-28 21:23:09,031 [INFO] DbBoards:198 - Set 0 / 0 favorites Boards
2025-03-28 21:23:09,039 [INFO] ApiDb:668 - CubeFinder database Data Model version=2.1
2025-03-28 21:23:09,039 [INFO] ApiDb:669 - CubeFinder database Configuration version=3.0.39
2025-03-28 21:23:09,039 [INFO] ApiDb:670 - CubeFinder database generation date=2025-03-24 (1742811287)
2025-03-28 21:23:09,039 [INFO] ApiDb:671 - CubeFinder database FW Pack versions=[FP-ATR-ASTRA1_V2.0.0, FP-SNS-FLIGHT1_V5.0.2, FP-SNS-MOTENV1_V5.0.0, FP-SNS-MOTENVWB1_V1.4.0, FP-SNS-SMARTAG2_V1.2.0, FP-SNS-STBOX1_V2.0.0, STM32Cube_FW_C0_V1.4.0, STM32Cube_FW_F4_V1.28.1, STM32Cube_FW_F7_V1.17.2, STM32Cube_FW_G0_V1.6.2, STM32Cube_FW_G4_V1.6.1, STM32Cube_FW_H5_V1.5.0, STM32Cube_FW_H7RS_V1.2.0, STM32Cube_FW_H7_V1.12.1, STM32Cube_FW_L0_V1.12.2, STM32Cube_FW_L4_V1.18.1, STM32Cube_FW_L5_V1.5.1, STM32Cube_FW_N6_V1.1.0, STM32Cube_FW_U0_V1.2.0, STM32Cube_FW_U3_V1.1.0, STM32Cube_FW_U5_V1.7.0, STM32Cube_FW_WB0_V1.2.0, STM32Cube_FW_WBA_V1.6.0, STM32Cube_FW_WB_V1.22.0, STM32Cube_FW_WL3_V1.1.0, STM32Cube_FW_WL_V1.3.1, X-CUBE-ALGOBUILD_V1.4.0, X-CUBE-ALS_V1.0.2, X-CUBE-AZRTOS-F4_V1.1.0, X-CUBE-AZRTOS-F7_V1.1.0, X-CUBE-AZRTOS-G0_V1.1.0, X-CUBE-AZRTOS-G4_V2.0.0, X-CUBE-AZRTOS-H7RS_V1.0.0, X-CUBE-AZRTOS-H7_V3.3.0, X-CUBE-AZRTOS-L4_V2.0.0, X-CUBE-AZRTOS-L5_V2.0.0, X-CUBE-AZRTOS-WB_V2.0.0, X-CUBE-AZRTOS-WL_V2.0.0, X-CUBE-BLE1_V7.1.0, X-CUBE-BLE2_V3.3.0, X-CUBE-BLEMGR_V4.0.0, X-CUBE-EEPRMA1_V5.1.0, X-CUBE-FREERTOS_V1.3.0, X-CUBE-GNSS1_V6.0.0, X-CUBE-MEMS1_V11.1.0, X-CUBE-NFC4_V3.0.0, X-CUBE-NFC7_V1.0.1, X-CUBE-SFXS2LP1_V4.0.0, X-CUBE-SUBG2_V5.0.0, X-CUBE-TOF1_V3.4.2]
2025-03-28 21:23:12,066 [ERROR] DbExamplesSqlite:437 - Missing JSON key: board_cpn
2025-03-28 21:23:12,067 [ERROR] DbExamplesSqlite:437 - Missing JSON key: board_cpn
2025-03-28 21:23:12,068 [ERROR] DbExamplesSqlite:437 - Missing JSON key: board_cpn
2025-03-28 21:23:12,068 [ERROR] DbExamplesSqlite:437 - Missing JSON key: board_cpn
2025-03-28 21:23:12,647 [ERROR] DbExamplesSqlite:437 - Missing JSON key: board_cpn
2025-03-28 21:23:12,648 [ERROR] DbExamplesSqlite:437 - Missing JSON key: board_cpn
2025-03-28 21:23:12,649 [ERROR] DbExamplesSqlite:437 - Missing JSON key: board_cpn
2025-03-28 21:23:12,650 [ERROR] DbExamplesSqlite:437 - Missing JSON key: board_cpn
2025-03-28 21:23:12,650 [ERROR] DbExamplesSqlite:437 - Missing JSON key: board_cpn
2025-03-28 21:23:12,651 [ERROR] DbExamplesSqlite:437 - Missing JSON key: board_cpn
2025-03-28 21:23:12,652 [ERROR] DbExamplesSqlite:437 - Missing JSON key: board_cpn
2025-03-28 21:23:12,652 [ERROR] DbExamplesSqlite:437 - Missing JSON key: board_cpn
2025-03-28 21:23:12,653 [ERROR] DbExamplesSqlite:437 - Missing JSON key: board_cpn
2025-03-28 21:23:13,290 [ERROR] DbExamplesSqlite:437 - Missing JSON key: board_cpn
2025-03-28 21:23:13,323 [INFO] DbExamplesSqlite:395 - Ignored 46 examples not supported by CubeIDE
2025-03-28 21:23:13,324 [INFO] DbExamplesSqlite:396 - Found 10814 examples active
2025-03-28 21:23:13,324 [INFO] DbExamplesSqlite:397 - Found 0 examples obsolete
2025-03-28 21:23:13,325 [INFO] DbExamplesSqlite:398 - Found 0 examples under development
2025-03-28 21:23:13,325 [INFO] DbExamplesSqlite:399 - Found 79 examples not building
2025-03-28 21:23:13,329 [INFO] DbExamples:125 - Found 10847 examples
2025-03-28 21:23:13,391 [ERROR] DbExamples:208 - Found 3 examples with invalid data (board or MCU)
2025-03-28 21:23:13,392 [INFO] DbExamples:222 - Found 133 boards with related examples
2025-03-28 21:23:13,395 [INFO] DbExamples:235 - Found 110 MCUs with related examples
2025-03-28 21:23:13,453 [INFO] ApiDb:414 - User favorites file not found: C:\Users\PCHP/.stm32cubeide/favorites.examples.txt
2025-03-28 21:23:13,454 [INFO] DbExamples:250 - Set 0 / 0 favorites Examples
2025-03-28 21:23:13,989 [INFO] McuFinderGlobals:76 - Set McuFinderConnectedMode to true
2025-03-28 21:23:13,999 [INFO] MultiScanPanel:200 - Auto-refresh data requested => check proxy status ongoing
2025-03-28 21:23:14,006 [INFO] FinderPluginLoader:95 - Searching for filters in installed packs
2025-03-28 21:23:15,776 [INFO] LoadUrlFilesThread:185 - End of LoadServerUrlFiles without Thread
2025-03-28 21:23:15,899 [INFO] DetailPanel:341 - Set advertising image to C:/Users/PCHP/STM32Cube/Repository/\en.prom-stm32u3-mcu-finder.jpg
2025-03-28 21:28:48,879 [INFO] MainUpdater:2873 - connection check result : 10
2025-03-28 21:28:48,880 [INFO] MainUpdater:2873 - connection check result : 10
2025-03-28 21:28:48,976 [INFO] RulesReader:64 - Compatibility file has been processed (297 Rules)
2025-03-28 21:28:48,992 [INFO] RulesReader:64 - Compatibility file has been processed (297 Rules)
2025-03-28 21:28:48,996 [INFO] MicroXplorer:468 - Change Database Path : 
2025-03-28 21:28:48,996 [INFO] MicroXplorer:498 - Change Database Version : DB.6.0.121
2025-03-28 21:28:49,011 [WARN] ThirdParty:871 - waiting for thirdparty lock release [close project]
2025-03-28 21:28:49,011 [INFO] ThirdParty:873 - entering critical section [close project]
2025-03-28 21:28:49,013 [INFO] ThirdParty:883 - exiting critical section [close project]
2025-03-28 21:28:49,014 [INFO] PinOutPanel:1561 - setPackage(No Configuration,No Configuration)
2025-03-28 21:28:49,017 [INFO] UtilMem:75 - Begin LoadConfig() Used Memory: 769465736 Bytes (1073741824)
2025-03-28 21:28:49,019 [INFO] MicroXplorer:468 - Change Database Path : 
2025-03-28 21:28:49,019 [INFO] MicroXplorer:498 - Change Database Version : DB.6.0.121
2025-03-28 21:28:49,019 [INFO] OpenFileManager:332 - Change cursor
2025-03-28 21:28:49,565 [INFO] Mcu:2032 - Initializing MCU STM32F103C8Tx STM32F103C8Tx STM32F103C8T6
2025-03-28 21:28:51,147 [INFO] Context:742 - Trying to add GPIOservice into a context  which must be forbidden
2025-03-28 21:28:51,457 [INFO] ImportTextPane:205 - (OptionalMessage_ERROR) Unable to find key (Mcu.ThirdPartyNb) in loaded IOC file
2025-03-28 21:28:51,457 [INFO] ImportTextPane:205 - (OptionalMessage_ERROR) Unable to find key (Mcu.PinsNb) in loaded IOC file
2025-03-28 21:28:51,458 [INFO] ImportTextPane:205 - (OptionalMessage_ERROR) Unable to find key (Mcu.IPNb) in loaded IOC file
2025-03-28 21:28:51,745 [INFO] RtosManager:555 - Registered RTOS mode: class=CMSIS, group=RTOS, mode=CMSIS_V1, owner=FREERTOS
2025-03-28 21:28:51,745 [INFO] RtosManager:555 - Registered RTOS mode: class=CMSIS, group=RTOS2, mode=CMSIS_V2, owner=FREERTOS
2025-03-28 21:28:51,745 [INFO] RtosManager:555 - Registered RTOS mode: class=RTOS, group=Core, mode=CMSIS_V1, owner=FREERTOS
2025-03-28 21:28:51,745 [INFO] RtosManager:555 - Registered RTOS mode: class=RTOS, group=Core, mode=CMSIS_V2, owner=FREERTOS
2025-03-28 21:28:51,746 [WARN] ModelIntegratedComponent:184 - Missing modes for component STMicroelectronics:FreeRTOS:0.0.1:STMicroelectronics:RTOS:FreeRTOS:Core:::10.2.0:
2025-03-28 21:28:51,765 [WARN] ModelIntegratedComponent:63 - No mode defined for component null
2025-03-28 21:28:51,766 [WARN] ModelIntegratedComponent:63 - No mode defined for component null
2025-03-28 21:28:51,766 [WARN] ModelIntegratedComponent:63 - No mode defined for component null
2025-03-28 21:28:51,766 [WARN] ModelIntegratedComponent:63 - No mode defined for component null
2025-03-28 21:28:51,766 [WARN] ModelIntegratedComponent:63 - No mode defined for component null
2025-03-28 21:28:51,766 [WARN] ModelIntegratedComponent:63 - No mode defined for component null
2025-03-28 21:28:51,766 [WARN] ModelIntegratedComponent:63 - No mode defined for component null
2025-03-28 21:28:51,766 [WARN] ModelIntegratedComponent:63 - No mode defined for component null
2025-03-28 21:28:51,766 [WARN] ModelIntegratedComponent:63 - No mode defined for component null
2025-03-28 21:28:51,766 [WARN] ModelIntegratedComponent:63 - No mode defined for component null
2025-03-28 21:28:51,766 [WARN] ModelIntegratedComponent:63 - No mode defined for component null
2025-03-28 21:28:51,766 [WARN] ModelIntegratedComponent:63 - No mode defined for component null
2025-03-28 21:28:51,766 [WARN] ModelIntegratedComponent:63 - No mode defined for component null
2025-03-28 21:28:51,766 [WARN] ModelIntegratedComponent:63 - No mode defined for component null
2025-03-28 21:28:51,766 [WARN] ModelIntegratedComponent:63 - No mode defined for component null
2025-03-28 21:28:51,766 [WARN] ModelIntegratedComponent:63 - No mode defined for component null
2025-03-28 21:28:51,766 [WARN] ModelIntegratedComponent:63 - No mode defined for component null
2025-03-28 21:28:51,767 [WARN] ModelIntegratedComponent:63 - No mode defined for component null
2025-03-28 21:28:51,767 [WARN] ModelIntegratedComponent:63 - No mode defined for component null
2025-03-28 21:28:51,767 [WARN] ModelIntegratedComponent:63 - No mode defined for component null
2025-03-28 21:28:51,767 [WARN] ModelIntegratedComponent:63 - No mode defined for component null
2025-03-28 21:28:51,767 [WARN] ModelIntegratedComponent:63 - No mode defined for component null
2025-03-28 21:28:51,767 [WARN] ModelIntegratedComponent:63 - No mode defined for component null
2025-03-28 21:28:51,767 [WARN] ModelIntegratedComponent:63 - No mode defined for component null
2025-03-28 21:28:51,767 [WARN] ModelIntegratedComponent:63 - No mode defined for component null
2025-03-28 21:28:51,767 [WARN] ModelIntegratedComponent:63 - No mode defined for component null
2025-03-28 21:28:51,767 [WARN] ModelIntegratedComponent:63 - No mode defined for component null
2025-03-28 21:28:51,767 [WARN] ModelIntegratedComponent:63 - No mode defined for component null
2025-03-28 21:28:51,767 [WARN] ModelIntegratedComponent:63 - No mode defined for component null
2025-03-28 21:28:51,767 [WARN] ModelIntegratedComponent:63 - No mode defined for component null
2025-03-28 21:28:51,767 [WARN] ModelIntegratedComponent:63 - No mode defined for component null
2025-03-28 21:28:51,767 [WARN] ModelIntegratedComponent:63 - No mode defined for component null
2025-03-28 21:28:51,768 [WARN] ModelIntegratedComponent:63 - No mode defined for component null
2025-03-28 21:28:51,768 [WARN] ModelIntegratedComponent:63 - No mode defined for component null
2025-03-28 21:28:51,768 [WARN] ModelIntegratedComponent:63 - No mode defined for component null
2025-03-28 21:28:51,768 [WARN] ModelPack:524 - Component already loaded: STMicroelectronics:HAL Drivers:0.0.0:STMicroelectronics:Device:STMicro_Driver:XSPI:HAL::0.0.1:HAL_XSPI
2025-03-28 21:28:51,915 [INFO] ThirdPartyModel:298 - Start build external matchings
2025-03-28 21:28:52,917 [INFO] ThirdPartyModel:316 - End build external matchings
2025-03-28 21:28:53,199 [INFO] UtilMem:75 - End LoadConfig() Used Memory: 920079936 Bytes (1073741824)
2025-03-28 21:28:53,290 [WARN] ThirdParty:833 - waiting for thirdparty lock release [change project]
2025-03-28 21:28:53,290 [INFO] ThirdParty:835 - entering critical section [change project]
2025-03-28 21:28:53,291 [INFO] ThirdParty:1030 - CMSIS Pack Vendor :STMicroelectronics USBPD 4.1
2025-03-28 21:28:53,291 [INFO] ThirdParty:1030 - CMSIS Pack Vendor :STMicroelectronics X-CUBE-AZRTOS-H7 3.3.0
2025-03-28 21:28:53,291 [INFO] ThirdParty:1030 - CMSIS Pack Vendor :STMicroelectronics X-CUBE-NFC9 1.0.0
2025-03-28 21:28:53,291 [INFO] ThirdParty:1030 - CMSIS Pack Vendor :STMicroelectronics USB_HOST 2.0.0
2025-03-28 21:28:53,291 [INFO] ThirdParty:1030 - CMSIS Pack Vendor :STMicroelectronics FP-SNS-MOTENVWB1 1.4.0
2025-03-28 21:28:53,291 [INFO] ThirdParty:1030 - CMSIS Pack Vendor :STMicroelectronics X-CUBE-AZRTOS-F4 1.1.0
2025-03-28 21:28:53,291 [INFO] ThirdParty:1030 - CMSIS Pack Vendor :STMicroelectronics LIBJPEG 8.0.0
2025-03-28 21:28:53,291 [INFO] ThirdParty:1030 - CMSIS Pack Vendor :STMicroelectronics FP-ATR-ASTRA1 2.0.2
2025-03-28 21:28:53,291 [INFO] ThirdParty:1030 - CMSIS Pack Vendor :STMicroelectronics FP-ATR-ASTRA1 2.0.1
2025-03-28 21:28:53,291 [INFO] ThirdParty:1030 - CMSIS Pack Vendor :STMicroelectronics X-CUBE-BLE1 7.1.0
2025-03-28 21:28:53,292 [INFO] ThirdParty:1030 - CMSIS Pack Vendor :STMicroelectronics X-CUBE-SMBUS 2.1.0
2025-03-28 21:28:53,292 [INFO] ThirdParty:1030 - CMSIS Pack Vendor :STMicroelectronics X-CUBE-WB05N 1.1.0
2025-03-28 21:28:53,292 [INFO] ThirdParty:1030 - CMSIS Pack Vendor :STMicroelectronics USB_DEVICE 3.0.0
2025-03-28 21:28:53,292 [INFO] ThirdParty:1030 - CMSIS Pack Vendor :STMicroelectronics X-CUBE-TCPP 4.1.0
2025-03-28 21:28:53,292 [INFO] ThirdParty:1030 - CMSIS Pack Vendor :STMicroelectronics X-CUBE-ISPU 2.1.0
2025-03-28 21:28:53,292 [INFO] ThirdParty:1030 - CMSIS Pack Vendor :STMicroelectronics X-CUBE-FREERTOS 1.2.0
2025-03-28 21:28:53,292 [INFO] ThirdParty:1030 - CMSIS Pack Vendor :STMicroelectronics X-CUBE-IPS 3.0.0
2025-03-28 21:28:53,292 [INFO] ThirdParty:1030 - CMSIS Pack Vendor :STMicroelectronics X-CUBE-AZRTOS-WB 2.0.0
2025-03-28 21:28:53,292 [INFO] ThirdParty:1030 - CMSIS Pack Vendor :STMicroelectronics X-CUBE-GNSS1 7.0.0
2025-03-28 21:28:53,292 [INFO] ThirdParty:1030 - CMSIS Pack Vendor :STMicroelectronics X-CUBE-GNSS1 7.0.1
2025-03-28 21:28:53,292 [INFO] ThirdParty:1030 - CMSIS Pack Vendor :STMicroelectronics X-CUBE-AZRTOS-F7 1.1.0
2025-03-28 21:28:53,292 [INFO] ThirdParty:1030 - CMSIS Pack Vendor :STMicroelectronics X-CUBE-AZRTOS-L5 2.0.0
2025-03-28 21:28:53,292 [INFO] ThirdParty:1030 - CMSIS Pack Vendor :STMicroelectronics X-CUBE-TOUCHGFX 4.25.0
2025-03-28 21:28:53,293 [INFO] ThirdParty:1030 - CMSIS Pack Vendor :STMicroelectronics USB_DEVICE 2.0.0
2025-03-28 21:28:53,293 [INFO] ThirdParty:1030 - CMSIS Pack Vendor :STMicroelectronics X-CUBE-NFC6 3.1.0
2025-03-28 21:28:53,293 [INFO] ThirdParty:1030 - CMSIS Pack Vendor :STMicroelectronics FP-SNS-STBOX1 2.0.0
2025-03-28 21:28:53,293 [INFO] ThirdParty:1030 - CMSIS Pack Vendor :STMicroelectronics X-CUBE-MEMS1 11.0.0
2025-03-28 21:28:53,293 [INFO] ThirdParty:1030 - CMSIS Pack Vendor :STMicroelectronics FreeRTOS 0.0.1
2025-03-28 21:28:53,293 [INFO] ThirdParty:1030 - CMSIS Pack Vendor :STMicroelectronics X-CUBE-AZRTOS-G0 1.1.0
2025-03-28 21:28:53,293 [INFO] ThirdParty:1030 - CMSIS Pack Vendor :STMicroelectronics X-CUBE-SAFEA1 1.2.2
2025-03-28 21:28:53,293 [INFO] ThirdParty:1030 - CMSIS Pack Vendor :STMicroelectronics X-CUBE-NFC4 3.0.0
2025-03-28 21:28:53,293 [INFO] ThirdParty:1030 - CMSIS Pack Vendor :STMicroelectronics X-CUBE-DPower 1.2.0
2025-03-28 21:28:53,293 [INFO] ThirdParty:1030 - CMSIS Pack Vendor :STMicroelectronics X-CUBE-SUBG2 5.0.0
2025-03-28 21:28:53,293 [INFO] ThirdParty:1030 - CMSIS Pack Vendor :STMicroelectronics X-CUBE-AZRTOS-H7RS 1.1.0
2025-03-28 21:28:53,293 [INFO] ThirdParty:1030 - CMSIS Pack Vendor :STMicroelectronics STM32_WPAN 1.0.0
2025-03-28 21:28:53,293 [INFO] ThirdParty:1030 - CMSIS Pack Vendor :EmbeddedOffice I-CUBE-FS-RTOS 1.0.1
2025-03-28 21:28:53,293 [INFO] ThirdParty:1030 - CMSIS Pack Vendor :STMicroelectronics lwIP 2.0.3
2025-03-28 21:28:53,294 [INFO] ThirdParty:1030 - CMSIS Pack Vendor :STMicroelectronics FP-SNS-FLIGHT1 5.0.2
2025-03-28 21:28:53,294 [INFO] ThirdParty:1030 - CMSIS Pack Vendor :Cesanta I-CUBE-Mongoose 7.13.0
2025-03-28 21:28:53,294 [INFO] ThirdParty:1030 - CMSIS Pack Vendor :STMicroelectronics USB_HOST 1.0.0
2025-03-28 21:28:53,294 [INFO] ThirdParty:1030 - CMSIS Pack Vendor :STMicroelectronics X-CUBE-AZRTOS-G4 2.0.0
2025-03-28 21:28:53,294 [INFO] ThirdParty:1030 - CMSIS Pack Vendor :STMicroelectronics PDM2PCM 3.1.0
2025-03-28 21:28:53,294 [INFO] ThirdParty:1030 - CMSIS Pack Vendor :STMicroelectronics PDM2PCM 3.3.0
2025-03-28 21:28:53,294 [INFO] ThirdParty:1030 - CMSIS Pack Vendor :STMicroelectronics X-CUBE-DISPLAY 3.0.0
2025-03-28 21:28:53,294 [INFO] ThirdParty:1030 - CMSIS Pack Vendor :RealThread X-CUBE-RT-Thread_Nano 4.1.1
2025-03-28 21:28:53,294 [INFO] ThirdParty:1030 - CMSIS Pack Vendor :STMicroelectronics X-CUBE-BLE1 7.0.0
2025-03-28 21:28:53,294 [INFO] ThirdParty:1030 - CMSIS Pack Vendor :STMicroelectronics FP-ATR-SIGFOX1 3.2.0
2025-03-28 21:28:53,294 [INFO] ThirdParty:1030 - CMSIS Pack Vendor :STMicroelectronics X-CUBE-NFC10 1.0.0
2025-03-28 21:28:53,294 [INFO] ThirdParty:1030 - CMSIS Pack Vendor :wolfSSL I-CUBE-wolfSSL 5.7.2
2025-03-28 21:28:53,294 [INFO] ThirdParty:1030 - CMSIS Pack Vendor :quantropi X-CUBE-qispace-sdk-base 1.9.3
2025-03-28 21:28:53,294 [INFO] ThirdParty:1030 - CMSIS Pack Vendor :STMicroelectronics X-CUBE-BLEMGR 4.0.0
2025-03-28 21:28:53,294 [INFO] ThirdParty:1030 - CMSIS Pack Vendor :STMicroelectronics X-CUBE-EEPRMA1 5.1.0
2025-03-28 21:28:53,294 [INFO] ThirdParty:1030 - CMSIS Pack Vendor :STMicroelectronics HAL Drivers 0.0.0
2025-03-28 21:28:53,294 [INFO] ThirdParty:1030 - CMSIS Pack Vendor :STMicroelectronics MBEDTLS 2.16.2
2025-03-28 21:28:53,294 [INFO] ThirdParty:1030 - CMSIS Pack Vendor :STMicroelectronics X-CUBE-ALS 1.0.2
2025-03-28 21:28:53,294 [INFO] ThirdParty:1030 - CMSIS Pack Vendor :emotas I-CUBE-CANOPEN 1.3.0
2025-03-28 21:28:53,294 [INFO] ThirdParty:1030 - CMSIS Pack Vendor :STMicroelectronics X-CUBE-FREERTOS 1.3.0
2025-03-28 21:28:53,294 [INFO] ThirdParty:1030 - CMSIS Pack Vendor :STMicroelectronics X-CUBE-NFC7 1.0.1
2025-03-28 21:28:53,294 [INFO] ThirdParty:1030 - CMSIS Pack Vendor :STMicroelectronics MBEDTLS 2.14.1
2025-03-28 21:28:53,294 [INFO] ThirdParty:1030 - CMSIS Pack Vendor :ITTIA_DB I-CUBE-ITTIADB 8.9.0
2025-03-28 21:28:53,295 [INFO] ThirdParty:1030 - CMSIS Pack Vendor :STMicroelectronics X-CUBE-TOUCHGFX 4.24.1
2025-03-28 21:28:53,295 [INFO] ThirdParty:1030 - CMSIS Pack Vendor :wolfSSL I-CUBE-wolfTPM 3.4.0
2025-03-28 21:28:53,295 [INFO] ThirdParty:1030 - CMSIS Pack Vendor :portGmbH I-Cube-SoM-uGOAL 1.1.0
2025-03-28 21:28:53,295 [INFO] ThirdParty:1030 - CMSIS Pack Vendor :STMicroelectronics X-CUBE-BLEMGR 3.1.0
2025-03-28 21:28:53,295 [INFO] ThirdParty:1030 - CMSIS Pack Vendor :STMicroelectronics X-CUBE-AI 10.0.0
2025-03-28 21:28:53,295 [INFO] ThirdParty:1030 - CMSIS Pack Vendor :STMicroelectronics ThreadX 1.0.0
2025-03-28 21:28:53,295 [INFO] ThirdParty:1030 - CMSIS Pack Vendor :STMicroelectronics FP-SNS-SMARTAG2 1.2.0
2025-03-28 21:28:53,295 [INFO] ThirdParty:1030 - CMSIS Pack Vendor :STMicroelectronics X-CUBE-MEMS1 11.1.0
2025-03-28 21:28:53,295 [INFO] ThirdParty:1030 - CMSIS Pack Vendor :STMicroelectronics X-CUBE-AZRTOS-WL 2.0.0
2025-03-28 21:28:53,295 [INFO] ThirdParty:1030 - CMSIS Pack Vendor :SEGGER I-CUBE-embOS 1.3.1
2025-03-28 21:28:53,295 [INFO] ThirdParty:1030 - CMSIS Pack Vendor :STMicroelectronics X-CUBE-ALGOBUILD 1.4.0
2025-03-28 21:28:53,295 [INFO] ThirdParty:1030 - CMSIS Pack Vendor :STMicroelectronics FP-SNS-MOTENV1 5.0.0
2025-03-28 21:28:53,295 [INFO] ThirdParty:1030 - CMSIS Pack Vendor :STMicroelectronics USB_DEVICE 1.0.0
2025-03-28 21:28:53,295 [INFO] ThirdParty:1030 - CMSIS Pack Vendor :STMicroelectronics X-CUBE-AZRTOS-H7RS 1.0.0
2025-03-28 21:28:53,295 [INFO] ThirdParty:1030 - CMSIS Pack Vendor :wolfSSL I-CUBE-wolfMQTT 1.19.0
2025-03-28 21:28:53,295 [INFO] ThirdParty:1030 - CMSIS Pack Vendor :STMicroelectronics X-CUBE-AZRTOS-L4 2.0.0
2025-03-28 21:28:53,295 [INFO] ThirdParty:1030 - CMSIS Pack Vendor :STMicroelectronics ThreadX 0.0.2
2025-03-28 21:28:53,296 [INFO] ThirdParty:1030 - CMSIS Pack Vendor :WES I-CUBE-Cesium 1.3.0
2025-03-28 21:28:53,296 [INFO] ThirdParty:1030 - CMSIS Pack Vendor :STMicroelectronics FP-ATR-ASTRA1 2.0.0
2025-03-28 21:28:53,296 [INFO] ThirdParty:1030 - CMSIS Pack Vendor :STMicroelectronics lwIP 2.1.2
2025-03-28 21:28:53,296 [INFO] ThirdParty:1030 - CMSIS Pack Vendor :STMicroelectronics X-CUBE-SFXS2LP1 4.0.0
2025-03-28 21:28:53,296 [INFO] ThirdParty:1030 - CMSIS Pack Vendor :STMicroelectronics X-CUBE-BLE2 3.3.0
2025-03-28 21:28:53,296 [INFO] ThirdParty:1030 - CMSIS Pack Vendor :STMicroelectronics X-CUBE-TOF1 3.4.2
2025-03-28 21:28:53,296 [INFO] ThirdParty:1030 - CMSIS Pack Vendor :STMicroelectronics X-CUBE-AI 9.1.0
2025-03-28 21:28:53,296 [INFO] ThirdParty:1030 - CMSIS Pack Vendor :Infineon AIROC-Wi-Fi-Bluetooth-STM32 1.6.1
2025-03-28 21:28:53,296 [INFO] ThirdParty:1030 - CMSIS Pack Vendor :STMicroelectronics PDM2PCM 3.2.0
2025-03-28 21:28:53,296 [INFO] ThirdParty:1030 - CMSIS Pack Vendor :wolfSSL I-CUBE-wolfSSH 1.4.17
2025-03-28 21:28:53,296 [INFO] ThirdParty:841 - exiting critical section [change project]
2025-03-28 21:28:53,647 [INFO] PinOutPanel:1561 - setPackage(No Configuration,No Configuration)
2025-03-28 21:28:53,649 [INFO] PinOutPanel:1561 - setPackage(STM32F103C8Tx,LQFP48)
2025-03-28 21:28:54,641 [INFO] UtilMem:75 - Before build in PCC Used Memory: 760697704 Bytes (1073741824)
2025-03-28 21:28:56,009 [INFO] UtilMem:75 - After build in PCC Used Memory: 835146520 Bytes (1073741824)
2025-03-28 21:28:56,043 [INFO] IPUIPlugin:80 - create IPUIPlugin
2025-03-28 21:28:56,043 [INFO] IPUIPlugin:80 - create IPUIPlugin
2025-03-28 21:28:56,043 [INFO] IPUIPlugin:80 - create IPUIPlugin
2025-03-28 21:28:56,043 [INFO] IPUIPlugin:80 - create IPUIPlugin
2025-03-28 21:28:56,044 [INFO] IPUIPlugin:80 - create IPUIPlugin
2025-03-28 21:28:56,044 [INFO] IPUIPlugin:80 - create IPUIPlugin
2025-03-28 21:28:56,044 [INFO] IPUIPlugin:80 - create IPUIPlugin
2025-03-28 21:28:56,044 [INFO] IPUIPlugin:80 - create IPUIPlugin
2025-03-28 21:28:56,044 [INFO] IPUIPlugin:80 - create IPUIPlugin
2025-03-28 21:28:56,044 [INFO] IPUIPlugin:80 - create IPUIPlugin
2025-03-28 21:28:56,044 [INFO] IPUIPlugin:80 - create IPUIPlugin
2025-03-28 21:28:56,044 [INFO] IPUIPlugin:80 - create IPUIPlugin
2025-03-28 21:28:56,045 [INFO] IPUIPlugin:80 - create IPUIPlugin
2025-03-28 21:28:56,045 [INFO] IPUIPlugin:80 - create IPUIPlugin
2025-03-28 21:28:56,045 [INFO] IPUIPlugin:80 - create IPUIPlugin
2025-03-28 21:28:56,045 [INFO] IPUIPlugin:80 - create IPUIPlugin
2025-03-28 21:28:56,046 [INFO] IPUIPlugin:80 - create IPUIPlugin
2025-03-28 21:28:56,046 [INFO] IPUIPlugin:80 - create IPUIPlugin
2025-03-28 21:28:56,046 [INFO] IPUIPlugin:80 - create IPUIPlugin
2025-03-28 21:28:56,046 [INFO] IPUIPlugin:80 - create IPUIPlugin
2025-03-28 21:28:56,047 [INFO] IPUIPlugin:80 - create IPUIPlugin
2025-03-28 21:28:56,047 [INFO] IPUIPlugin:80 - create IPUIPlugin
2025-03-28 21:28:56,047 [INFO] IPUIPlugin:80 - create IPUIPlugin
2025-03-28 21:28:56,048 [INFO] IPUIPlugin:80 - create IPUIPlugin
2025-03-28 21:28:56,048 [INFO] IPUIPlugin:80 - create IPUIPlugin
2025-03-28 21:28:56,048 [INFO] IPUIPlugin:80 - create IPUIPlugin
2025-03-28 21:28:56,048 [INFO] IPUIPlugin:80 - create IPUIPlugin
2025-03-28 21:28:56,364 [INFO] CADModel:165 - CPN selected for project levelSTM32F103C8T6
2025-03-28 21:28:56,365 [INFO] CADModel:114 - Register for checkConnection events
2025-03-28 21:28:56,406 [INFO] OpenFileManager:363 - Restore cursor
2025-03-28 21:28:58,565 [INFO] UtilMem:75 - End SaveConfig() Used Memory: 914050272 Bytes (1073741824)
2025-03-28 21:28:59,190 [INFO] ServerAccessManage:473 - Download File stm32cube_fw_f1_v180.zip
2025-03-28 21:29:07,361 [ERROR] FileExtend:455 - File entry not found
2025-03-28 21:29:07,363 [INFO] FileExtend:240 - Unzip File : stm32cube_fw_f1_v180.zip
2025-03-28 21:29:07,363 [INFO] FileExtend:255 - Standard Zip Deflate
2025-03-28 21:29:47,827 [INFO] ServerAccessManage:473 - Download File stm32cube_fw_f1_v186.zip
2025-03-28 21:29:51,027 [INFO] FileExtend:240 - Unzip File : stm32cube_fw_f1_v186.zip
2025-03-28 21:29:51,028 [INFO] FileExtend:255 - Standard Zip Deflate
2025-03-28 21:30:15,893 [INFO] LoadServerPackagesThread:196 - End of LoadServerPackages Thread
2025-03-28 21:30:16,117 [INFO] ThirdPartyModel:298 - Start build external matchings
2025-03-28 21:30:16,129 [INFO] UtilMem:75 - End SaveConfig() Used Memory: 1050860312 Bytes (1073741824)
2025-03-28 21:30:18,306 [INFO] BlockDiagram:2766 - set Specific Code input for plugin: NVIC
2025-03-28 21:30:18,306 [INFO] BlockDiagram:2766 - set Specific Code input for plugin: RCC
2025-03-28 21:30:18,309 [INFO] CodeGenerator:807 - code generatio: config db path: C:\ST\STM32CubeIDE_1.16.1\STM32CubeIDE\plugins\com.st.stm32cube.common.mx_6.12.1.202409122256\\db\
2025-03-28 21:30:19,427 [INFO] CodeEngine:255 - oldGeneratedFile, E:\PROGRAMMING\Embedded_STM32\Blue_bill\Can_loopback\MXTmpFiles\license.tmp_save
2025-03-28 21:30:21,418 [INFO] CodeEngine:279 - Generated code: E:\PROGRAMMING\Embedded_STM32\Blue_bill\Can_loopback\MXTmpFiles\license.tmp
2025-03-28 21:30:21,480 [INFO] CodeEngine:255 - oldGeneratedFile, E:\PROGRAMMING\Embedded_STM32\Blue_bill\Can_loopback\Core\Src\stm32f1xx_it.c_save
2025-03-28 21:30:22,315 [INFO] CodeEngine:279 - Generated code: E:\PROGRAMMING\Embedded_STM32\Blue_bill\Can_loopback\Core\Src\stm32f1xx_it.c
2025-03-28 21:30:22,379 [INFO] CodeEngine:255 - oldGeneratedFile, E:\PROGRAMMING\Embedded_STM32\Blue_bill\Can_loopback\Core\Inc\stm32f1xx_it.h_save
2025-03-28 21:30:22,759 [INFO] ThirdPartyModel:316 - End build external matchings
2025-03-28 21:30:22,823 [INFO] CheckServerUpdateThread:120 - End of CheckServer Thread
2025-03-28 21:30:22,824 [INFO] CodeEngine:279 - Generated code: E:\PROGRAMMING\Embedded_STM32\Blue_bill\Can_loopback\Core\Inc\stm32f1xx_it.h
2025-03-28 21:30:23,443 [INFO] CodeEngine:255 - oldGeneratedFile, E:\PROGRAMMING\Embedded_STM32\Blue_bill\Can_loopback\Core\Src\stm32f1xx_hal_msp.c_save
2025-03-28 21:30:24,270 [INFO] CodeEngine:279 - Generated code: E:\PROGRAMMING\Embedded_STM32\Blue_bill\Can_loopback\Core\Src\stm32f1xx_hal_msp.c
2025-03-28 21:30:24,314 [INFO] CodeEngine:255 - oldGeneratedFile, E:\PROGRAMMING\Embedded_STM32\Blue_bill\Can_loopback\MXTmpFiles\system.tmp_save
2025-03-28 21:30:24,595 [INFO] CodeEngine:279 - Generated code: E:\PROGRAMMING\Embedded_STM32\Blue_bill\Can_loopback\MXTmpFiles\system.tmp
2025-03-28 21:30:24,681 [INFO] CodeEngine:311 - oldGeneratedFile, E:\PROGRAMMING\Embedded_STM32\Blue_bill\Can_loopback\Core\Inc\stm32f1xx_hal_conf.h_save
2025-03-28 21:30:25,039 [INFO] CodeEngine:335 - Generated code: E:\PROGRAMMING\Embedded_STM32\Blue_bill\Can_loopback\Core\Inc\stm32f1xx_hal_conf.h
2025-03-28 21:30:25,241 [INFO] CodeEngine:255 - oldGeneratedFile, E:\PROGRAMMING\Embedded_STM32\Blue_bill\Can_loopback\Core\Inc\main.h_save
2025-03-28 21:30:25,687 [INFO] CodeEngine:279 - Generated code: E:\PROGRAMMING\Embedded_STM32\Blue_bill\Can_loopback\Core\Inc\main.h
2025-03-28 21:30:25,740 [INFO] CodeEngine:255 - oldGeneratedFile, E:\PROGRAMMING\Embedded_STM32\Blue_bill\Can_loopback\Core\Src\main.c_save
2025-03-28 21:30:26,251 [INFO] CodeEngine:279 - Generated code: E:\PROGRAMMING\Embedded_STM32\Blue_bill\Can_loopback\Core\Src\main.c
2025-03-28 21:30:27,343 [INFO] ProjectBuilder:3249 - Time for Copy HAL[1] : 355mS.
2025-03-28 21:30:27,361 [INFO] ProjectBuilder:4828 - Project Generator version: 4.5.0-B34
2025-03-28 21:30:27,659 [INFO] ConfigFileManager:1531 - The Die is : DIE410
2025-03-28 21:30:27,734 [INFO] ApiDbMcu:508 - Load IP Config File for FATFS
2025-03-28 21:30:27,822 [INFO] ApiDbMcu:508 - Load IP Config File for FREERTOS
2025-03-28 21:30:27,877 [INFO] ApiDbMcu:508 - Load IP Config File for USB_DEVICE
2025-03-28 21:30:30,088 [INFO] LogOutputStream:77 - [STDOUT_REDIRECT] 
2025-03-28 21:30:39,775 [INFO] ProjectBuilder:5097 - Time for Generating toolchain IDE Files: 12415mS.
2025-03-28 21:30:39,778 [INFO] ProjectBuilder:3107 - Time for Copy CMSIS : 2mS.
2025-03-28 21:30:39,783 [INFO] ProjectBuilder:3107 - Time for Copy CMSIS : 0mS.
2025-03-28 21:30:42,267 [INFO] McuFinderGlobals:76 - Set McuFinderConnectedMode to true
2025-03-28 21:30:42,425 [INFO] ApiDb:448 - Save user favorites file C:\Users\PCHP/.stm32cubeide/favorites.mcus.txt: 0 item(s)
2025-03-28 21:30:42,428 [INFO] ApiDb:452 - User favorites MCUs=[]
2025-03-28 21:55:20,347 [ERROR] LogOutputStream:75 - [STDERR_REDIRECT] 
