2025-03-30 00:01:54,505 [INFO] Activator:176 - 


2025-03-30 00:01:54,511 [INFO] Activator:177 - !SESSION log4j initialized
2025-03-30 00:02:00,369 [INFO] LogOutputStream:77 - [STDOUT_REDIRECT] 
2025-03-30 00:02:01,442 [INFO] ApplicationProperties:184 - Using Application install path: C:\ST\STM32CubeIDE_1.16.1\STM32CubeIDE\plugins\com.st.stm32cube.common.mx_6.14.0.202502271554
2025-03-30 00:02:01,481 [INFO] DbMcusXml:78 - Set database path to: C:\ST\STM32CubeIDE_1.16.1\STM32CubeIDE\plugins\com.st.stm32cube.common.mx_6.14.0.202502271554\\db\/mcu/
2025-03-30 00:02:01,481 [INFO] ApiDb:274 - Set plugin database path to: C:\ST\STM32CubeIDE_1.16.1\STM32CubeIDE\plugins\com.st.stm32cube.common.mx_6.14.0.202502271554\\db\/plugins/boardmanager/
2025-03-30 00:02:01,484 [WARN] ApiDb:259 - Overriding images path with different value:  => C:\ST\STM32CubeIDE_1.16.1\STM32CubeIDE\plugins\com.st.stm32cube.common.mx_6.14.0.202502271554\\db\/plugins/mcufinder/images/
2025-03-30 00:02:01,502 [INFO] ApiDb:250 - Set database path to: C:\Users\PCHP\.stmcufinder\plugins\mcufinder//mcu/
2025-03-30 00:02:01,506 [INFO] DbMcusAds:125 - Set database path to: C:\Users\PCHP\.stmcufinder\plugins\mcufinder//mcu/
2025-03-30 00:02:01,511 [INFO] CrossReferenceDbSqlite:203 - Set database path to: C:\Users\PCHP\.stmcufinder\plugins\mcufinder//mcu/cs/
2025-03-30 00:02:01,674 [INFO] RulesReader:64 - Compatibility file has been processed (301 Rules)
2025-03-30 00:02:01,765 [INFO] DbMcusXml:78 - Set database path to: C:\ST\STM32CubeIDE_1.16.1\STM32CubeIDE\plugins\com.st.stm32cube.common.mx_6.14.0.202502271554\\db\/mcu/
2025-03-30 00:02:01,766 [INFO] ApiDb:274 - Set plugin database path to: C:\ST\STM32CubeIDE_1.16.1\STM32CubeIDE\plugins\com.st.stm32cube.common.mx_6.14.0.202502271554\\db\/plugins/boardmanager/
2025-03-30 00:02:01,766 [INFO] ApiDb:261 - Set plugin images path to: C:\ST\STM32CubeIDE_1.16.1\STM32CubeIDE\plugins\com.st.stm32cube.common.mx_6.14.0.202502271554\\db\/plugins/mcufinder/images/
2025-03-30 00:02:01,766 [WARN] DbFile:41 - Overriding database path with different value: C:\Users\PCHP\.stmcufinder\plugins\mcufinder/ => C:\Users\PCHP\.stmcufinder\plugins\mcufinder
2025-03-30 00:02:01,766 [INFO] ApiDb:250 - Set database path to: C:\Users\PCHP\.stmcufinder\plugins\mcufinder//mcu/
2025-03-30 00:02:01,766 [WARN] DbFile:41 - Overriding database path with different value: C:\Users\PCHP\.stmcufinder\plugins\mcufinder/ => C:\Users\PCHP\.stmcufinder\plugins\mcufinder
2025-03-30 00:02:01,766 [INFO] DbMcusAds:125 - Set database path to: C:\Users\PCHP\.stmcufinder\plugins\mcufinder//mcu/
2025-03-30 00:02:01,766 [WARN] DbFile:41 - Overriding database path with different value: C:\Users\PCHP\.stmcufinder\plugins\mcufinder/ => C:\Users\PCHP\.stmcufinder\plugins\mcufinder
2025-03-30 00:02:01,767 [WARN] DbFile:41 - Overriding database path with different value: C:\Users\PCHP\.stmcufinder\plugins\mcufinder/ => C:\Users\PCHP\.stmcufinder\plugins\mcufinder
2025-03-30 00:02:01,767 [INFO] CrossReferenceDbSqlite:203 - Set database path to: C:\Users\PCHP\.stmcufinder\plugins\mcufinder//mcu/cs/
2025-03-30 00:02:01,842 [INFO] MainPanel:272 - HeapMemory: 268435456
2025-03-30 00:02:01,929 [INFO] DbMcusXml:78 - Set database path to: C:\ST\STM32CubeIDE_1.16.1\STM32CubeIDE\plugins\com.st.stm32cube.common.mx_6.14.0.202502271554\\db\/mcu/
2025-03-30 00:02:01,929 [INFO] ApiDb:274 - Set plugin database path to: C:\ST\STM32CubeIDE_1.16.1\STM32CubeIDE\plugins\com.st.stm32cube.common.mx_6.14.0.202502271554\\db\/plugins/boardmanager/
2025-03-30 00:02:01,929 [INFO] ApiDb:261 - Set plugin images path to: C:\ST\STM32CubeIDE_1.16.1\STM32CubeIDE\plugins\com.st.stm32cube.common.mx_6.14.0.202502271554\\db\/plugins/mcufinder/images/
2025-03-30 00:02:01,930 [WARN] DbFile:41 - Overriding database path with different value: C:\Users\PCHP\.stmcufinder\plugins\mcufinder/ => C:\Users\PCHP\.stmcufinder\plugins\mcufinder
2025-03-30 00:02:01,930 [INFO] ApiDb:250 - Set database path to: C:\Users\PCHP\.stmcufinder\plugins\mcufinder//mcu/
2025-03-30 00:02:01,930 [WARN] DbFile:41 - Overriding database path with different value: C:\Users\PCHP\.stmcufinder\plugins\mcufinder/ => C:\Users\PCHP\.stmcufinder\plugins\mcufinder
2025-03-30 00:02:01,930 [INFO] DbMcusAds:125 - Set database path to: C:\Users\PCHP\.stmcufinder\plugins\mcufinder//mcu/
2025-03-30 00:02:01,930 [WARN] DbFile:41 - Overriding database path with different value: C:\Users\PCHP\.stmcufinder\plugins\mcufinder/ => C:\Users\PCHP\.stmcufinder\plugins\mcufinder
2025-03-30 00:02:01,930 [WARN] DbFile:41 - Overriding database path with different value: C:\Users\PCHP\.stmcufinder\plugins\mcufinder/ => C:\Users\PCHP\.stmcufinder\plugins\mcufinder
2025-03-30 00:02:01,930 [INFO] CrossReferenceDbSqlite:203 - Set database path to: C:\Users\PCHP\.stmcufinder\plugins\mcufinder//mcu/cs/
2025-03-30 00:02:01,952 [INFO] ApplicationProperties:184 - Using Application install path: C:\ST\STM32CubeIDE_1.16.1\STM32CubeIDE\plugins\com.st.stm32cube.common.mx_6.14.0.202502271554
2025-03-30 00:02:01,954 [INFO] PluginManage:196 - Search for loadable plugins [exclusion list=, ]
2025-03-30 00:02:01,955 [INFO] PluginManage:310 - Check plugin analytics
2025-03-30 00:02:02,190 [INFO] AnalyticsPlugin:253 - Accepted Software Licenses: STM32CubeMX.6.12.1
2025-03-30 00:02:02,191 [INFO] AnalyticsPlugin:255 - Accepted CMSIS Pack Licenses: 
2025-03-30 00:02:02,191 [INFO] AnalyticsPlugin:257 - Accepted Firmware Licenses: FW.F4.1.28.0
2025-03-30 00:02:02,194 [INFO] PluginManage:359 - Loaded plugin analytics (category:tool,tabindex:-1)
2025-03-30 00:02:02,195 [INFO] PluginManage:310 - Check plugin cadmodel
2025-03-30 00:02:02,201 [INFO] CADModel:105 - Init CAD model plugin
2025-03-30 00:02:02,201 [INFO] PluginManage:359 - Loaded plugin cadmodel (category:power,tabindex:5)
2025-03-30 00:02:02,202 [INFO] PluginManage:310 - Check plugin clock
2025-03-30 00:02:02,212 [INFO] PluginManage:359 - Loaded plugin clock (category:base,tabindex:2)
2025-03-30 00:02:02,212 [INFO] PluginManage:310 - Check plugin ddr
2025-03-30 00:02:02,214 [INFO] PluginManage:359 - Loaded plugin ddr (category:tool,tabindex:6)
2025-03-30 00:02:02,214 [INFO] PluginManage:310 - Check plugin filemanager
2025-03-30 00:02:02,373 [INFO] PluginManage:359 - Loaded plugin filemanager (category:base,tabindex:10)
2025-03-30 00:02:02,373 [INFO] PluginManage:310 - Check plugin ipmanager
2025-03-30 00:02:02,380 [INFO] PluginManage:359 - Loaded plugin ipmanager (category:base,tabindex:5)
2025-03-30 00:02:02,381 [INFO] PluginManage:310 - Check plugin lpbam
2025-03-30 00:02:02,390 [INFO] PluginManage:359 - Loaded plugin lpbam (category:base,tabindex:0)
2025-03-30 00:02:02,390 [INFO] PluginManage:310 - Check plugin memorymap
2025-03-30 00:02:02,407 [INFO] PluginManage:359 - Loaded plugin memorymap (category:base,tabindex:4)
2025-03-30 00:02:02,407 [INFO] PluginManage:310 - Check plugin pinoutandconfiguration
2025-03-30 00:02:02,419 [INFO] PluginManage:359 - Loaded plugin pinoutandconfiguration (category:base,tabindex:1)
2025-03-30 00:02:02,420 [INFO] PluginManage:310 - Check plugin pinoutconfig
2025-03-30 00:02:02,566 [WARN] SupportedApi:132 - Cannot load RTOS API schema: s4s-elt-must-match.1: The content of 'definitions' must match (annotation?, (simpleType | complexType)?, (unique | key | keyref)*)). A problem was found starting at: attribute.
2025-03-30 00:02:02,745 [INFO] PluginManage:359 - Loaded plugin pinoutconfig (category:base,tabindex:0)
2025-03-30 00:02:02,745 [INFO] PluginManage:310 - Check plugin power
2025-03-30 00:02:02,755 [INFO] PluginManage:359 - Loaded plugin power (category:power,tabindex:4)
2025-03-30 00:02:02,755 [INFO] PluginManage:310 - Check plugin projectmanager
2025-03-30 00:02:02,773 [INFO] PluginManage:359 - Loaded plugin projectmanager (category:projectmanager,tabindex:4)
2025-03-30 00:02:02,774 [INFO] PluginManage:310 - Check plugin rif
2025-03-30 00:02:02,784 [INFO] PluginManage:359 - Loaded plugin rif (category:base,tabindex:3)
2025-03-30 00:02:02,784 [INFO] PluginManage:310 - Check plugin thirdparty
2025-03-30 00:02:02,959 [WARN] IntegrityCheckThread:84 - waiting for thirdparty lock release [integrity check]
2025-03-30 00:02:02,959 [INFO] PluginManage:359 - Loaded plugin thirdparty (category:base,tabindex:-1)
2025-03-30 00:02:02,959 [INFO] PluginManage:310 - Check plugin tools
2025-03-30 00:02:02,959 [INFO] IntegrityCheckThread:86 - entering critical section [integrity check]
2025-03-30 00:02:02,960 [INFO] ThirdPartyUpdaterWithRetryManager:70 - Updater plugin not ready yet. [1/15]
2025-03-30 00:02:02,963 [INFO] PluginManage:359 - Loaded plugin tools (category:base,tabindex:7)
2025-03-30 00:02:02,964 [INFO] PluginManage:310 - Check plugin tutovideos
2025-03-30 00:02:03,188 [INFO] PluginManage:359 - Loaded plugin tutovideos (category:base,tabindex:-1)
2025-03-30 00:02:03,188 [INFO] PluginManage:310 - Check plugin updater
2025-03-30 00:02:03,214 [INFO] PluginManage:359 - Loaded plugin updater (category:base,tabindex:12)
2025-03-30 00:02:03,215 [INFO] PluginManage:310 - Check plugin userauth
2025-03-30 00:02:03,219 [INFO] UserAuth:118 - Init User Auth plugin
2025-03-30 00:02:03,220 [INFO] PluginManage:359 - Loaded plugin userauth (category:base,tabindex:14)
2025-03-30 00:02:03,220 [INFO] PluginManage:283 - PluginManage : Loaded plugins [18]
2025-03-30 00:02:03,469 [INFO] PinOutPanel:1589 - setPackage(No Configuration,No Configuration)
2025-03-30 00:02:03,575 [INFO] CADModel:165 - CPN selected for project level
2025-03-30 00:02:03,575 [INFO] CADModel:114 - Register for checkConnection events
2025-03-30 00:02:03,630 [INFO] IPUIPlugin:80 - create IPUIPlugin
2025-03-30 00:02:03,631 [INFO] PluginManager:220 - loadIPPluginJar : add adc
2025-03-30 00:02:03,635 [INFO] IPUIPlugin:80 - create IPUIPlugin
2025-03-30 00:02:03,635 [INFO] PluginManager:220 - loadIPPluginJar : add aes
2025-03-30 00:02:03,638 [INFO] IPUIPlugin:80 - create IPUIPlugin
2025-03-30 00:02:03,638 [INFO] PluginManager:220 - loadIPPluginJar : add can
2025-03-30 00:02:03,640 [INFO] IPUIPlugin:80 - create IPUIPlugin
2025-03-30 00:02:03,640 [INFO] PluginManager:220 - loadIPPluginJar : add comp
2025-03-30 00:02:03,643 [INFO] IPUIPlugin:80 - create IPUIPlugin
2025-03-30 00:02:03,643 [INFO] PluginManager:220 - loadIPPluginJar : add cryp
2025-03-30 00:02:03,646 [INFO] IPUIPlugin:80 - create IPUIPlugin
2025-03-30 00:02:03,646 [INFO] PluginManager:220 - loadIPPluginJar : add ddr_ctrl_phy
2025-03-30 00:02:03,649 [INFO] IPUIPlugin:80 - create IPUIPlugin
2025-03-30 00:02:03,649 [INFO] PluginManager:220 - loadIPPluginJar : add dfsdm
2025-03-30 00:02:03,657 [INFO] IPUIPlugin:80 - create IPUIPlugin
2025-03-30 00:02:03,658 [INFO] PluginManager:220 - loadIPPluginJar : add dma
2025-03-30 00:02:03,662 [INFO] IPUIPlugin:80 - create IPUIPlugin
2025-03-30 00:02:03,662 [INFO] PluginManager:220 - loadIPPluginJar : add dma3
2025-03-30 00:02:03,665 [INFO] IPUIPlugin:80 - create IPUIPlugin
2025-03-30 00:02:03,665 [INFO] PluginManager:220 - loadIPPluginJar : add extmemmanager
2025-03-30 00:02:03,667 [INFO] IPUIPlugin:80 - create IPUIPlugin
2025-03-30 00:02:03,668 [INFO] PluginManager:220 - loadIPPluginJar : add fatfs
2025-03-30 00:02:03,673 [INFO] IPUIPlugin:80 - create IPUIPlugin
2025-03-30 00:02:03,673 [INFO] PluginManager:220 - loadIPPluginJar : add fmc
2025-03-30 00:02:03,683 [INFO] IPUIPlugin:80 - create IPUIPlugin
2025-03-30 00:02:03,683 [INFO] PluginManager:220 - loadIPPluginJar : add freertos
2025-03-30 00:02:03,685 [INFO] IPUIPlugin:80 - create IPUIPlugin
2025-03-30 00:02:03,686 [INFO] PluginManager:220 - loadIPPluginJar : add genericplugin
2025-03-30 00:02:03,688 [INFO] IPUIPlugin:80 - create IPUIPlugin
2025-03-30 00:02:03,688 [INFO] PluginManager:220 - loadIPPluginJar : add gfxmmu
2025-03-30 00:02:03,694 [INFO] IPUIPlugin:80 - create IPUIPlugin
2025-03-30 00:02:03,694 [INFO] PluginManager:220 - loadIPPluginJar : add gic
2025-03-30 00:02:03,699 [INFO] IPUIPlugin:80 - create IPUIPlugin
2025-03-30 00:02:03,700 [INFO] PluginManager:220 - loadIPPluginJar : add gpio
2025-03-30 00:02:03,703 [INFO] IPUIPlugin:80 - create IPUIPlugin
2025-03-30 00:02:03,703 [INFO] PluginManager:220 - loadIPPluginJar : add gtzc
2025-03-30 00:02:03,706 [INFO] IPUIPlugin:80 - create IPUIPlugin
2025-03-30 00:02:03,707 [INFO] PluginManager:220 - loadIPPluginJar : add hash
2025-03-30 00:02:03,710 [INFO] IPUIPlugin:80 - create IPUIPlugin
2025-03-30 00:02:03,710 [INFO] PluginManager:220 - loadIPPluginJar : add i2c
2025-03-30 00:02:03,713 [INFO] IPUIPlugin:80 - create IPUIPlugin
2025-03-30 00:02:03,713 [INFO] PluginManager:220 - loadIPPluginJar : add i2s
2025-03-30 00:02:03,717 [INFO] IPUIPlugin:80 - create IPUIPlugin
2025-03-30 00:02:03,717 [INFO] PluginManager:220 - loadIPPluginJar : add i3c
2025-03-30 00:02:03,721 [INFO] IPUIPlugin:80 - create IPUIPlugin
2025-03-30 00:02:03,721 [INFO] PluginManager:220 - loadIPPluginJar : add ipddr
2025-03-30 00:02:03,729 [INFO] IPUIPlugin:80 - create IPUIPlugin
2025-03-30 00:02:03,730 [INFO] PluginManager:220 - loadIPPluginJar : add linkedlist
2025-03-30 00:02:03,733 [INFO] IPUIPlugin:80 - create IPUIPlugin
2025-03-30 00:02:03,734 [INFO] PluginManager:220 - loadIPPluginJar : add lorawan
2025-03-30 00:02:03,736 [INFO] IPUIPlugin:80 - create IPUIPlugin
2025-03-30 00:02:03,736 [INFO] PluginManager:220 - loadIPPluginJar : add ltdc
2025-03-30 00:02:03,743 [INFO] IPUIPlugin:80 - create IPUIPlugin
2025-03-30 00:02:03,743 [INFO] PluginManager:220 - loadIPPluginJar : add mdma
2025-03-30 00:02:03,748 [INFO] IPUIPlugin:80 - create IPUIPlugin
2025-03-30 00:02:03,749 [INFO] PluginManager:220 - loadIPPluginJar : add nvic
2025-03-30 00:02:03,752 [INFO] IPUIPlugin:80 - create IPUIPlugin
2025-03-30 00:02:03,753 [INFO] PluginManager:220 - loadIPPluginJar : add opamp
2025-03-30 00:02:03,754 [INFO] IPUIPlugin:80 - create IPUIPlugin
2025-03-30 00:02:03,754 [INFO] PluginManager:220 - loadIPPluginJar : add openamp
2025-03-30 00:02:03,754 [INFO] IPUIPlugin:80 - create IPUIPlugin
2025-03-30 00:02:03,754 [INFO] PluginManager:220 - loadIPPluginJar : add pdm2pcm
2025-03-30 00:02:03,754 [INFO] IPUIPlugin:80 - create IPUIPlugin
2025-03-30 00:02:03,754 [INFO] PluginManager:220 - loadIPPluginJar : add plateformsettings
2025-03-30 00:02:03,770 [INFO] IPUIPlugin:80 - create IPUIPlugin
2025-03-30 00:02:03,770 [INFO] PluginManager:220 - loadIPPluginJar : add quadspi
2025-03-30 00:02:03,770 [INFO] IPUIPlugin:80 - create IPUIPlugin
2025-03-30 00:02:03,770 [INFO] PluginManager:220 - loadIPPluginJar : add radio
2025-03-30 00:02:03,770 [INFO] IPUIPlugin:80 - create IPUIPlugin
2025-03-30 00:02:03,770 [INFO] PluginManager:220 - loadIPPluginJar : add resmgrutility
2025-03-30 00:02:03,770 [INFO] IPUIPlugin:80 - create IPUIPlugin
2025-03-30 00:02:03,770 [INFO] PluginManager:220 - loadIPPluginJar : add sai
2025-03-30 00:02:03,770 [INFO] IPUIPlugin:80 - create IPUIPlugin
2025-03-30 00:02:03,770 [INFO] PluginManager:220 - loadIPPluginJar : add spi
2025-03-30 00:02:03,786 [INFO] IPUIPlugin:80 - create IPUIPlugin
2025-03-30 00:02:03,786 [INFO] PluginManager:220 - loadIPPluginJar : add stm32_wpan
2025-03-30 00:02:03,786 [INFO] IPUIPlugin:80 - create IPUIPlugin
2025-03-30 00:02:03,786 [INFO] PluginManager:220 - loadIPPluginJar : add tim
2025-03-30 00:02:03,786 [INFO] IPUIPlugin:80 - create IPUIPlugin
2025-03-30 00:02:03,786 [INFO] PluginManager:220 - loadIPPluginJar : add touchsensing
2025-03-30 00:02:03,786 [INFO] IPUIPlugin:80 - create IPUIPlugin
2025-03-30 00:02:03,786 [INFO] PluginManager:220 - loadIPPluginJar : add tracer_emb
2025-03-30 00:02:03,786 [INFO] IPUIPlugin:80 - create IPUIPlugin
2025-03-30 00:02:03,786 [INFO] PluginManager:220 - loadIPPluginJar : add ts
2025-03-30 00:02:03,786 [INFO] IPUIPlugin:80 - create IPUIPlugin
2025-03-30 00:02:03,786 [INFO] PluginManager:220 - loadIPPluginJar : add tsc
2025-03-30 00:02:03,802 [INFO] IPUIPlugin:80 - create IPUIPlugin
2025-03-30 00:02:03,802 [INFO] PluginManager:220 - loadIPPluginJar : add ucpd
2025-03-30 00:02:03,802 [INFO] IPUIPlugin:80 - create IPUIPlugin
2025-03-30 00:02:03,802 [INFO] PluginManager:220 - loadIPPluginJar : add usart
2025-03-30 00:02:03,802 [INFO] IPUIPlugin:80 - create IPUIPlugin
2025-03-30 00:02:03,802 [INFO] PluginManager:220 - loadIPPluginJar : add usbx
2025-03-30 00:02:03,951 [FATAL] Updater:351 - Updater called before beeing initialized
2025-03-30 00:02:03,983 [INFO] RulesReader:64 - Compatibility file has been processed (301 Rules)
2025-03-30 00:02:04,002 [INFO] RulesReader:64 - Compatibility file has been processed (301 Rules)
2025-03-30 00:02:04,012 [INFO] CADModel:165 - CPN selected for project level
2025-03-30 00:02:04,012 [INFO] CADModel:114 - Register for checkConnection events
2025-03-30 00:02:04,012 [FATAL] Updater:351 - Updater called before beeing initialized
2025-03-30 00:02:04,012 [ERROR] CADModel:125 - Updater not yet initialized, retry later 
2025-03-30 00:02:04,169 [FATAL] Updater:351 - Updater called before beeing initialized
2025-03-30 00:02:04,175 [INFO] CADModel:165 - CPN selected for project level
2025-03-30 00:02:04,175 [INFO] CADModel:114 - Register for checkConnection events
2025-03-30 00:02:04,175 [FATAL] Updater:351 - Updater called before beeing initialized
2025-03-30 00:02:04,175 [ERROR] CADModel:125 - Updater not yet initialized, retry later 
2025-03-30 00:02:04,175 [FATAL] Updater:351 - Updater called before beeing initialized
2025-03-30 00:02:04,316 [FATAL] Updater:351 - Updater called before beeing initialized
2025-03-30 00:02:04,316 [INFO] DbMcusAds:53 - JSON generation date=Thu Mar 06 21:54:21 ICT 2025 (1741272861825)
2025-03-30 00:02:04,316 [FATAL] Updater:351 - Updater called before beeing initialized
2025-03-30 00:02:04,348 [WARN] DetailPanel:346 - Failed to get advertising image, set to default
2025-03-30 00:02:04,644 [FATAL] Updater:351 - Updater called before beeing initialized
2025-03-30 00:02:04,644 [FATAL] Updater:351 - Updater called before beeing initialized
2025-03-30 00:02:04,644 [FATAL] Updater:351 - Updater called before beeing initialized
2025-03-30 00:02:04,644 [WARN] DetailPanel:346 - Failed to get advertising image, set to default
2025-03-30 00:02:04,644 [FATAL] Updater:351 - Updater called before beeing initialized
2025-03-30 00:02:04,711 [ERROR] Updater:1198 - MainUpdater not yet initialized. External WinMGr cannot be set.
2025-03-30 00:02:04,711 [INFO] Updater:1134 - Updater Version found : 6.14.0
2025-03-30 00:02:04,744 [INFO] ApplicationProperties:184 - Using Application install path: C:\ST\STM32CubeIDE_1.16.1\STM32CubeIDE\plugins\com.st.stm32cube.common.mx_6.14.0.202502271554
2025-03-30 00:02:05,555 [INFO] MainUpdater:2872 - connection check result : 10
2025-03-30 00:02:05,558 [INFO] MainUpdater:289 - Updater Check For Update Now.
2025-03-30 00:02:05,558 [INFO] MicroXplorer:498 - Change Database Version : DB.6.0.140
2025-03-30 00:02:05,571 [INFO] McuFinderGlobals:63 - Set McuFinder mode to 2 (CubeIDE integrated)
2025-03-30 00:02:05,573 [INFO] UserAuth:486 - Internet connection configuration mode: 1
2025-03-30 00:02:05,599 [INFO] JxBrowserEngine:152 - Initiate JxBrowser Engine with user profile folder
2025-03-30 00:02:05,780 [INFO] CheckServerUpdateThread:120 - End of CheckServer Thread
2025-03-30 00:02:06,209 [WARN] PackLoader:240 - Cannot read IP mode file for STMicroelectronics.FP-SNS-MOTENVWB1.1.4.0
2025-03-30 00:02:06,221 [WARN] PackLoader:240 - Cannot read IP mode file for STMicroelectronics.FP-ATR-ASTRA1.2.0.2
2025-03-30 00:02:06,221 [WARN] PackLoader:240 - Cannot read IP mode file for STMicroelectronics.FP-ATR-ASTRA1.2.0.1
2025-03-30 00:02:06,240 [WARN] PackLoader:240 - Cannot read IP mode file for STMicroelectronics.X-CUBE-SMBUS.2.1.0
2025-03-30 00:02:06,255 [WARN] PackLoader:240 - Cannot read IP mode file for STMicroelectronics.X-CUBE-WB05N.1.1.0
2025-03-30 00:02:06,287 [WARN] PackLoader:240 - Cannot read IP mode file for STMicroelectronics.X-CUBE-AZRTOS-F7.1.1.0
2025-03-30 00:02:06,353 [WARN] PackLoader:240 - Cannot read IP mode file for STMicroelectronics.X-CUBE-MEMS1.11.0.0
2025-03-30 00:02:06,536 [WARN] PackLoader:240 - Cannot read IP mode file for STMicroelectronics.FP-SNS-FLIGHT1.5.0.2
2025-03-30 00:02:06,574 [WARN] PackLoader:240 - Cannot read IP mode file for STMicroelectronics.X-CUBE-DISPLAY.3.0.0
2025-03-30 00:02:06,586 [WARN] PackLoader:240 - Cannot read IP mode file for STMicroelectronics.X-CUBE-BLE1.7.0.0
2025-03-30 00:02:06,598 [WARN] PackLoader:240 - Cannot read IP mode file for STMicroelectronics.X-CUBE-NFC10.1.0.0
2025-03-30 00:02:06,615 [WARN] PackLoader:240 - Cannot read IP mode file for STMicroelectronics.X-CUBE-BLEMGR.4.0.0
2025-03-30 00:02:06,627 [WARN] PackLoader:240 - Cannot read IP mode file for emotas.I-CUBE-CANOPEN.1.3.0
2025-03-30 00:02:06,637 [WARN] PackLoader:240 - Cannot read IP mode file for STMicroelectronics.X-CUBE-BLEMGR.3.1.0
2025-03-30 00:02:06,646 [WARN] PackLoader:240 - Cannot read IP mode file for STMicroelectronics.X-CUBE-AI.10.0.0
2025-03-30 00:02:06,648 [WARN] PackLoader:240 - Cannot read IP mode file for STMicroelectronics.FP-SNS-SMARTAG2.1.2.0
2025-03-30 00:02:06,648 [WARN] PackLoader:240 - Cannot read IP mode file for STMicroelectronics.FP-SNS-FLIGHT1.5.1.0
2025-03-30 00:02:06,708 [WARN] PackLoader:240 - Cannot read IP mode file for STMicroelectronics.X-CUBE-MEMS1.11.1.0
2025-03-30 00:02:06,800 [INFO] LogOutputStream:77 - [STDOUT_REDIRECT] 1 : Invalid condition id : UX_CORESTACK_Condition cause : null
2025-03-30 00:02:06,800 [INFO] LogOutputStream:77 - [STDOUT_REDIRECT] 1 : Invalid condition id : UX_CORESTACK_Condition cause : null
2025-03-30 00:02:06,803 [INFO] LogOutputStream:77 - [STDOUT_REDIRECT] 1 : Invalid condition id : UX_CORESTACK_Condition cause : null
2025-03-30 00:02:06,803 [INFO] LogOutputStream:77 - [STDOUT_REDIRECT] 1 : Invalid condition id : UX_CORESTACK_Condition cause : null
2025-03-30 00:02:06,803 [INFO] LogOutputStream:77 - [STDOUT_REDIRECT] 1 : Invalid condition id : UX_CORESTACK_Condition cause : null
2025-03-30 00:02:06,803 [WARN] PackLoader:240 - Cannot read IP mode file for STMicroelectronics.X-CUBE-AZRTOS-WL.2.0.0
2025-03-30 00:02:06,813 [WARN] PackLoader:240 - Cannot read IP mode file for STMicroelectronics.FP-SNS-MOTENV1.5.0.0
2025-03-30 00:02:06,821 [WARN] PackLoader:240 - Cannot read IP mode file for wolfSSL.I-CUBE-wolfMQTT.1.19.0
2025-03-30 00:02:06,825 [WARN] PackLoader:240 - Cannot read IP mode file for WES.I-CUBE-Cesium.1.3.0
2025-03-30 00:02:06,833 [WARN] PackLoader:240 - Cannot read IP mode file for STMicroelectronics.X-CUBE-BLE2.3.3.0
2025-03-30 00:02:06,841 [WARN] PackLoader:240 - Cannot read IP mode file for STMicroelectronics.X-CUBE-NFC9.1.0.0
2025-03-30 00:02:06,845 [WARN] PackLoader:240 - Cannot read IP mode file for STMicroelectronics.X-CUBE-BLE1.7.1.0
2025-03-30 00:02:06,851 [WARN] PackLoader:240 - Cannot read IP mode file for STMicroelectronics.X-CUBE-TCPP.4.1.0
2025-03-30 00:02:06,867 [WARN] PackLoader:240 - Cannot read IP mode file for STMicroelectronics.X-CUBE-AZRTOS-G0.1.1.0
2025-03-30 00:02:06,867 [WARN] PackLoader:240 - Cannot read IP mode file for STMicroelectronics.X-CUBE-SAFEA1.1.2.2
2025-03-30 00:02:06,882 [WARN] PackLoader:240 - Cannot read IP mode file for STMicroelectronics.X-CUBE-NFC4.3.0.0
2025-03-30 00:02:06,891 [WARN] PackLoader:240 - Cannot read IP mode file for EmbeddedOffice.I-CUBE-FS-RTOS.1.0.1
2025-03-30 00:02:06,898 [WARN] PackLoader:240 - Cannot read IP mode file for STMicroelectronics.X-CUBE-TCPP.4.2.0
2025-03-30 00:02:06,905 [WARN] PackLoader:240 - Cannot read IP mode file for RealThread.X-CUBE-RT-Thread_Nano.4.1.1
2025-03-30 00:02:06,909 [WARN] PackLoader:240 - Cannot read IP mode file for STMicroelectronics.FP-ATR-SIGFOX1.3.2.0
2025-03-30 00:02:06,914 [WARN] PackLoader:240 - Cannot read IP mode file for wolfSSL.I-CUBE-wolfSSL.5.7.2
2025-03-30 00:02:06,920 [WARN] ConditionMgr:438 - getConditionDescription Invalid condition id : Cortex-A Device cause : null
2025-03-30 00:02:06,930 [WARN] ConditionMgr:1044 - genDependencies : Invalid condition id : Cortex-A Device cause : null
2025-03-30 00:02:06,930 [WARN] ConditionMgr:1044 - genDependencies : Invalid condition id : Cortex-A Device cause : null
2025-03-30 00:02:06,930 [WARN] ConditionMgr:1044 - genDependencies : Invalid condition id : Cortex-A Device cause : null
2025-03-30 00:02:06,938 [WARN] PackLoader:240 - Cannot read IP mode file for STMicroelectronics.X-CUBE-EEPRMA1.5.1.0
2025-03-30 00:02:06,945 [WARN] PackLoader:240 - Cannot read IP mode file for ITTIA_DB.I-CUBE-ITTIADB.8.9.0
2025-03-30 00:02:06,977 [WARN] PackLoader:240 - Cannot read IP mode file for SEGGER.I-CUBE-embOS.1.3.1
2025-03-30 00:02:07,015 [WARN] PackLoader:240 - Cannot read IP mode file for STMicroelectronics.X-CUBE-ALGOBUILD.1.4.0
2025-03-30 00:02:07,021 [WARN] PackLoader:240 - Cannot read IP mode file for STMicroelectronics.X-CUBE-AI.9.1.0
2025-03-30 00:02:07,035 [WARN] PackLoader:240 - Cannot read IP mode file for STMicroelectronics.X-CUBE-AZRTOS-F4.1.1.0
2025-03-30 00:02:07,044 [WARN] PackLoader:240 - Cannot read IP mode file for STMicroelectronics.X-CUBE-ISPU.2.1.0
2025-03-30 00:02:07,051 [WARN] PackLoader:240 - Cannot read IP mode file for STMicroelectronics.X-CUBE-FREERTOS.1.2.0
2025-03-30 00:02:07,060 [WARN] PackLoader:240 - Cannot read IP mode file for STMicroelectronics.X-CUBE-AZRTOS-L5.2.0.0
2025-03-30 00:02:07,075 [WARN] PackLoader:240 - Cannot read IP mode file for STMicroelectronics.X-CUBE-NFC6.3.1.0
2025-03-30 00:02:07,083 [WARN] PackLoader:240 - Cannot read IP mode file for STMicroelectronics.X-CUBE-DPower.1.2.0
2025-03-30 00:02:07,087 [WARN] PackLoader:240 - Cannot read IP mode file for STMicroelectronics.X-CUBE-FREERTOS.1.3.0
2025-03-30 00:02:07,087 [WARN] PackLoader:240 - Cannot read IP mode file for STMicroelectronics.X-CUBE-NFC7.1.0.1
2025-03-30 00:02:07,087 [WARN] PackLoader:240 - Cannot read IP mode file for STMicroelectronics.X-CUBE-DPower.1.3.0
2025-03-30 00:02:07,103 [WARN] ConditionMgr:438 - getConditionDescription Invalid condition id : LAN8742 Phy interface Condition cause : null
2025-03-30 00:02:07,103 [WARN] PackLoader:240 - Cannot read IP mode file for STMicroelectronics.X-CUBE-AZRTOS-L4.2.0.0
2025-03-30 00:02:07,103 [WARN] ConditionMgr:1044 - genDependencies : Invalid condition id : LAN8742 Phy interface Condition cause : null
2025-03-30 00:02:07,103 [WARN] ConditionMgr:1044 - genDependencies : Invalid condition id : LAN8742 Phy interface Condition cause : null
2025-03-30 00:02:07,103 [WARN] ConditionMgr:1044 - genDependencies : Invalid condition id : LAN8742 Phy interface Condition cause : null
2025-03-30 00:02:07,119 [WARN] PackLoader:240 - Cannot read IP mode file for STMicroelectronics.X-CUBE-SFXS2LP1.4.0.0
2025-03-30 00:02:07,138 [WARN] PackLoader:240 - Cannot read IP mode file for STMicroelectronics.X-CUBE-AZRTOS-H7.3.3.0
2025-03-30 00:02:07,153 [WARN] PackLoader:240 - Cannot read IP mode file for STMicroelectronics.X-CUBE-IPS.3.0.0
2025-03-30 00:02:07,167 [WARN] ConditionMgr:438 - getConditionDescription Invalid condition id : UX DEVICE CLASS RTOS Condition cause : null
2025-03-30 00:02:07,167 [WARN] ConditionMgr:438 - getConditionDescription Invalid condition id : UX DEVICE CLASS RTOS Condition cause : null
2025-03-30 00:02:07,170 [WARN] PackLoader:240 - Cannot read IP mode file for STMicroelectronics.X-CUBE-AZRTOS-WB.2.0.0
2025-03-30 00:02:07,170 [WARN] ConditionMgr:1044 - genDependencies : Invalid condition id : UX DEVICE CLASS RTOS Condition cause : null
2025-03-30 00:02:07,170 [WARN] ConditionMgr:1044 - genDependencies : Invalid condition id : UX DEVICE CLASS RTOS Condition cause : null
2025-03-30 00:02:07,170 [WARN] ConditionMgr:1044 - genDependencies : Invalid condition id : UX DEVICE CLASS RTOS Condition cause : null
2025-03-30 00:02:07,170 [WARN] ConditionMgr:1044 - genDependencies : Invalid condition id : UX DEVICE CLASS RTOS Condition cause : null
2025-03-30 00:02:07,170 [WARN] ConditionMgr:1044 - genDependencies : Invalid condition id : UX DEVICE CLASS RTOS Condition cause : null
2025-03-30 00:02:07,174 [WARN] PackLoader:240 - Cannot read IP mode file for STMicroelectronics.X-CUBE-GNSS1.7.0.0
2025-03-30 00:02:07,179 [WARN] PackLoader:240 - Cannot read IP mode file for STMicroelectronics.X-CUBE-GNSS1.7.0.1
2025-03-30 00:02:07,185 [WARN] PackLoader:240 - Cannot read IP mode file for STMicroelectronics.X-CUBE-TOUCHGFX.4.25.0
2025-03-30 00:02:07,191 [WARN] PackLoader:240 - Cannot read IP mode file for STMicroelectronics.FP-SNS-STBOX1.2.0.0
2025-03-30 00:02:07,200 [WARN] PackLoader:240 - Cannot read IP mode file for STMicroelectronics.X-CUBE-SUBG2.5.0.0
2025-03-30 00:02:07,218 [WARN] PackLoader:240 - Cannot read IP mode file for STMicroelectronics.X-CUBE-AZRTOS-H7RS.1.1.0
2025-03-30 00:02:07,224 [WARN] PackLoader:240 - Cannot read IP mode file for Cesanta.I-CUBE-Mongoose.7.13.0
2025-03-30 00:02:07,237 [WARN] PackLoader:240 - Cannot read IP mode file for STMicroelectronics.X-CUBE-AZRTOS-G4.2.0.0
2025-03-30 00:02:07,254 [WARN] PackLoader:240 - Cannot read IP mode file for STMicroelectronics.X-CUBE-IPS.3.1.0
2025-03-30 00:02:07,265 [WARN] PackLoader:240 - Cannot read IP mode file for STMicroelectronics.X-CUBE-ALS.1.0.2
2025-03-30 00:02:07,273 [WARN] PackLoader:240 - Cannot read IP mode file for STMicroelectronics.X-CUBE-TOUCHGFX.4.24.1
2025-03-30 00:02:07,277 [WARN] PackLoader:240 - Cannot read IP mode file for wolfSSL.I-CUBE-wolfTPM.3.4.0
2025-03-30 00:02:07,285 [WARN] PackLoader:240 - Cannot read IP mode file for portGmbH.I-Cube-SoM-uGOAL.1.1.0
2025-03-30 00:02:07,308 [WARN] PackLoader:240 - Cannot read IP mode file for STMicroelectronics.X-CUBE-AZRTOS-H7RS.1.0.0
2025-03-30 00:02:07,314 [WARN] PackLoader:240 - Cannot read IP mode file for STMicroelectronics.FP-ATR-ASTRA1.2.0.0
2025-03-30 00:02:07,332 [WARN] PackLoader:240 - Cannot read IP mode file for STMicroelectronics.X-CUBE-TOF1.3.4.2
2025-03-30 00:02:07,413 [WARN] PackLoader:240 - Cannot read IP mode file for Infineon.AIROC-Wi-Fi-Bluetooth-STM32.1.6.1
2025-03-30 00:02:07,462 [WARN] PackLoader:240 - Cannot read IP mode file for wolfSSL.I-CUBE-wolfSSH.1.4.17
2025-03-30 00:02:07,462 [INFO] ThirdParty:978 - Integrity check success = true
2025-03-30 00:02:07,462 [INFO] IntegrityCheckThread:100 - exiting critical section [integrity check]
2025-03-30 00:02:07,462 [INFO] IntegrityCheckThread:103 - End integrity checks thread
2025-03-30 00:02:07,705 [INFO] WebApp:169 - Instantiating new browser for Auth
2025-03-30 00:02:08,620 [INFO] WebApp:463 - Apply proxy settings
2025-03-30 00:02:08,623 [INFO] WebApp:548 - Chromium requires no authentication
2025-03-30 00:02:08,631 [INFO] WebApp:491 - Direct internet connection detected
2025-03-30 00:02:08,664 [INFO] WebApp:894 - Register for checkConnection events
2025-03-30 00:02:08,664 [INFO] WebApp:463 - Apply proxy settings
2025-03-30 00:02:08,664 [INFO] WebApp:548 - Chromium requires no authentication
2025-03-30 00:02:08,664 [INFO] WebApp:491 - Direct internet connection detected
2025-03-30 00:02:08,816 [INFO] WebApp:225 - Starting web application
2025-03-30 00:02:08,816 [INFO] WebApp:593 - Web application path used C:\ST\STM32CubeIDE_1.16.1\STM32CubeIDE\plugins\com.st.stm32cube.common.mx_6.14.0.202502271554\db\plugins\mcufinder\reactClient1\index.html
2025-03-30 00:02:09,039 [INFO] UserAuth:486 - Internet connection configuration mode: 1
2025-03-30 00:02:09,107 [INFO] WebApp:191 - Connection restablished
2025-03-30 00:08:56,264 [ERROR] LogOutputStream:75 - [STDERR_REDIRECT] 
2025-03-30 13:12:33,252 [INFO] Activator:176 - 


2025-03-30 13:12:33,255 [INFO] Activator:177 - !SESSION log4j initialized
2025-03-30 13:12:40,268 [INFO] LogOutputStream:77 - [STDOUT_REDIRECT] 
2025-03-30 13:12:41,655 [INFO] ApplicationProperties:184 - Using Application install path: C:\ST\STM32CubeIDE_1.16.1\STM32CubeIDE\plugins\com.st.stm32cube.common.mx_6.14.0.202502271554
2025-03-30 13:12:41,678 [INFO] DbMcusXml:78 - Set database path to: C:\ST\STM32CubeIDE_1.16.1\STM32CubeIDE\plugins\com.st.stm32cube.common.mx_6.14.0.202502271554\\db\/mcu/
2025-03-30 13:12:41,679 [INFO] ApiDb:274 - Set plugin database path to: C:\ST\STM32CubeIDE_1.16.1\STM32CubeIDE\plugins\com.st.stm32cube.common.mx_6.14.0.202502271554\\db\/plugins/boardmanager/
2025-03-30 13:12:41,679 [WARN] ApiDb:259 - Overriding images path with different value:  => C:\ST\STM32CubeIDE_1.16.1\STM32CubeIDE\plugins\com.st.stm32cube.common.mx_6.14.0.202502271554\\db\/plugins/mcufinder/images/
2025-03-30 13:12:41,688 [INFO] ApiDb:250 - Set database path to: C:\Users\PCHP\.stmcufinder\plugins\mcufinder//mcu/
2025-03-30 13:12:41,690 [INFO] DbMcusAds:125 - Set database path to: C:\Users\PCHP\.stmcufinder\plugins\mcufinder//mcu/
2025-03-30 13:12:41,693 [INFO] CrossReferenceDbSqlite:203 - Set database path to: C:\Users\PCHP\.stmcufinder\plugins\mcufinder//mcu/cs/
2025-03-30 13:12:41,844 [INFO] RulesReader:64 - Compatibility file has been processed (301 Rules)
2025-03-30 13:12:41,958 [INFO] DbMcusXml:78 - Set database path to: C:\ST\STM32CubeIDE_1.16.1\STM32CubeIDE\plugins\com.st.stm32cube.common.mx_6.14.0.202502271554\\db\/mcu/
2025-03-30 13:12:41,958 [INFO] ApiDb:274 - Set plugin database path to: C:\ST\STM32CubeIDE_1.16.1\STM32CubeIDE\plugins\com.st.stm32cube.common.mx_6.14.0.202502271554\\db\/plugins/boardmanager/
2025-03-30 13:12:41,958 [INFO] ApiDb:261 - Set plugin images path to: C:\ST\STM32CubeIDE_1.16.1\STM32CubeIDE\plugins\com.st.stm32cube.common.mx_6.14.0.202502271554\\db\/plugins/mcufinder/images/
2025-03-30 13:12:41,958 [WARN] DbFile:41 - Overriding database path with different value: C:\Users\PCHP\.stmcufinder\plugins\mcufinder/ => C:\Users\PCHP\.stmcufinder\plugins\mcufinder
2025-03-30 13:12:41,958 [INFO] ApiDb:250 - Set database path to: C:\Users\PCHP\.stmcufinder\plugins\mcufinder//mcu/
2025-03-30 13:12:41,958 [WARN] DbFile:41 - Overriding database path with different value: C:\Users\PCHP\.stmcufinder\plugins\mcufinder/ => C:\Users\PCHP\.stmcufinder\plugins\mcufinder
2025-03-30 13:12:41,958 [INFO] DbMcusAds:125 - Set database path to: C:\Users\PCHP\.stmcufinder\plugins\mcufinder//mcu/
2025-03-30 13:12:41,959 [WARN] DbFile:41 - Overriding database path with different value: C:\Users\PCHP\.stmcufinder\plugins\mcufinder/ => C:\Users\PCHP\.stmcufinder\plugins\mcufinder
2025-03-30 13:12:41,959 [WARN] DbFile:41 - Overriding database path with different value: C:\Users\PCHP\.stmcufinder\plugins\mcufinder/ => C:\Users\PCHP\.stmcufinder\plugins\mcufinder
2025-03-30 13:12:41,959 [INFO] CrossReferenceDbSqlite:203 - Set database path to: C:\Users\PCHP\.stmcufinder\plugins\mcufinder//mcu/cs/
2025-03-30 13:12:42,064 [INFO] MainPanel:272 - HeapMemory: 268435456
2025-03-30 13:12:42,224 [INFO] DbMcusXml:78 - Set database path to: C:\ST\STM32CubeIDE_1.16.1\STM32CubeIDE\plugins\com.st.stm32cube.common.mx_6.14.0.202502271554\\db\/mcu/
2025-03-30 13:12:42,224 [INFO] ApiDb:274 - Set plugin database path to: C:\ST\STM32CubeIDE_1.16.1\STM32CubeIDE\plugins\com.st.stm32cube.common.mx_6.14.0.202502271554\\db\/plugins/boardmanager/
2025-03-30 13:12:42,225 [INFO] ApiDb:261 - Set plugin images path to: C:\ST\STM32CubeIDE_1.16.1\STM32CubeIDE\plugins\com.st.stm32cube.common.mx_6.14.0.202502271554\\db\/plugins/mcufinder/images/
2025-03-30 13:12:42,225 [WARN] DbFile:41 - Overriding database path with different value: C:\Users\PCHP\.stmcufinder\plugins\mcufinder/ => C:\Users\PCHP\.stmcufinder\plugins\mcufinder
2025-03-30 13:12:42,225 [INFO] ApiDb:250 - Set database path to: C:\Users\PCHP\.stmcufinder\plugins\mcufinder//mcu/
2025-03-30 13:12:42,225 [WARN] DbFile:41 - Overriding database path with different value: C:\Users\PCHP\.stmcufinder\plugins\mcufinder/ => C:\Users\PCHP\.stmcufinder\plugins\mcufinder
2025-03-30 13:12:42,226 [INFO] DbMcusAds:125 - Set database path to: C:\Users\PCHP\.stmcufinder\plugins\mcufinder//mcu/
2025-03-30 13:12:42,226 [WARN] DbFile:41 - Overriding database path with different value: C:\Users\PCHP\.stmcufinder\plugins\mcufinder/ => C:\Users\PCHP\.stmcufinder\plugins\mcufinder
2025-03-30 13:12:42,226 [WARN] DbFile:41 - Overriding database path with different value: C:\Users\PCHP\.stmcufinder\plugins\mcufinder/ => C:\Users\PCHP\.stmcufinder\plugins\mcufinder
2025-03-30 13:12:42,226 [INFO] CrossReferenceDbSqlite:203 - Set database path to: C:\Users\PCHP\.stmcufinder\plugins\mcufinder//mcu/cs/
2025-03-30 13:12:42,254 [INFO] ApplicationProperties:184 - Using Application install path: C:\ST\STM32CubeIDE_1.16.1\STM32CubeIDE\plugins\com.st.stm32cube.common.mx_6.14.0.202502271554
2025-03-30 13:12:42,257 [INFO] PluginManage:196 - Search for loadable plugins [exclusion list=, ]
2025-03-30 13:12:42,259 [INFO] PluginManage:310 - Check plugin analytics
2025-03-30 13:12:42,509 [INFO] AnalyticsPlugin:253 - Accepted Software Licenses: STM32CubeMX.6.12.1
2025-03-30 13:12:42,509 [INFO] AnalyticsPlugin:255 - Accepted CMSIS Pack Licenses: 
2025-03-30 13:12:42,509 [INFO] AnalyticsPlugin:257 - Accepted Firmware Licenses: FW.F4.1.28.0
2025-03-30 13:12:42,513 [INFO] PluginManage:359 - Loaded plugin analytics (category:tool,tabindex:-1)
2025-03-30 13:12:42,514 [INFO] PluginManage:310 - Check plugin cadmodel
2025-03-30 13:12:42,522 [INFO] CADModel:105 - Init CAD model plugin
2025-03-30 13:12:42,523 [INFO] PluginManage:359 - Loaded plugin cadmodel (category:power,tabindex:5)
2025-03-30 13:12:42,523 [INFO] PluginManage:310 - Check plugin clock
2025-03-30 13:12:42,539 [INFO] PluginManage:359 - Loaded plugin clock (category:base,tabindex:2)
2025-03-30 13:12:42,540 [INFO] PluginManage:310 - Check plugin ddr
2025-03-30 13:12:42,543 [INFO] PluginManage:359 - Loaded plugin ddr (category:tool,tabindex:6)
2025-03-30 13:12:42,544 [INFO] PluginManage:310 - Check plugin filemanager
2025-03-30 13:12:42,752 [INFO] PluginManage:359 - Loaded plugin filemanager (category:base,tabindex:10)
2025-03-30 13:12:42,752 [INFO] PluginManage:310 - Check plugin ipmanager
2025-03-30 13:12:42,762 [INFO] PluginManage:359 - Loaded plugin ipmanager (category:base,tabindex:5)
2025-03-30 13:12:42,762 [INFO] PluginManage:310 - Check plugin lpbam
2025-03-30 13:12:42,783 [INFO] PluginManage:359 - Loaded plugin lpbam (category:base,tabindex:0)
2025-03-30 13:12:42,783 [INFO] PluginManage:310 - Check plugin memorymap
2025-03-30 13:12:42,805 [INFO] PluginManage:359 - Loaded plugin memorymap (category:base,tabindex:4)
2025-03-30 13:12:42,805 [INFO] PluginManage:310 - Check plugin pinoutandconfiguration
2025-03-30 13:12:42,819 [INFO] PluginManage:359 - Loaded plugin pinoutandconfiguration (category:base,tabindex:1)
2025-03-30 13:12:42,819 [INFO] PluginManage:310 - Check plugin pinoutconfig
2025-03-30 13:12:42,969 [WARN] SupportedApi:132 - Cannot load RTOS API schema: s4s-elt-must-match.1: The content of 'definitions' must match (annotation?, (simpleType | complexType)?, (unique | key | keyref)*)). A problem was found starting at: attribute.
2025-03-30 13:12:43,169 [INFO] PluginManage:359 - Loaded plugin pinoutconfig (category:base,tabindex:0)
2025-03-30 13:12:43,169 [INFO] PluginManage:310 - Check plugin power
2025-03-30 13:12:43,187 [INFO] PluginManage:359 - Loaded plugin power (category:power,tabindex:4)
2025-03-30 13:12:43,188 [INFO] PluginManage:310 - Check plugin projectmanager
2025-03-30 13:12:43,211 [INFO] PluginManage:359 - Loaded plugin projectmanager (category:projectmanager,tabindex:4)
2025-03-30 13:12:43,211 [INFO] PluginManage:310 - Check plugin rif
2025-03-30 13:12:43,223 [INFO] PluginManage:359 - Loaded plugin rif (category:base,tabindex:3)
2025-03-30 13:12:43,223 [INFO] PluginManage:310 - Check plugin thirdparty
2025-03-30 13:12:43,418 [INFO] PluginManage:359 - Loaded plugin thirdparty (category:base,tabindex:-1)
2025-03-30 13:12:43,417 [WARN] IntegrityCheckThread:84 - waiting for thirdparty lock release [integrity check]
2025-03-30 13:12:43,418 [INFO] PluginManage:310 - Check plugin tools
2025-03-30 13:12:43,418 [INFO] IntegrityCheckThread:86 - entering critical section [integrity check]
2025-03-30 13:12:43,419 [INFO] ThirdPartyUpdaterWithRetryManager:70 - Updater plugin not ready yet. [1/15]
2025-03-30 13:12:43,423 [INFO] PluginManage:359 - Loaded plugin tools (category:base,tabindex:7)
2025-03-30 13:12:43,424 [INFO] PluginManage:310 - Check plugin tutovideos
2025-03-30 13:12:43,697 [INFO] PluginManage:359 - Loaded plugin tutovideos (category:base,tabindex:-1)
2025-03-30 13:12:43,698 [INFO] PluginManage:310 - Check plugin updater
2025-03-30 13:12:43,726 [INFO] PluginManage:359 - Loaded plugin updater (category:base,tabindex:12)
2025-03-30 13:12:43,727 [INFO] PluginManage:310 - Check plugin userauth
2025-03-30 13:12:43,732 [INFO] UserAuth:118 - Init User Auth plugin
2025-03-30 13:12:43,733 [INFO] PluginManage:359 - Loaded plugin userauth (category:base,tabindex:14)
2025-03-30 13:12:43,734 [INFO] PluginManage:283 - PluginManage : Loaded plugins [18]
2025-03-30 13:12:44,014 [INFO] PinOutPanel:1589 - setPackage(No Configuration,No Configuration)
2025-03-30 13:12:44,151 [INFO] CADModel:165 - CPN selected for project level
2025-03-30 13:12:44,152 [INFO] CADModel:114 - Register for checkConnection events
2025-03-30 13:12:44,203 [INFO] IPUIPlugin:80 - create IPUIPlugin
2025-03-30 13:12:44,203 [INFO] PluginManager:220 - loadIPPluginJar : add adc
2025-03-30 13:12:44,210 [INFO] IPUIPlugin:80 - create IPUIPlugin
2025-03-30 13:12:44,210 [INFO] PluginManager:220 - loadIPPluginJar : add aes
2025-03-30 13:12:44,215 [INFO] IPUIPlugin:80 - create IPUIPlugin
2025-03-30 13:12:44,216 [INFO] PluginManager:220 - loadIPPluginJar : add can
2025-03-30 13:12:44,219 [INFO] IPUIPlugin:80 - create IPUIPlugin
2025-03-30 13:12:44,219 [INFO] PluginManager:220 - loadIPPluginJar : add comp
2025-03-30 13:12:44,225 [INFO] IPUIPlugin:80 - create IPUIPlugin
2025-03-30 13:12:44,225 [INFO] PluginManager:220 - loadIPPluginJar : add cryp
2025-03-30 13:12:44,232 [INFO] IPUIPlugin:80 - create IPUIPlugin
2025-03-30 13:12:44,232 [INFO] PluginManager:220 - loadIPPluginJar : add ddr_ctrl_phy
2025-03-30 13:12:44,237 [INFO] IPUIPlugin:80 - create IPUIPlugin
2025-03-30 13:12:44,237 [INFO] PluginManager:220 - loadIPPluginJar : add dfsdm
2025-03-30 13:12:44,246 [INFO] IPUIPlugin:80 - create IPUIPlugin
2025-03-30 13:12:44,247 [INFO] PluginManager:220 - loadIPPluginJar : add dma
2025-03-30 13:12:44,251 [INFO] IPUIPlugin:80 - create IPUIPlugin
2025-03-30 13:12:44,252 [INFO] PluginManager:220 - loadIPPluginJar : add dma3
2025-03-30 13:12:44,256 [INFO] IPUIPlugin:80 - create IPUIPlugin
2025-03-30 13:12:44,257 [INFO] PluginManager:220 - loadIPPluginJar : add extmemmanager
2025-03-30 13:12:44,259 [INFO] IPUIPlugin:80 - create IPUIPlugin
2025-03-30 13:12:44,259 [INFO] PluginManager:220 - loadIPPluginJar : add fatfs
2025-03-30 13:12:44,265 [INFO] IPUIPlugin:80 - create IPUIPlugin
2025-03-30 13:12:44,266 [INFO] PluginManager:220 - loadIPPluginJar : add fmc
2025-03-30 13:12:44,274 [INFO] IPUIPlugin:80 - create IPUIPlugin
2025-03-30 13:12:44,274 [INFO] PluginManager:220 - loadIPPluginJar : add freertos
2025-03-30 13:12:44,278 [INFO] IPUIPlugin:80 - create IPUIPlugin
2025-03-30 13:12:44,278 [INFO] PluginManager:220 - loadIPPluginJar : add genericplugin
2025-03-30 13:12:44,283 [INFO] IPUIPlugin:80 - create IPUIPlugin
2025-03-30 13:12:44,284 [INFO] PluginManager:220 - loadIPPluginJar : add gfxmmu
2025-03-30 13:12:44,292 [INFO] IPUIPlugin:80 - create IPUIPlugin
2025-03-30 13:12:44,292 [INFO] PluginManager:220 - loadIPPluginJar : add gic
2025-03-30 13:12:44,300 [INFO] IPUIPlugin:80 - create IPUIPlugin
2025-03-30 13:12:44,301 [INFO] PluginManager:220 - loadIPPluginJar : add gpio
2025-03-30 13:12:44,307 [INFO] IPUIPlugin:80 - create IPUIPlugin
2025-03-30 13:12:44,308 [INFO] PluginManager:220 - loadIPPluginJar : add gtzc
2025-03-30 13:12:44,312 [INFO] IPUIPlugin:80 - create IPUIPlugin
2025-03-30 13:12:44,313 [INFO] PluginManager:220 - loadIPPluginJar : add hash
2025-03-30 13:12:44,319 [INFO] IPUIPlugin:80 - create IPUIPlugin
2025-03-30 13:12:44,320 [INFO] PluginManager:220 - loadIPPluginJar : add i2c
2025-03-30 13:12:44,325 [INFO] IPUIPlugin:80 - create IPUIPlugin
2025-03-30 13:12:44,326 [INFO] PluginManager:220 - loadIPPluginJar : add i2s
2025-03-30 13:12:44,330 [INFO] IPUIPlugin:80 - create IPUIPlugin
2025-03-30 13:12:44,331 [INFO] PluginManager:220 - loadIPPluginJar : add i3c
2025-03-30 13:12:44,335 [INFO] IPUIPlugin:80 - create IPUIPlugin
2025-03-30 13:12:44,335 [INFO] PluginManager:220 - loadIPPluginJar : add ipddr
2025-03-30 13:12:44,346 [INFO] IPUIPlugin:80 - create IPUIPlugin
2025-03-30 13:12:44,346 [INFO] PluginManager:220 - loadIPPluginJar : add linkedlist
2025-03-30 13:12:44,351 [INFO] IPUIPlugin:80 - create IPUIPlugin
2025-03-30 13:12:44,352 [INFO] PluginManager:220 - loadIPPluginJar : add lorawan
2025-03-30 13:12:44,355 [INFO] IPUIPlugin:80 - create IPUIPlugin
2025-03-30 13:12:44,355 [INFO] PluginManager:220 - loadIPPluginJar : add ltdc
2025-03-30 13:12:44,364 [INFO] IPUIPlugin:80 - create IPUIPlugin
2025-03-30 13:12:44,364 [INFO] PluginManager:220 - loadIPPluginJar : add mdma
2025-03-30 13:12:44,371 [INFO] IPUIPlugin:80 - create IPUIPlugin
2025-03-30 13:12:44,371 [INFO] PluginManager:220 - loadIPPluginJar : add nvic
2025-03-30 13:12:44,376 [INFO] IPUIPlugin:80 - create IPUIPlugin
2025-03-30 13:12:44,376 [INFO] PluginManager:220 - loadIPPluginJar : add opamp
2025-03-30 13:12:44,381 [INFO] IPUIPlugin:80 - create IPUIPlugin
2025-03-30 13:12:44,381 [INFO] PluginManager:220 - loadIPPluginJar : add openamp
2025-03-30 13:12:44,386 [INFO] IPUIPlugin:80 - create IPUIPlugin
2025-03-30 13:12:44,386 [INFO] PluginManager:220 - loadIPPluginJar : add pdm2pcm
2025-03-30 13:12:44,394 [INFO] IPUIPlugin:80 - create IPUIPlugin
2025-03-30 13:12:44,396 [INFO] PluginManager:220 - loadIPPluginJar : add plateformsettings
2025-03-30 13:12:44,400 [INFO] IPUIPlugin:80 - create IPUIPlugin
2025-03-30 13:12:44,400 [INFO] PluginManager:220 - loadIPPluginJar : add quadspi
2025-03-30 13:12:44,402 [INFO] IPUIPlugin:80 - create IPUIPlugin
2025-03-30 13:12:44,403 [INFO] PluginManager:220 - loadIPPluginJar : add radio
2025-03-30 13:12:44,409 [INFO] IPUIPlugin:80 - create IPUIPlugin
2025-03-30 13:12:44,409 [INFO] PluginManager:220 - loadIPPluginJar : add resmgrutility
2025-03-30 13:12:44,413 [INFO] IPUIPlugin:80 - create IPUIPlugin
2025-03-30 13:12:44,414 [INFO] PluginManager:220 - loadIPPluginJar : add sai
2025-03-30 13:12:44,417 [INFO] IPUIPlugin:80 - create IPUIPlugin
2025-03-30 13:12:44,417 [INFO] PluginManager:220 - loadIPPluginJar : add spi
2025-03-30 13:12:44,425 [INFO] IPUIPlugin:80 - create IPUIPlugin
2025-03-30 13:12:44,425 [INFO] PluginManager:220 - loadIPPluginJar : add stm32_wpan
2025-03-30 13:12:44,428 [INFO] IPUIPlugin:80 - create IPUIPlugin
2025-03-30 13:12:44,428 [INFO] PluginManager:220 - loadIPPluginJar : add tim
2025-03-30 13:12:44,433 [INFO] IPUIPlugin:80 - create IPUIPlugin
2025-03-30 13:12:44,433 [INFO] PluginManager:220 - loadIPPluginJar : add touchsensing
2025-03-30 13:12:44,437 [INFO] IPUIPlugin:80 - create IPUIPlugin
2025-03-30 13:12:44,437 [INFO] PluginManager:220 - loadIPPluginJar : add tracer_emb
2025-03-30 13:12:44,440 [INFO] IPUIPlugin:80 - create IPUIPlugin
2025-03-30 13:12:44,440 [INFO] PluginManager:220 - loadIPPluginJar : add ts
2025-03-30 13:12:44,443 [INFO] IPUIPlugin:80 - create IPUIPlugin
2025-03-30 13:12:44,443 [INFO] PluginManager:220 - loadIPPluginJar : add tsc
2025-03-30 13:12:44,446 [INFO] IPUIPlugin:80 - create IPUIPlugin
2025-03-30 13:12:44,447 [INFO] PluginManager:220 - loadIPPluginJar : add ucpd
2025-03-30 13:12:44,451 [INFO] IPUIPlugin:80 - create IPUIPlugin
2025-03-30 13:12:44,452 [INFO] PluginManager:220 - loadIPPluginJar : add usart
2025-03-30 13:12:44,456 [INFO] IPUIPlugin:80 - create IPUIPlugin
2025-03-30 13:12:44,457 [INFO] PluginManager:220 - loadIPPluginJar : add usbx
2025-03-30 13:12:44,606 [FATAL] Updater:351 - Updater called before beeing initialized
2025-03-30 13:12:44,648 [INFO] RulesReader:64 - Compatibility file has been processed (301 Rules)
2025-03-30 13:12:44,663 [INFO] RulesReader:64 - Compatibility file has been processed (301 Rules)
2025-03-30 13:12:44,675 [INFO] CADModel:165 - CPN selected for project level
2025-03-30 13:12:44,676 [INFO] CADModel:114 - Register for checkConnection events
2025-03-30 13:12:44,676 [FATAL] Updater:351 - Updater called before beeing initialized
2025-03-30 13:12:44,676 [ERROR] CADModel:125 - Updater not yet initialized, retry later 
2025-03-30 13:12:44,863 [FATAL] Updater:351 - Updater called before beeing initialized
2025-03-30 13:12:44,866 [INFO] CADModel:165 - CPN selected for project level
2025-03-30 13:12:44,867 [INFO] CADModel:114 - Register for checkConnection events
2025-03-30 13:12:44,867 [FATAL] Updater:351 - Updater called before beeing initialized
2025-03-30 13:12:44,867 [ERROR] CADModel:125 - Updater not yet initialized, retry later 
2025-03-30 13:12:44,873 [FATAL] Updater:351 - Updater called before beeing initialized
2025-03-30 13:12:45,017 [FATAL] Updater:351 - Updater called before beeing initialized
2025-03-30 13:12:45,021 [INFO] DbMcusAds:53 - JSON generation date=Thu Mar 06 21:54:21 ICT 2025 (1741272861825)
2025-03-30 13:12:45,022 [FATAL] Updater:351 - Updater called before beeing initialized
2025-03-30 13:12:45,105 [WARN] DetailPanel:346 - Failed to get advertising image, set to default
2025-03-30 13:12:45,428 [FATAL] Updater:351 - Updater called before beeing initialized
2025-03-30 13:12:45,431 [FATAL] Updater:351 - Updater called before beeing initialized
2025-03-30 13:12:45,431 [FATAL] Updater:351 - Updater called before beeing initialized
2025-03-30 13:12:45,431 [WARN] DetailPanel:346 - Failed to get advertising image, set to default
2025-03-30 13:12:45,432 [FATAL] Updater:351 - Updater called before beeing initialized
2025-03-30 13:12:45,503 [ERROR] Updater:1198 - MainUpdater not yet initialized. External WinMGr cannot be set.
2025-03-30 13:12:45,507 [INFO] Updater:1134 - Updater Version found : 6.14.0
2025-03-30 13:12:45,536 [INFO] ApplicationProperties:184 - Using Application install path: C:\ST\STM32CubeIDE_1.16.1\STM32CubeIDE\plugins\com.st.stm32cube.common.mx_6.14.0.202502271554
2025-03-30 13:12:46,420 [INFO] ThirdPartyUpdaterWithRetryManager:70 - Updater plugin not ready yet. [2/15]
2025-03-30 13:12:46,431 [INFO] MainUpdater:2872 - connection check result : 10
2025-03-30 13:12:46,432 [INFO] MainUpdater:289 - Updater Check For Update Now.
2025-03-30 13:12:46,432 [INFO] MicroXplorer:498 - Change Database Version : DB.6.0.140
2025-03-30 13:12:46,441 [INFO] McuFinderGlobals:63 - Set McuFinder mode to 2 (CubeIDE integrated)
2025-03-30 13:12:46,442 [INFO] UserAuth:486 - Internet connection configuration mode: 1
2025-03-30 13:12:46,474 [INFO] JxBrowserEngine:152 - Initiate JxBrowser Engine with user profile folder
2025-03-30 13:12:46,657 [INFO] CheckServerUpdateThread:120 - End of CheckServer Thread
2025-03-30 13:12:49,332 [INFO] WebApp:169 - Instantiating new browser for Auth
2025-03-30 13:12:49,776 [WARN] PackLoader:240 - Cannot read IP mode file for STMicroelectronics.FP-SNS-MOTENVWB1.1.4.0
2025-03-30 13:12:49,792 [WARN] PackLoader:240 - Cannot read IP mode file for STMicroelectronics.FP-ATR-ASTRA1.2.0.2
2025-03-30 13:12:49,800 [WARN] PackLoader:240 - Cannot read IP mode file for STMicroelectronics.FP-ATR-ASTRA1.2.0.1
2025-03-30 13:12:49,815 [WARN] PackLoader:240 - Cannot read IP mode file for STMicroelectronics.X-CUBE-SMBUS.2.1.0
2025-03-30 13:12:49,828 [WARN] PackLoader:240 - Cannot read IP mode file for STMicroelectronics.X-CUBE-WB05N.1.1.0
2025-03-30 13:12:49,876 [WARN] PackLoader:240 - Cannot read IP mode file for STMicroelectronics.X-CUBE-AZRTOS-F7.1.1.0
2025-03-30 13:12:49,949 [WARN] PackLoader:240 - Cannot read IP mode file for STMicroelectronics.X-CUBE-MEMS1.11.0.0
2025-03-30 13:12:50,129 [WARN] PackLoader:240 - Cannot read IP mode file for STMicroelectronics.FP-SNS-FLIGHT1.5.0.2
2025-03-30 13:12:50,140 [WARN] PackLoader:240 - Cannot read IP mode file for STMicroelectronics.X-CUBE-DISPLAY.3.0.0
2025-03-30 13:12:50,151 [WARN] PackLoader:240 - Cannot read IP mode file for STMicroelectronics.X-CUBE-BLE1.7.0.0
2025-03-30 13:12:50,159 [WARN] PackLoader:240 - Cannot read IP mode file for STMicroelectronics.X-CUBE-NFC10.1.0.0
2025-03-30 13:12:50,172 [WARN] PackLoader:240 - Cannot read IP mode file for STMicroelectronics.X-CUBE-BLEMGR.4.0.0
2025-03-30 13:12:50,183 [WARN] PackLoader:240 - Cannot read IP mode file for emotas.I-CUBE-CANOPEN.1.3.0
2025-03-30 13:12:50,196 [WARN] PackLoader:240 - Cannot read IP mode file for STMicroelectronics.X-CUBE-BLEMGR.3.1.0
2025-03-30 13:12:50,204 [WARN] PackLoader:240 - Cannot read IP mode file for STMicroelectronics.X-CUBE-AI.10.0.0
2025-03-30 13:12:50,209 [WARN] PackLoader:240 - Cannot read IP mode file for STMicroelectronics.FP-SNS-SMARTAG2.1.2.0
2025-03-30 13:12:50,214 [WARN] PackLoader:240 - Cannot read IP mode file for STMicroelectronics.FP-SNS-FLIGHT1.5.1.0
2025-03-30 13:12:50,274 [WARN] PackLoader:240 - Cannot read IP mode file for STMicroelectronics.X-CUBE-MEMS1.11.1.0
2025-03-30 13:12:50,417 [INFO] LogOutputStream:77 - [STDOUT_REDIRECT] 1 : Invalid condition id : UX_CORESTACK_Condition cause : null
2025-03-30 13:12:50,418 [INFO] LogOutputStream:77 - [STDOUT_REDIRECT] 1 : Invalid condition id : UX_CORESTACK_Condition cause : null
2025-03-30 13:12:50,420 [INFO] LogOutputStream:77 - [STDOUT_REDIRECT] 1 : Invalid condition id : UX_CORESTACK_Condition cause : null
2025-03-30 13:12:50,421 [INFO] LogOutputStream:77 - [STDOUT_REDIRECT] 1 : Invalid condition id : UX_CORESTACK_Condition cause : null
2025-03-30 13:12:50,423 [INFO] LogOutputStream:77 - [STDOUT_REDIRECT] 1 : Invalid condition id : UX_CORESTACK_Condition cause : null
2025-03-30 13:12:50,427 [WARN] PackLoader:240 - Cannot read IP mode file for STMicroelectronics.X-CUBE-AZRTOS-WL.2.0.0
2025-03-30 13:12:50,436 [WARN] PackLoader:240 - Cannot read IP mode file for STMicroelectronics.FP-SNS-MOTENV1.5.0.0
2025-03-30 13:12:50,462 [WARN] PackLoader:240 - Cannot read IP mode file for wolfSSL.I-CUBE-wolfMQTT.1.19.0
2025-03-30 13:12:50,479 [WARN] PackLoader:240 - Cannot read IP mode file for WES.I-CUBE-Cesium.1.3.0
2025-03-30 13:12:50,494 [WARN] PackLoader:240 - Cannot read IP mode file for STMicroelectronics.X-CUBE-BLE2.3.3.0
2025-03-30 13:12:50,510 [WARN] PackLoader:240 - Cannot read IP mode file for STMicroelectronics.X-CUBE-NFC9.1.0.0
2025-03-30 13:12:50,518 [WARN] PackLoader:240 - Cannot read IP mode file for STMicroelectronics.X-CUBE-BLE1.7.1.0
2025-03-30 13:12:50,531 [WARN] PackLoader:240 - Cannot read IP mode file for STMicroelectronics.X-CUBE-TCPP.4.1.0
2025-03-30 13:12:50,576 [WARN] PackLoader:240 - Cannot read IP mode file for STMicroelectronics.X-CUBE-AZRTOS-G0.1.1.0
2025-03-30 13:12:50,591 [WARN] PackLoader:240 - Cannot read IP mode file for STMicroelectronics.X-CUBE-SAFEA1.1.2.2
2025-03-30 13:12:50,678 [WARN] PackLoader:240 - Cannot read IP mode file for STMicroelectronics.X-CUBE-NFC4.3.0.0
2025-03-30 13:12:50,698 [WARN] PackLoader:240 - Cannot read IP mode file for EmbeddedOffice.I-CUBE-FS-RTOS.1.0.1
2025-03-30 13:12:50,706 [WARN] PackLoader:240 - Cannot read IP mode file for STMicroelectronics.X-CUBE-TCPP.4.2.0
2025-03-30 13:12:50,717 [WARN] PackLoader:240 - Cannot read IP mode file for RealThread.X-CUBE-RT-Thread_Nano.4.1.1
2025-03-30 13:12:50,724 [WARN] PackLoader:240 - Cannot read IP mode file for STMicroelectronics.FP-ATR-SIGFOX1.3.2.0
2025-03-30 13:12:50,732 [WARN] PackLoader:240 - Cannot read IP mode file for wolfSSL.I-CUBE-wolfSSL.5.7.2
2025-03-30 13:12:50,740 [WARN] ConditionMgr:438 - getConditionDescription Invalid condition id : Cortex-A Device cause : null
2025-03-30 13:12:50,758 [WARN] ConditionMgr:1044 - genDependencies : Invalid condition id : Cortex-A Device cause : null
2025-03-30 13:12:50,758 [WARN] ConditionMgr:1044 - genDependencies : Invalid condition id : Cortex-A Device cause : null
2025-03-30 13:12:50,758 [WARN] ConditionMgr:1044 - genDependencies : Invalid condition id : Cortex-A Device cause : null
2025-03-30 13:12:50,766 [WARN] PackLoader:240 - Cannot read IP mode file for STMicroelectronics.X-CUBE-EEPRMA1.5.1.0
2025-03-30 13:12:50,772 [INFO] WebApp:463 - Apply proxy settings
2025-03-30 13:12:50,772 [INFO] WebApp:548 - Chromium requires no authentication
2025-03-30 13:12:50,777 [WARN] PackLoader:240 - Cannot read IP mode file for ITTIA_DB.I-CUBE-ITTIADB.8.9.0
2025-03-30 13:12:50,788 [INFO] WebApp:491 - Direct internet connection detected
2025-03-30 13:12:50,811 [WARN] PackLoader:240 - Cannot read IP mode file for SEGGER.I-CUBE-embOS.1.3.1
2025-03-30 13:12:50,843 [INFO] WebApp:894 - Register for checkConnection events
2025-03-30 13:12:50,843 [INFO] WebApp:463 - Apply proxy settings
2025-03-30 13:12:50,843 [INFO] WebApp:548 - Chromium requires no authentication
2025-03-30 13:12:50,844 [INFO] WebApp:491 - Direct internet connection detected
2025-03-30 13:12:50,854 [WARN] PackLoader:240 - Cannot read IP mode file for STMicroelectronics.X-CUBE-ALGOBUILD.1.4.0
2025-03-30 13:12:50,859 [WARN] PackLoader:240 - Cannot read IP mode file for STMicroelectronics.X-CUBE-AI.9.1.0
2025-03-30 13:12:50,877 [WARN] PackLoader:240 - Cannot read IP mode file for STMicroelectronics.X-CUBE-AZRTOS-F4.1.1.0
2025-03-30 13:12:50,885 [WARN] PackLoader:240 - Cannot read IP mode file for STMicroelectronics.X-CUBE-ISPU.2.1.0
2025-03-30 13:12:50,893 [WARN] PackLoader:240 - Cannot read IP mode file for STMicroelectronics.X-CUBE-FREERTOS.1.2.0
2025-03-30 13:12:50,919 [WARN] PackLoader:240 - Cannot read IP mode file for STMicroelectronics.X-CUBE-AZRTOS-L5.2.0.0
2025-03-30 13:12:50,928 [WARN] PackLoader:240 - Cannot read IP mode file for STMicroelectronics.X-CUBE-NFC6.3.1.0
2025-03-30 13:12:50,936 [WARN] PackLoader:240 - Cannot read IP mode file for STMicroelectronics.X-CUBE-DPower.1.2.0
2025-03-30 13:12:50,941 [WARN] PackLoader:240 - Cannot read IP mode file for STMicroelectronics.X-CUBE-FREERTOS.1.3.0
2025-03-30 13:12:50,947 [WARN] PackLoader:240 - Cannot read IP mode file for STMicroelectronics.X-CUBE-NFC7.1.0.1
2025-03-30 13:12:50,953 [WARN] PackLoader:240 - Cannot read IP mode file for STMicroelectronics.X-CUBE-DPower.1.3.0
2025-03-30 13:12:50,987 [WARN] ConditionMgr:438 - getConditionDescription Invalid condition id : LAN8742 Phy interface Condition cause : null
2025-03-30 13:12:50,988 [WARN] PackLoader:240 - Cannot read IP mode file for STMicroelectronics.X-CUBE-AZRTOS-L4.2.0.0
2025-03-30 13:12:50,989 [WARN] ConditionMgr:1044 - genDependencies : Invalid condition id : LAN8742 Phy interface Condition cause : null
2025-03-30 13:12:50,990 [WARN] ConditionMgr:1044 - genDependencies : Invalid condition id : LAN8742 Phy interface Condition cause : null
2025-03-30 13:12:50,990 [WARN] ConditionMgr:1044 - genDependencies : Invalid condition id : LAN8742 Phy interface Condition cause : null
2025-03-30 13:12:51,000 [WARN] PackLoader:240 - Cannot read IP mode file for STMicroelectronics.X-CUBE-SFXS2LP1.4.0.0
2025-03-30 13:12:51,043 [WARN] PackLoader:240 - Cannot read IP mode file for STMicroelectronics.X-CUBE-AZRTOS-H7.3.3.0
2025-03-30 13:12:51,057 [WARN] PackLoader:240 - Cannot read IP mode file for STMicroelectronics.X-CUBE-IPS.3.0.0
2025-03-30 13:12:51,073 [WARN] ConditionMgr:438 - getConditionDescription Invalid condition id : UX DEVICE CLASS RTOS Condition cause : null
2025-03-30 13:12:51,074 [WARN] ConditionMgr:438 - getConditionDescription Invalid condition id : UX DEVICE CLASS RTOS Condition cause : null
2025-03-30 13:12:51,075 [WARN] PackLoader:240 - Cannot read IP mode file for STMicroelectronics.X-CUBE-AZRTOS-WB.2.0.0
2025-03-30 13:12:51,077 [WARN] ConditionMgr:1044 - genDependencies : Invalid condition id : UX DEVICE CLASS RTOS Condition cause : null
2025-03-30 13:12:51,077 [WARN] ConditionMgr:1044 - genDependencies : Invalid condition id : UX DEVICE CLASS RTOS Condition cause : null
2025-03-30 13:12:51,078 [WARN] ConditionMgr:1044 - genDependencies : Invalid condition id : UX DEVICE CLASS RTOS Condition cause : null
2025-03-30 13:12:51,078 [WARN] ConditionMgr:1044 - genDependencies : Invalid condition id : UX DEVICE CLASS RTOS Condition cause : null
2025-03-30 13:12:51,078 [WARN] ConditionMgr:1044 - genDependencies : Invalid condition id : UX DEVICE CLASS RTOS Condition cause : null
2025-03-30 13:12:51,088 [WARN] PackLoader:240 - Cannot read IP mode file for STMicroelectronics.X-CUBE-GNSS1.7.0.0
2025-03-30 13:12:51,094 [WARN] PackLoader:240 - Cannot read IP mode file for STMicroelectronics.X-CUBE-GNSS1.7.0.1
2025-03-30 13:12:51,104 [WARN] PackLoader:240 - Cannot read IP mode file for STMicroelectronics.X-CUBE-TOUCHGFX.4.25.0
2025-03-30 13:12:51,111 [WARN] PackLoader:240 - Cannot read IP mode file for STMicroelectronics.FP-SNS-STBOX1.2.0.0
2025-03-30 13:12:51,125 [WARN] PackLoader:240 - Cannot read IP mode file for STMicroelectronics.X-CUBE-SUBG2.5.0.0
2025-03-30 13:12:51,148 [WARN] PackLoader:240 - Cannot read IP mode file for STMicroelectronics.X-CUBE-AZRTOS-H7RS.1.1.0
2025-03-30 13:12:51,157 [WARN] PackLoader:240 - Cannot read IP mode file for Cesanta.I-CUBE-Mongoose.7.13.0
2025-03-30 13:12:51,176 [WARN] PackLoader:240 - Cannot read IP mode file for STMicroelectronics.X-CUBE-AZRTOS-G4.2.0.0
2025-03-30 13:12:51,189 [WARN] PackLoader:240 - Cannot read IP mode file for STMicroelectronics.X-CUBE-IPS.3.1.0
2025-03-30 13:12:51,207 [WARN] PackLoader:240 - Cannot read IP mode file for STMicroelectronics.X-CUBE-ALS.1.0.2
2025-03-30 13:12:51,213 [WARN] PackLoader:240 - Cannot read IP mode file for STMicroelectronics.X-CUBE-TOUCHGFX.4.24.1
2025-03-30 13:12:51,218 [WARN] PackLoader:240 - Cannot read IP mode file for wolfSSL.I-CUBE-wolfTPM.3.4.0
2025-03-30 13:12:51,224 [WARN] PackLoader:240 - Cannot read IP mode file for portGmbH.I-Cube-SoM-uGOAL.1.1.0
2025-03-30 13:12:51,243 [WARN] PackLoader:240 - Cannot read IP mode file for STMicroelectronics.X-CUBE-AZRTOS-H7RS.1.0.0
2025-03-30 13:12:51,249 [WARN] PackLoader:240 - Cannot read IP mode file for STMicroelectronics.FP-ATR-ASTRA1.2.0.0
2025-03-30 13:12:51,261 [WARN] PackLoader:240 - Cannot read IP mode file for STMicroelectronics.X-CUBE-TOF1.3.4.2
2025-03-30 13:12:51,281 [INFO] WebApp:191 - Connection restablished
2025-03-30 13:12:51,288 [WARN] PackLoader:240 - Cannot read IP mode file for Infineon.AIROC-Wi-Fi-Bluetooth-STM32.1.6.1
2025-03-30 13:12:51,297 [WARN] PackLoader:240 - Cannot read IP mode file for wolfSSL.I-CUBE-wolfSSH.1.4.17
2025-03-30 13:12:51,298 [INFO] ThirdParty:978 - Integrity check success = true
2025-03-30 13:12:51,298 [INFO] IntegrityCheckThread:100 - exiting critical section [integrity check]
2025-03-30 13:12:51,298 [INFO] IntegrityCheckThread:103 - End integrity checks thread
2025-03-30 13:12:51,300 [INFO] WebApp:225 - Starting web application
2025-03-30 13:12:51,300 [INFO] WebApp:593 - Web application path used C:\ST\STM32CubeIDE_1.16.1\STM32CubeIDE\plugins\com.st.stm32cube.common.mx_6.14.0.202502271554\db\plugins\mcufinder\reactClient1\index.html
2025-03-30 13:12:51,705 [INFO] UserAuth:486 - Internet connection configuration mode: 1
2025-03-30 14:02:42,736 [ERROR] LogOutputStream:75 - [STDERR_REDIRECT] 
