21:45:06 **** Incremental Build of configuration Debug for project RTOS_BASIC_1 ****
make -j8 all 
arm-none-eabi-gcc "../Core/Src/main.c" -mcpu=cortex-m3 -std=gnu11 -g3 -DDEBUG -DUSE_HAL_DRIVER -DSTM32F103xB -c -I../Core/Inc -I../Drivers/STM32F1xx_HAL_Driver/Inc/Legacy -I../Drivers/STM32F1xx_HAL_Driver/Inc -I../Drivers/CMSIS/Device/ST/STM32F1xx/Include -I../Drivers/CMSIS/Include -I../Middlewares/Third_Party/FreeRTOS/Source/include -I../Middlewares/Third_Party/FreeRTOS/Source/CMSIS_RTOS -I../Middlewares/Third_Party/FreeRTOS/Source/portable/GCC/ARM_CM3 -O0 -ffunction-sections -fdata-sections -Wall -fstack-usage -fcyclomatic-complexity -MMD -MP -MF"Core/Src/main.d" -MT"Core/Src/main.o" --specs=nano.specs -mfloat-abi=soft -mthumb -o "Core/Src/main.o"
arm-none-eabi-gcc -o "RTOS_BASIC_1.elf" @"objects.list"   -mcpu=cortex-m3 -T"E:\PROGRAMMING\Embedded_STM32\Blue_bill\RTOS_BASIC_1\STM32F103C8TX_FLASH.ld" --specs=nosys.specs -Wl,-Map="RTOS_BASIC_1.map" -Wl,--gc-sections -static --specs=nano.specs -mfloat-abi=soft -mthumb -Wl,--start-group -lc -lm -Wl,--end-group
Finished building target: RTOS_BASIC_1.elf
 
arm-none-eabi-size  RTOS_BASIC_1.elf 
arm-none-eabi-objdump -h -S RTOS_BASIC_1.elf  > "RTOS_BASIC_1.list"
   text	   data	    bss	    dec	    hex	filename
  15812	    108	   6148	  22068	   5634	RTOS_BASIC_1.elf
Finished building: default.size.stdout
 
Finished building: RTOS_BASIC_1.list
 

21:45:07 Build Finished. 0 errors, 0 warnings. (took 1s.795ms)

