14:00:52 **** Incremental Build of configuration Debug for project Can_loopback ****
make -j8 all 
arm-none-eabi-gcc "../Core/Src/main.c" -mcpu=cortex-m3 -std=gnu11 -g3 -DDEBUG -DUSE_HAL_DRIVER -DSTM32F103xB -c -I../Core/Inc -I../Drivers/STM32F1xx_HAL_Driver/Inc/Legacy -I../Drivers/STM32F1xx_HAL_Driver/Inc -I../Drivers/CMSIS/Device/ST/STM32F1xx/Include -I../Drivers/CMSIS/Include -O0 -ffunction-sections -fdata-sections -Wall -fstack-usage -fcyclomatic-complexity -MMD -MP -MF"Core/Src/main.d" -MT"Core/Src/main.o" --specs=nano.specs -mfloat-abi=soft -mthumb -o "Core/Src/main.o"
arm-none-eabi-gcc -o "Can_loopback.elf" @"objects.list"   -mcpu=cortex-m3 -T"E:\PROGRAMMING\Embedded_STM32\Blue_bill\Can_loopback\STM32F103C8TX_FLASH.ld" --specs=nosys.specs -Wl,-Map="Can_loopback.map" -Wl,--gc-sections -static --specs=nano.specs -mfloat-abi=soft -mthumb -Wl,--start-group -lc -lm -Wl,--end-group
Finished building target: Can_loopback.elf
 
arm-none-eabi-size  Can_loopback.elf 
arm-none-eabi-objdump -h -S Can_loopback.elf  > "Can_loopback.list"
   text	   data	    bss	    dec	    hex	filename
   8348	     12	   1692	  10052	   2744	Can_loopback.elf
Finished building: default.size.stdout
 
Finished building: Can_loopback.list
 
14:00:55 **** Incremental Build of configuration Debug for project Can_loopback ****
make -j8 all 
arm-none-eabi-size  Can_loopback.elf 
   text	   data	    bss	    dec	    hex	filename
   8348	     12	   1692	  10052	   2744	Can_loopback.elf
Finished building: default.size.stdout
 
